06-28 14:53:11.789 D/WindowManager( 2100): Collecting in transition 44254: ActivityRecord{235684710 u0 com.anubis/.loader.proxy.ProxyActivity$P0 t10234} init visibleRequested:false dc:Display{#0 state=ON size=1220x2712 ROTATION_0}
06-28 14:53:11.790 I/ActivityTaskManager( 2100): START u0 {flg=0x18080000 xflg=0x4 cmp=com.anubis/.loader.proxy.ProxyActivity$P0 (has extras)} with LAUNCH_MULTIPLE from uid 11946 from pid 14196 callingPackage com.anubis (BAL_ALLOW_VISIBLE_WINDOW) result code=0
06-28 14:53:11.790 I/Perf[AppStartScene]( 2100): onSceneChangeNotify:Bundle[{renderThreadId=0, applicationThread=android.os.BinderProxy@defe7e, pid=15019, uid=11946, name=com.anubis.loader.proxy.ProxyActivity$P0, type=1, begin=true, state=1, processName=com.anubis, packageName=com.anubis, homeApp=false, appSwitch=true}]
06-28 14:53:11.791 I/SoScStageCoordinator(22177): Transition requested:TransitionRequestInfo { type = OPEN, triggerTask = TaskInfo{userId=0 taskId=10234 effectiveUid=11946 displayId=0 isRunning=true baseIntent=Intent { flg=0x18080000 cmp=com.anubis/.loader.proxy.ProxyActivity$P0 } baseActivity=ComponentInfo{com.anubis/com.anubis.loader.proxy.ProxyActivity$P0} topActivity=ComponentInfo{com.anubis/com.anubis.loader.proxy.ProxyActivity$P0} origActivity=null realActivity=ComponentInfo{com.anubis/com.anubis.loader.proxy.ProxyActivity$P0} numActivities=1 lastActiveTime=1280919363 supportsSplitScreenMultiWindow=true mSoScDisplayMode=-1 supportsMultiWindow=true resizeMode=1 isResizeable=true minWidth=-1 minHeight=-1 defaultMinSize=200 token=WCT{android.window.IWindowContainerToken$Stub$Proxy@6e6a635} topActivityType=1 pictureInPictureParams=null shouldDockBigOverlays=false launchIntoPipHostTaskId=-1 lastParentTaskIdBeforePip=-1 displayCutoutSafeInsets=Rect(0, 120 - 0, 0) topActivityInfo=ActivityInfo{8d71aca com.anubis.loader.proxy.ProxyActivity$P0} launchCookies=[] positionInParent=Point(0, 0) parentTaskId=-1 isFocused=false isVisible=false isVisibleRequested=false isTopActivityNoDisplay=false isSleeping=false locusId=null displayAreaFeatureId=1 isTopActivityTransparent=false isActivityStackTransparent=false lastNonFullscreenBounds=Rect(318, 782 - 903, 2002) capturedLink=null capturedLinkTimestamp=0 requestedVisibleTypes=-9 topActivityRequestOpenInBrowserEducationTimestamp=0 appCompatTaskInfo=AppCompatTaskInfo { topActivityInSizeCompat=false eligibleForLetterboxEducation= false topActivityInMiuiSizeCompat=false isLetterboxEducationEnabled= false isLetterboxDoubleTapEnabled= false eligibleForUserAspectRatioButton= false topActivityBoundsLetterboxed= false isFromLetterboxDoubleTap= false topActivityLetterboxVerticalPosition= -1 topActivityLetterboxHorizontalPosition= -1 topActivityLetterboxWidth=-1 topActivityLetterboxHeight=-1 topActivityAppBounds=Rect(0, 120 - 1220, 2664) isUserFullscreenOverrideEnabled=false isSystemFullscreenOverrideEnabled=false hasMinAspectRatioOverride=false topActivityLetterboxBounds=null cameraCompatTaskInfo=CameraCompatTaskInfo { freeformCameraCompatMode=inactive}} isImmersive=false mTopActivityRequestOrientation=-2 mStatusBarParent=null mNavBarParent=null mBehindAppLockPkg=null mOriginatingUid=0 isEmbedded=false shouldBeVisible=true isCreatedByOrganizer=false mIsCastMode=false mTopActivityMediaSize=null mTopActivityRecordName=ActivityRecord{235684710 u0 com.anubis/.loader.proxy.ProxyActivity$P0 t10234} mTopActivityOrientation=-2 topActivityMainWindowFrame=null}, pipChange = null, remoteTransition = null, displayChange = null, flags = 0, debugId = 44254 } isSoScActive:false triggerTask:TaskInfo{userId=0 taskId=10234 effectiveUid=11946 displayId=0 isRunning=true baseIntent=Intent { flg=0x18080000 cmp=com.anubis/.loader.proxy.ProxyActivity$P0 } baseActivity=ComponentInfo{com.anubis/com.anubis.loader.proxy.ProxyActivity$P0} topActivity=ComponentInfo{com.anubis/com.anubis.loader.proxy.ProxyActivity$P0} origActivity=null realActivity=ComponentInfo{com.anubis/com.anubis.loader.proxy.ProxyActivity$P0} numActivities=1 lastActiveTime=1280919363 supportsSplitScreenMultiWindow=true mSoScDisplayMode=-1 supportsMultiWindow=true resizeMode=1 isResizeable=true minWidth=-1 minHeight=-1 defaultMinSize=200 token=WCT{android.window.IWindowContainerToken$Stub$Proxy@6e6a635} topActivityType=1 pictureInPictureParams=null shouldDockBigOverlays=false launchIntoPipHostTaskId=-1 lastParentTaskIdBeforePip=-1 displayCutoutSafeInsets=Rect(0, 120 - 0, 0) topActivityInfo=ActivityInfo{8d71aca com.anubis.loader.proxy.ProxyActivity$P0} launchCookies=[] positionInParent=Point(0, 0) parentTaskId=-1 isFocused=false isVisible=false isVisibleRequested=false isTopActivityNoDisplay=false isSleeping=false locusId=null displayAreaFeatureId=1 isTopActivityTransparent=false isActivityStackTransparent=false lastNonFullscreenBounds=Rect(318, 782 - 903, 2002) capturedLink=null capturedLinkTimestamp=0 requestedVisibleTypes=-9 topActivityRequestOpenInB
06-28 14:53:11.792 D/WindowManager( 2100):    ChangeInfo{b80c8b5 container=Task{9fb1754 #10234 type=standard I=com.anubis/.loader.proxy.ProxyActivity$P0} flags=0x0}
06-28 14:53:11.792 D/WindowManager( 2100):    ChangeInfo{3facb4a container=ActivityRecord{235684710 u0 com.anubis/.loader.proxy.ProxyActivity$P0 t10234} flags=0x0}
06-28 14:53:11.792 D/WindowManager( 2100): Collecting in transition 44254: ActivityRecord{235684710 u0 com.anubis/.loader.proxy.ProxyActivity$P0 t10234} init visibleRequested:false dc:Display{#0 state=ON size=1220x2712 ROTATION_0}
06-28 14:53:11.793 D/BarFollowAnimation( 2100): onTaskInfoChanedForCaptionBar Task{9fb1754 #10234 type=standard I=com.anubis/.loader.proxy.ProxyActivity$P0} shouldbeVisible:true isVisible:false isOnTop:true windowMode:1 mCaptionAssociatedTask:null mIsTouchedInCaption:false
06-28 14:53:11.793 D/WindowManager( 2100): Collecting in transition 44254: ActivityRecord{235684710 u0 com.anubis/.loader.proxy.ProxyActivity$P0 t10234} init visibleRequested:true dc:Display{#0 state=ON size=1220x2712 ROTATION_0}
06-28 14:53:11.794 D/BarFollowAnimation( 2100): onTaskInfoChanedForCaptionBar Task{9fb1754 #10234 type=standard I=com.anubis/.loader.proxy.ProxyActivity$P0} shouldbeVisible:true isVisible:false isOnTop:true windowMode:1 mCaptionAssociatedTask:null mIsTouchedInCaption:false
06-28 14:53:11.794 D/BarFollowAnimation( 2100): isAppTaskBarOnTop win:Window{54ed5ed u0 com.anubis/com.anubis.loader.app.LauncherActivity} (mCurrentTopTask:Task{9fb1754 #10234 type=standard I=com.anubis/.loader.proxy.ProxyActivity$P0} : true); (mAssociatedTask:Task{c0ae754 #10233 type=standard A=11946:com.anubis} : false); (mHomeTask:Task{d7c7124 #6195 type=home} : false); mReparentToOriginParent:false mLastAppBarVisible:true mLastHomeBarVisible:false
06-28 14:53:11.795 I/PowerHalWrapper( 2100): amsBoostNotify pid:15019,activity:com.anubis.loader.proxy.ProxyActivity$P0, package:com.anubis, mProcessCreatePackcom.android.vpndialogs 
06-28 14:53:11.795 I/ScnModule( 2100): [GameDetection] nativeLibs1/1:: com.anubis:: [libartpalette.so, libguestloginhook.so] 
06-28 14:53:11.795 I/mtkpower_client( 2100): [PowerHal_Wrap_notifyAppState] com.anubis/com.anubis.loader.proxy.ProxyActivity$P0 pid=15019 activityId:235684710 state:1
06-28 14:53:11.796 I/vendor.mediatek.hardware.mtkpower_applist-service.mediatek( 1383): packName: com.anubis actName: com.anubis.loader.proxy.ProxyActivity$P0 pid: 15019 uid: 11946 state: 1
06-28 14:53:11.796 I/MTK_APPList( 1383): [notifyAPPstate] com.anubis/com.anubis.loader.proxy.ProxyActivity$P0, pid=15019, uid=11946, state:RESUMED, fps:120, win:1
06-28 14:53:11.796 I/MTK_APPList( 1383): [notifyAPPstate] multi_resumed_app_info[1] com.blazehealth.tracker/com.anubis.loader.proxy.ProxyActivity$P11, pid:30293, fps:-1, isMultiWindow:1
06-28 14:53:11.796 I/MTK_APPList( 1383): [notifyAPPstate] multi_resumed_app_info[2] com.blazehealth.tracker/com.anubis.loader.proxy.ProxyActivity$P9, pid:3291, fps:120, isMultiWindow:1
06-28 14:53:11.796 I/MTK_APPList( 1383): [notifyAPPstate] multi_resumed_app_info[3] com.blazehealth.tracker/com.anubis.loader.proxy.ProxyActivity$P16, pid:4637, fps:120, isMultiWindow:1
06-28 14:53:11.796 I/MTK_APPList( 1383): [notifyAPPstate] multi_resumed_app_info[4] com.blazehealth.tracker/com.anubis.loader.proxy.ProxyActivity$P10, pid:11056, fps:120, isMultiWindow:1
06-28 14:53:11.796 I/MTK_APPList( 1383): [notifyAPPstate] multi_resumed_app_info[5] com.blazehealth.tracker/com.anubis.loader.proxy.ProxyActivity$P5, pid:28100, fps:120, isMultiWindow:1
06-28 14:53:11.796 I/MTK_APPList( 1383): [notifyAPPstate] multi_resumed_app_info[22] com.android.media.module.loader/top.niunaijun.blackbox.proxy.ProxyActivity$P4, pid:15601, fps:-1, isMultiWindow:1
06-28 14:53:11.796 I/MTK_APPList( 1383): [notifyAPPstate] multi_resumed_app_info[24] com.anubis/com.anubis.loader.proxy.ProxyActivity$P2, pid:9423, fps:120, isMultiWindow:1
06-28 14:53:11.796 I/MTK_APPList( 1383): [notifyAPPstate] multi_resumed_app_info[27] com.anubis/com.anubis.loader.proxy.ProxyActivity$P4, pid:24081, fps:-1, isMultiWindow:1
06-28 14:53:11.796 I/MTK_APPList( 1383): [notifyAPPstate] multi_resumed_app_info[28] com.anubis/com.anubis.loader.proxy.ProxyActivity$P0, pid:15019, fps:120, isMultiWindow:1
06-28 14:53:11.797 D/WindowManager( 2100):    ChangeInfo{b80c8b5 container=Task{9fb1754 #10234 type=standard I=com.anubis/.loader.proxy.ProxyActivity$P0} flags=0x0}
06-28 14:53:11.797 D/WindowManager( 2100):    ChangeInfo{3facb4a container=ActivityRecord{235684710 u0 com.anubis/.loader.proxy.ProxyActivity$P0 t10234} flags=0x0}
06-28 14:53:11.797 I/MTK_APPList( 1383): [notifyAPPstate] act com.anubis.loader.app.LauncherActivity => com.anubis.loader.proxy.ProxyActivity$P0
06-28 14:53:11.798 D/BarFollowAnimation( 2100): isAppTaskBarOnTop win:Window{54ed5ed u0 com.anubis/com.anubis.loader.app.LauncherActivity} (mCurrentTopTask:Task{9fb1754 #10234 type=standard I=com.anubis/.loader.proxy.ProxyActivity$P0} : true); (mAssociatedTask:Task{c0ae754 #10233 type=standard A=11946:com.anubis} : false); (mHomeTask:Task{d7c7124 #6195 type=home} : false); mReparentToOriginParent:false mLastAppBarVisible:true mLastHomeBarVisible:false
06-28 14:53:11.799 I/BLASTSyncEngine( 2100): SyncGroup 44254:  Unfinished container:ActivityRecord{235684710 u0 com.anubis/.loader.proxy.ProxyActivity$P0 t10234}
06-28 14:53:11.799 I/BLASTSyncEngine( 2100): isActivitySyncFinished isSyncFinished false ActivityRecord{235684710 u0 com.anubis/.loader.proxy.ProxyActivity$P0 t10234}
06-28 14:53:11.801 E/TransitionChain( 2100):    ChangeInfo{b80c8b5 container=Task{9fb1754 #10234 type=standard I=com.anubis/.loader.proxy.ProxyActivity$P0} flags=0x0}
06-28 14:53:11.801 E/TransitionChain( 2100):    ChangeInfo{3facb4a container=ActivityRecord{235684710 u0 com.anubis/.loader.proxy.ProxyActivity$P0 t10234} flags=0x0}
06-28 14:53:11.801 E/TransitionChain( 2100):    ChangeInfo{b80c8b5 container=Task{9fb1754 #10234 type=standard I=com.anubis/.loader.proxy.ProxyActivity$P0} flags=0x0}
06-28 14:53:11.801 E/TransitionChain( 2100):    ChangeInfo{3facb4a container=ActivityRecord{235684710 u0 com.anubis/.loader.proxy.ProxyActivity$P0 t10234} flags=0x0}
06-28 14:53:11.815 E/ActivityManagerWrapper( 1281):  mainTaskId=10234   userId=0   windowMode=1   isExcludedFromRecents=false   baseIntent=Intent { act=null flag=403177472 cmp=ComponentInfo{com.anubis/com.anubis.loader.proxy.ProxyActivity$P0} }
06-28 14:53:11.816 D/RecentsTaskLoader( 1281): reloadTasksData [TaskKey{id=10234, stackId=0, baseIntent=Intent { flg=0x18080000 cmp=com.anubis/.loader.proxy.ProxyActivity$P0 }, userId=0, lastActiveTime=1280919368, windowingMode=1, isThumbnailBlur=false, isAccessLocked=false, isScreening=false, topActivity=ComponentInfo{com.anubis/com.anubis.loader.proxy.ProxyActivity$P0}, mHashCode=305804646}, title=Anubis, titleDescription=Anubis, bounds=null, isLaunchTarget=false, isStackTask=true, isSystemApp=false, isDockable=true, baseActivity=ComponentInfo{com.anubis/com.anubis.loader.proxy.ProxyActivity$P0}, isLocked=false, mNeedHide=false, hasMultipleTasks=false, cti1Key=, cti2Key=] 
06-28 14:53:11.816 D/KeyguardEditorHelper(22177): onTopActivityMayChanged, topActivity=ComponentInfo{com.anubis/com.anubis.loader.proxy.ProxyActivity$P0}; mState=IDEL
06-28 14:53:11.819 I/com.anubis:p0(15019): AssetManager2(0x73e2838838) locale list changing from [] to [en-IN]
06-28 14:53:11.822 D/nativeloader(15019): Load /data/app/~~HA3Q2eYdpLcUQoIQ5BcZWg==/com.anubis-4XlxoTf3pbTv3djzBD7glw==/lib/arm64/libartpalette.so using class loader ns clns-10 (caller=/data/app/~~HA3Q2eYdpLcUQoIQ5BcZWg==/com.anubis-4XlxoTf3pbTv3djzBD7glw==/base.apk!classes2.dex): ok
06-28 14:53:11.829 E/StorageManagerService( 2100): Path /data/user/0/com.anubis/files/.vfs/storage/emulated/0/Android/data/com.anubis/cache is not a valid application-specific directory
06-28 14:53:11.863 E/StorageManagerService( 2100): Path /data/user/0/com.anubis/files/.vfs/storage/emulated/0/Android/data/com.anubis/cache is not a valid application-specific directory
06-28 14:53:11.905 E/ActivityManagerWrapper( 1281):  mainTaskId=10234   userId=0   windowMode=1   isExcludedFromRecents=false   baseIntent=Intent { act=null flag=403177472 cmp=ComponentInfo{com.anubis/com.anubis.loader.proxy.ProxyActivity$P0} }
06-28 14:53:11.905 W/com.anubis:p0(15019): Loading /data/dalvik-cache/arm64/data@app@~~x7hjVENJcwJnCqui9LPJoA==@com.miraclegames.farlight84-7aYi-5YB_5aCDNH4ttDPbQ==@base.apk@classes.dex non-executable as it requires an image which we failed to load
06-28 14:53:11.906 D/RecentsTaskLoader( 1281): reloadTasksData [TaskKey{id=10234, stackId=0, baseIntent=Intent { flg=0x18080000 cmp=com.anubis/.loader.proxy.ProxyActivity$P0 }, userId=0, lastActiveTime=1280919368, windowingMode=1, isThumbnailBlur=false, isAccessLocked=false, isScreening=false, topActivity=ComponentInfo{com.anubis/com.anubis.loader.proxy.ProxyActivity$P0}, mHashCode=305804646}, title=Anubis, titleDescription=Anubis, bounds=null, isLaunchTarget=false, isStackTask=true, isSystemApp=false, isDockable=true, baseActivity=ComponentInfo{com.anubis/com.anubis.loader.proxy.ProxyActivity$P0}, isLocked=false, mNeedHide=false, hasMultipleTasks=false, cti1Key=, cti2Key=] 
06-28 14:53:11.907 W/com.anubis:p0(15019): Failed to find entry 'classes.dex': Entry not found
06-28 14:53:11.908 D/nativeloader(15019): Configuring clns-11 for other apk /data/app/~~x7hjVENJcwJnCqui9LPJoA==/com.miraclegames.farlight84-7aYi-5YB_5aCDNH4ttDPbQ==/base.apk:/data/app/~~x7hjVENJcwJnCqui9LPJoA==/com.miraclegames.farlight84-7aYi-5YB_5aCDNH4ttDPbQ==/split_obbassets.apk. target_sdk_version=35, uses_libraries=, library_path=/data/app/~~x7hjVENJcwJnCqui9LPJoA==/com.miraclegames.farlight84-7aYi-5YB_5aCDNH4ttDPbQ==/lib/arm64:/data/app/~~x7hjVENJcwJnCqui9LPJoA==/com.miraclegames.farlight84-7aYi-5YB_5aCDNH4ttDPbQ==/base.apk!/lib/arm64-v8a:/data/app/~~x7hjVENJcwJnCqui9LPJoA==/com.miraclegames.farlight84-7aYi-5YB_5aCDNH4ttDPbQ==/split_obbassets.apk!/lib/arm64-v8a, permitted_path=/data:/mnt/expand:/data/user/0/com.anubis/files/.vfs/data/user/0/com.miraclegames.farlight84
06-28 14:53:11.917 W/com.anubis:p0(15019): Unsupported class loader: java.lang.Class<com.anubis.loader.utils.PathClassLoaderExt>
06-28 14:53:11.920 D/BarFollowAnimation( 2100): isAppTaskBarOnTop win:Window{54ed5ed u0 com.anubis/com.anubis.loader.app.LauncherActivity} (mCurrentTopTask:Task{9fb1754 #10234 type=standard I=com.anubis/.loader.proxy.ProxyActivity$P0} : true); (mAssociatedTask:Task{c0ae754 #10233 type=standard A=11946:com.anubis} : false); (mHomeTask:Task{d7c7124 #6195 type=home} : false); mReparentToOriginParent:false mLastAppBarVisible:true mLastHomeBarVisible:false
06-28 14:53:11.920 I/BLASTSyncEngine( 2100): SyncGroup 44254:  Unfinished container:ActivityRecord{235684710 u0 com.anubis/.loader.proxy.ProxyActivity$P0 t10234}
06-28 14:53:11.920 I/BLASTSyncEngine( 2100): isActivitySyncFinished isSyncFinished false ActivityRecord{235684710 u0 com.anubis/.loader.proxy.ProxyActivity$P0 t10234}
06-28 14:53:12.134 W/com.anubis:p0(15019): Unsupported class loader: java.lang.Class<com.anubis.loader.utils.PathClassLoaderExt>
06-28 14:53:12.134 W/com.anubis:p0(15019): Failed to find entry 'classes.dex': Entry not found
06-28 14:53:12.135 W/com.anubis:p0(15019): Unsupported class loader: java.lang.Class<com.anubis.loader.utils.PathClassLoaderExt>
06-28 14:53:12.146 D/WindowManager( 2100):    ChangeInfo{b80c8b5 container=Task{9fb1754 #10234 type=standard I=com.anubis/.loader.proxy.ProxyActivity$P0} flags=0x0}
06-28 14:53:12.146 D/WindowManager( 2100):    ChangeInfo{3facb4a container=ActivityRecord{235684710 u0 com.anubis/.loader.proxy.ProxyActivity$P0 t10234} flags=0x0}
06-28 14:53:12.147 D/WindowManager( 2100):    ChangeInfo{b80c8b5 container=Task{9fb1754 #10234 type=standard I=com.anubis/.loader.proxy.ProxyActivity$P0} flags=0x0}
06-28 14:53:12.147 D/WindowManager( 2100):    ChangeInfo{3facb4a container=ActivityRecord{235684710 u0 com.anubis/.loader.proxy.ProxyActivity$P0 t10234} flags=0x0}
06-28 14:53:12.358 I/com.anubis:p0(15019): AssetManager2(0x73e28368f8) locale list changing from [] to [en-IN]
06-28 14:53:12.360 I/com.anubis:p0(15019): AssetManager2(0x73e283aa98) locale list changing from [] to [en-IN]
06-28 14:53:12.361 I/com.anubis:p0(15019): AssetManager2(0x73e2834058) locale list changing from [] to [en-IN]
06-28 14:53:12.362 I/com.anubis:p0(15019): AssetManager2(0x73e283a138) locale list changing from [] to [en-IN]
06-28 14:53:12.365 W/com.anubis:p0(15019): Loading /data/app/~~fPhBuidhMnxnHhgSPfzjzw==/com.google.android.webview-8aoL_QZh63F0VLs49_s4RA==/oat/arm64/base.odex non-executable as it requires an image which we failed to load
06-28 14:53:12.367 D/nativeloader(15019): Configuring clns-12 for other apk /data/app/~~fPhBuidhMnxnHhgSPfzjzw==/com.google.android.webview-8aoL_QZh63F0VLs49_s4RA==/base.apk. target_sdk_version=36, uses_libraries=, library_path=/data/app/~~fPhBuidhMnxnHhgSPfzjzw==/com.google.android.webview-8aoL_QZh63F0VLs49_s4RA==/lib/arm64:/data/app/~~fPhBuidhMnxnHhgSPfzjzw==/com.google.android.webview-8aoL_QZh63F0VLs49_s4RA==/base.apk!/lib/arm64-v8a, permitted_path=/data:/mnt/expand
06-28 14:53:12.367 W/PackageManager( 2100): Invalid dex load report. loadingPackageName=com.miraclegames.farlight84, uid=11946
06-28 14:53:12.394 I/com.anubis:p0(15019): AssetManager2(0x73e283b0d8) locale list changing from [] to [en-IN]
06-28 14:53:12.408 D/com.anubis:p0(15019): blurUtils, initBackgroundBlurMinInterval processName(com.miraclegames.farlight84), inWhiteLists(0)
06-28 14:53:12.442 I/com.anubis:p0(15019): AssetManager2(0x73e2835318) locale list changing from [] to [en-IN]
06-28 14:53:12.544 D/nativeloader(15019): Configuring clns-13 for other apk /system_ext/framework/com.android.extensions.appfunctions.jar. target_sdk_version=37, uses_libraries=ALL, library_path=/data/app/~~7KRia6Q8YoWjcx7687WLDw==/com.google.android.gms-_lLsUCfGxZ6INzuzf1SBew==/lib/arm64:/data/app/~~7KRia6Q8YoWjcx7687WLDw==/com.google.android.gms-_lLsUCfGxZ6INzuzf1SBew==/base.apk!/lib/arm64-v8a, permitted_path=/data:/mnt/expand:/data/user/0/com.google.android.gms
06-28 14:53:12.544 I/ActivityManager( 2100): Posting procStart msg for 0:com.anubis:p1/u0a1946
06-28 14:53:12.544 W/PackageManager( 2100): Invalid dex load report. loadingPackageName=com.miraclegames.farlight84, uid=11946
06-28 14:53:12.558 D/nativeloader(15019): Configuring clns-14 for other apk /data/app/~~7KRia6Q8YoWjcx7687WLDw==/com.google.android.gms-_lLsUCfGxZ6INzuzf1SBew==/base.apk. target_sdk_version=37, uses_libraries=, library_path=/data/app/~~7KRia6Q8YoWjcx7687WLDw==/com.google.android.gms-_lLsUCfGxZ6INzuzf1SBew==/lib/arm64:/data/app/~~7KRia6Q8YoWjcx7687WLDw==/com.google.android.gms-_lLsUCfGxZ6INzuzf1SBew==/base.apk!/lib/arm64-v8a, permitted_path=/data:/mnt/expand:/data/user/0/com.google.android.gms
06-28 14:53:12.559 W/PackageManager( 2100): Invalid dex load report. loadingPackageName=com.miraclegames.farlight84, uid=11946
06-28 14:53:12.570 E/Zygote  (15079): process_name_ptr:15079 com.anubis:p1
06-28 14:53:12.570 E/Zygote  (15079): SetMemoryProtected process_name_ptr:15079 com.anubis:p1
06-28 14:53:12.571 I/ActivityManager( 2100): Start proc 15079:com.anubis:p1/u0a1946 for content provider {com.anubis/com.anubis.loader.proxy.ProxyContentProvider$P1} caller=com.anubis
06-28 14:53:12.577 I/com.anubis:p0(15019): AssetManager2(0x73e2839e18) locale list changing from [] to [en-IN]
06-28 14:53:12.577 I/com.anubis:p1(15079): Late-enabling -Xcheck:jni
06-28 14:53:12.604 I/com.anubis:p1(15079): Using generational CollectorTypeCMC GC.
06-28 14:53:12.614 D/nativeloader(15019): Configuring clns-15 for other apk . target_sdk_version=35, uses_libraries=ALL, library_path=/data/user/0/com.anubis/files/.vfs/data/app/com.miraclegames.farlight84/lib, permitted_path=/data:/mnt/expand
06-28 14:53:12.618 D/nativeloader(15019): Load /data/user/0/com.anubis/files/.vfs/data/app/com.miraclegames.farlight84/lib/libllhsdk.so using isolated ns clns-15 (caller=/data/app/~~x7hjVENJcwJnCqui9LPJoA==/com.miraclegames.farlight84-7aYi-5YB_5aCDNH4ttDPbQ==/base.apk!classes3.dex): ok
06-28 14:53:12.641 I/SmartPower: com.anubis:p1/11946(15079)( 2100): died->invisible(105671ms) R(process start ) adj=-10000.
06-28 14:53:12.658 I/RENDER_TURBO(15079): onActivityThreadCreate not in white list, pkg=com.anubis:p1, type=duchamp
06-28 14:53:12.668 D/nativeloader(15019): Configuring clns-16 for other apk . target_sdk_version=37, uses_libraries=, library_path=/data/app/~~7KRia6Q8YoWjcx7687WLDw==/com.google.android.gms-_lLsUCfGxZ6INzuzf1SBew==/lib/arm64:/data/app/~~7KRia6Q8YoWjcx7687WLDw==/com.google.android.gms-_lLsUCfGxZ6INzuzf1SBew==/base.apk!/lib/arm64-v8a, permitted_path=/data:/mnt/expand:/data/user/0/com.google.android.gms
06-28 14:53:12.673 W/com.anubis:p0(15019): Unsupported class loader: java.lang.Class<com.anubis.loader.utils.PathClassLoaderExt>
06-28 14:53:12.683 W/com.anubis:p0(15019): Unsupported class loader: java.lang.Class<com.anubis.loader.utils.PathClassLoaderExt>
06-28 14:53:12.690 W/PackageManager( 2100): Invalid dex load report. loadingPackageName=com.miraclegames.farlight84, uid=11946
06-28 14:53:12.731 D/ActivityThread(15079): setEmbeddedParam packageName=com.anubis processName=com.anubis:p1 isEmbedded=false isIsolated=false
06-28 14:53:12.805 I/com.anubis:p0(15019): AssetManager2(0x73e2834ff8) locale list changing from [] to [en-IN]
06-28 14:53:12.840 I/com.anubis:p0(15019): AssetManager2(0x73e283dfb8) locale list changing from [] to [en-IN]
06-28 14:53:12.853 D/BarFollowAnimation( 2100): onTaskInfoChanedForCaptionBar Task{9fb1754 #10234 type=standard I=com.anubis/.loader.proxy.ProxyActivity$P0} shouldbeVisible:true isVisible:false isOnTop:true windowMode:1 mCaptionAssociatedTask:null mIsTouchedInCaption:false
06-28 14:53:12.879 E/com.anubis:p0(15019): Failed to open APK '/data/app/com.miraclegames.farlight84/base.apk': I/O error
06-28 14:53:12.881 W/ResourcesManager(15019): java.io.IOException: Failed to load asset path /data/app/com.miraclegames.farlight84/base.apk
06-28 14:53:12.881 E/com.anubis:p0(15019): Failed to open APK '/data/app/com.miraclegames.farlight84/base.apk': I/O error
06-28 14:53:12.881 E/ResourcesManager(15019): java.io.IOException: Failed to load asset path /data/app/com.miraclegames.farlight84/base.apk
06-28 14:53:12.882 E/com.anubis:p0(15019): Failed to open APK '/data/app/com.miraclegames.farlight84/base.apk': I/O error
06-28 14:53:12.882 W/ResourcesManager(15019): java.io.IOException: Failed to load asset path /data/app/com.miraclegames.farlight84/base.apk
06-28 14:53:12.882 E/com.anubis:p0(15019): Failed to open APK '/data/app/com.miraclegames.farlight84/base.apk': I/O error
06-28 14:53:12.883 E/ResourcesManager(15019): java.io.IOException: Failed to load asset path /data/app/com.miraclegames.farlight84/base.apk
06-28 14:53:12.883 E/com.anubis:p0(15019): Failed to open APK '/data/app/com.miraclegames.farlight84/base.apk': I/O error
06-28 14:53:12.883 W/ResourcesManager(15019): java.io.IOException: Failed to load asset path /data/app/com.miraclegames.farlight84/base.apk
06-28 14:53:12.883 E/com.anubis:p0(15019): Failed to open APK '/data/app/com.miraclegames.farlight84/base.apk': I/O error
06-28 14:53:12.883 E/ResourcesManager(15019): java.io.IOException: Failed to load asset path /data/app/com.miraclegames.farlight84/base.apk
06-28 14:53:12.893 I/FlipSCF ( 2100): update navigation bar color for : com.anubis/.loader.proxy.ProxyActivity$P0 , originalColor = 0 , currentColor = FF000000 , CallingPid = 15019
06-28 14:53:12.894 D/BarFollowAnimation( 2100): onTaskInfoChanedForCaptionBar Task{9fb1754 #10234 type=standard I=com.anubis/.loader.proxy.ProxyActivity$P0} shouldbeVisible:true isVisible:false isOnTop:true windowMode:1 mCaptionAssociatedTask:null mIsTouchedInCaption:false
06-28 14:53:12.895 D/MiuiEmbeddingWindowService_Video_FullScreen( 2100): com.anubis.loader.proxy.ProxyActivity$P0 not support embedded video fullscreen!
06-28 14:53:12.900 D/MiuiEmbeddingWindowService_Video_FullScreen( 2100): reset embedded video fullscreen, tf Bounds=Rect(0, 0 - 1220, 2712) ar=ActivityRecord{235684710 u0 com.anubis/.loader.proxy.ProxyActivity$P0 t10234}
06-28 14:53:12.901 I/WindowManager( 2100): rotation changed from 0 to 3 due ActivityRecord{235684710 u0 com.anubis/.loader.proxy.ProxyActivity$P0 t10234}
06-28 14:53:13.092 D/BarFollowAnimation( 2100): onTaskInfoChanedForCaptionBar Task{9fb1754 #10234 type=standard I=com.anubis/.loader.proxy.ProxyActivity$P0} shouldbeVisible:true isVisible:false isOnTop:true windowMode:1 mCaptionAssociatedTask:null mIsTouchedInCaption:false
06-28 14:53:13.104 D/BarFollowAnimation( 2100): isAppTaskBarOnTop win:Window{54ed5ed u0 com.anubis/com.anubis.loader.app.LauncherActivity} (mCurrentTopTask:Task{9fb1754 #10234 type=standard I=com.anubis/.loader.proxy.ProxyActivity$P0} : true); (mAssociatedTask:Task{c0ae754 #10233 type=standard A=11946:com.anubis} : false); (mHomeTask:Task{d7c7124 #6195 type=home} : false); mReparentToOriginParent:false mLastAppBarVisible:true mLastHomeBarVisible:false
06-28 14:53:13.125 D/nativeloader(15079): Configuring clns-10 for other apk /data/app/~~HA3Q2eYdpLcUQoIQ5BcZWg==/com.anubis-4XlxoTf3pbTv3djzBD7glw==/base.apk. target_sdk_version=28, uses_libraries=, library_path=/data/app/~~HA3Q2eYdpLcUQoIQ5BcZWg==/com.anubis-4XlxoTf3pbTv3djzBD7glw==/lib/arm64:/data/app/~~HA3Q2eYdpLcUQoIQ5BcZWg==/com.anubis-4XlxoTf3pbTv3djzBD7glw==/base.apk!/lib/arm64-v8a, permitted_path=/data:/mnt/expand:/data/user/0/com.anubis
06-28 14:53:13.143 I/BLASTSyncEngine( 2100): SyncGroup 44254:  Unfinished container:ActivityRecord{235684710 u0 com.anubis/.loader.proxy.ProxyActivity$P0 t10234}
06-28 14:53:13.143 I/BLASTSyncEngine( 2100): isActivitySyncFinished isSyncFinished false ActivityRecord{235684710 u0 com.anubis/.loader.proxy.ProxyActivity$P0 t10234}
06-28 14:53:13.162 D/BarFollowAnimation( 2100): isAppTaskBarOnTop win:Window{54ed5ed u0 com.anubis/com.anubis.loader.app.LauncherActivity} (mCurrentTopTask:Task{9fb1754 #10234 type=standard I=com.anubis/.loader.proxy.ProxyActivity$P0} : true); (mAssociatedTask:Task{c0ae754 #10233 type=standard A=11946:com.anubis} : false); (mHomeTask:Task{d7c7124 #6195 type=home} : false); mReparentToOriginParent:false mLastAppBarVisible:true mLastHomeBarVisible:false
06-28 14:53:13.163 I/BLASTSyncEngine( 2100): SyncGroup 44254:  Unfinished container:ActivityRecord{235684710 u0 com.anubis/.loader.proxy.ProxyActivity$P0 t10234}
06-28 14:53:13.163 I/BLASTSyncEngine( 2100): isActivitySyncFinished isSyncFinished false ActivityRecord{235684710 u0 com.anubis/.loader.proxy.ProxyActivity$P0 t10234}
06-28 14:53:13.164 D/UE4     (15019): [SplashActivity] Downloading from https://backdoor.farlight84miraclegames.com/SolarlandCDN/Backdoor/onedime-global/2.11.0/Default/Android/configrules.bin.png, and save to /data/user/0/com.anubis/files/.vfs/data/user/0/com.miraclegames.farlight84/files/downloading_configrules.bin.png
06-28 14:53:13.194 D/BarFollowAnimation( 2100): isAppTaskBarOnTop win:Window{54ed5ed u0 com.anubis/com.anubis.loader.app.LauncherActivity} (mCurrentTopTask:Task{9fb1754 #10234 type=standard I=com.anubis/.loader.proxy.ProxyActivity$P0} : true); (mAssociatedTask:Task{c0ae754 #10233 type=standard A=11946:com.anubis} : false); (mHomeTask:Task{d7c7124 #6195 type=home} : false); mReparentToOriginParent:false mLastAppBarVisible:true mLastHomeBarVisible:false
06-28 14:53:13.194 I/BLASTSyncEngine( 2100): SyncGroup 44254:  Unfinished container:ActivityRecord{235684710 u0 com.anubis/.loader.proxy.ProxyActivity$P0 t10234}
06-28 14:53:13.194 I/BLASTSyncEngine( 2100): isActivitySyncFinished isSyncFinished false ActivityRecord{235684710 u0 com.anubis/.loader.proxy.ProxyActivity$P0 t10234}
06-28 14:53:13.198 I/com.anubis:p1(15079): AssetManager2(0x73e2838838) locale list changing from [] to [en-IN]
06-28 14:53:13.224 D/BarFollowAnimation( 2100): isAppTaskBarOnTop win:Window{54ed5ed u0 com.anubis/com.anubis.loader.app.LauncherActivity} (mCurrentTopTask:Task{9fb1754 #10234 type=standard I=com.anubis/.loader.proxy.ProxyActivity$P0} : true); (mAssociatedTask:Task{c0ae754 #10233 type=standard A=11946:com.anubis} : false); (mHomeTask:Task{d7c7124 #6195 type=home} : false); mReparentToOriginParent:false mLastAppBarVisible:true mLastHomeBarVisible:false
06-28 14:53:13.250 I/BLASTSyncEngine( 2100): SyncGroup 44254:  Unfinished container:ActivityRecord{235684710 u0 com.anubis/.loader.proxy.ProxyActivity$P0 t10234}
06-28 14:53:13.250 I/BLASTSyncEngine( 2100): isActivitySyncFinished isSyncFinished false ActivityRecord{235684710 u0 com.anubis/.loader.proxy.ProxyActivity$P0 t10234}
06-28 14:53:13.252 D/BarFollowAnimation( 2100): isAppTaskBarOnTop win:Window{54ed5ed u0 com.anubis/com.anubis.loader.app.LauncherActivity} (mCurrentTopTask:Task{9fb1754 #10234 type=standard I=com.anubis/.loader.proxy.ProxyActivity$P0} : true); (mAssociatedTask:Task{c0ae754 #10233 type=standard A=11946:com.anubis} : false); (mHomeTask:Task{d7c7124 #6195 type=home} : false); mReparentToOriginParent:false mLastAppBarVisible:true mLastHomeBarVisible:false
06-28 14:53:13.252 I/BLASTSyncEngine( 2100): SyncGroup 44254:  Unfinished container:ActivityRecord{235684710 u0 com.anubis/.loader.proxy.ProxyActivity$P0 t10234}
06-28 14:53:13.252 I/BLASTSyncEngine( 2100): isActivitySyncFinished isSyncFinished false ActivityRecord{235684710 u0 com.anubis/.loader.proxy.ProxyActivity$P0 t10234}
06-28 14:53:13.254 D/BarFollowAnimation( 2100): isAppTaskBarOnTop win:Window{54ed5ed u0 com.anubis/com.anubis.loader.app.LauncherActivity} (mCurrentTopTask:Task{9fb1754 #10234 type=standard I=com.anubis/.loader.proxy.ProxyActivity$P0} : true); (mAssociatedTask:Task{c0ae754 #10233 type=standard A=11946:com.anubis} : false); (mHomeTask:Task{d7c7124 #6195 type=home} : false); mReparentToOriginParent:false mLastAppBarVisible:true mLastHomeBarVisible:false
06-28 14:53:13.255 I/BLASTSyncEngine( 2100): SyncGroup 44254:  Unfinished container:ActivityRecord{235684710 u0 com.anubis/.loader.proxy.ProxyActivity$P0 t10234}
06-28 14:53:13.255 I/BLASTSyncEngine( 2100): isActivitySyncFinished isSyncFinished false ActivityRecord{235684710 u0 com.anubis/.loader.proxy.ProxyActivity$P0 t10234}
06-28 14:53:13.256 D/BarFollowAnimation( 2100): isAppTaskBarOnTop win:Window{54ed5ed u0 com.anubis/com.anubis.loader.app.LauncherActivity} (mCurrentTopTask:Task{9fb1754 #10234 type=standard I=com.anubis/.loader.proxy.ProxyActivity$P0} : true); (mAssociatedTask:Task{c0ae754 #10233 type=standard A=11946:com.anubis} : false); (mHomeTask:Task{d7c7124 #6195 type=home} : false); mReparentToOriginParent:false mLastAppBarVisible:true mLastHomeBarVisible:false
06-28 14:53:13.257 I/BLASTSyncEngine( 2100): SyncGroup 44254:  Unfinished container:ActivityRecord{235684710 u0 com.anubis/.loader.proxy.ProxyActivity$P0 t10234}
06-28 14:53:13.257 I/BLASTSyncEngine( 2100): isActivitySyncFinished isSyncFinished false ActivityRecord{235684710 u0 com.anubis/.loader.proxy.ProxyActivity$P0 t10234}
06-28 14:53:13.261 D/BarFollowAnimation( 2100): isAppTaskBarOnTop win:Window{54ed5ed u0 com.anubis/com.anubis.loader.app.LauncherActivity} (mCurrentTopTask:Task{9fb1754 #10234 type=standard I=com.anubis/.loader.proxy.ProxyActivity$P0} : true); (mAssociatedTask:Task{c0ae754 #10233 type=standard A=11946:com.anubis} : false); (mHomeTask:Task{d7c7124 #6195 type=home} : false); mReparentToOriginParent:false mLastAppBarVisible:true mLastHomeBarVisible:false
06-28 14:53:13.262 I/BLASTSyncEngine( 2100): SyncGroup 44254:  Unfinished container:ActivityRecord{235684710 u0 com.anubis/.loader.proxy.ProxyActivity$P0 t10234}
06-28 14:53:13.262 I/BLASTSyncEngine( 2100): isActivitySyncFinished isSyncFinished false ActivityRecord{235684710 u0 com.anubis/.loader.proxy.ProxyActivity$P0 t10234}
06-28 14:53:13.313 E/TransitionChain( 2100):    ChangeInfo{b80c8b5 container=Task{9fb1754 #10234 type=standard I=com.anubis/.loader.proxy.ProxyActivity$P0} flags=0x0}
06-28 14:53:13.313 E/TransitionChain( 2100):    ChangeInfo{3facb4a container=ActivityRecord{235684710 u0 com.anubis/.loader.proxy.ProxyActivity$P0 t10234} flags=0x0}
06-28 14:53:13.313 E/TransitionChain( 2100):    ChangeInfo{b80c8b5 container=Task{9fb1754 #10234 type=standard I=com.anubis/.loader.proxy.ProxyActivity$P0} flags=0x0}
06-28 14:53:13.313 E/TransitionChain( 2100):    ChangeInfo{3facb4a container=ActivityRecord{235684710 u0 com.anubis/.loader.proxy.ProxyActivity$P0 t10234} flags=0x0}
06-28 14:53:13.348 D/BarFollowAnimation( 2100): isAppTaskBarOnTop win:Window{54ed5ed u0 com.anubis/com.anubis.loader.app.LauncherActivity} (mCurrentTopTask:Task{9fb1754 #10234 type=standard I=com.anubis/.loader.proxy.ProxyActivity$P0} : true); (mAssociatedTask:Task{c0ae754 #10233 type=standard A=11946:com.anubis} : false); (mHomeTask:Task{d7c7124 #6195 type=home} : false); mReparentToOriginParent:false mLastAppBarVisible:true mLastHomeBarVisible:false
06-28 14:53:13.349 I/BLASTSyncEngine( 2100): SyncGroup 44254:  Unfinished container:ActivityRecord{235684710 u0 com.anubis/.loader.proxy.ProxyActivity$P0 t10234}
06-28 14:53:13.349 I/BLASTSyncEngine( 2100): isActivitySyncFinished isSyncFinished false ActivityRecord{235684710 u0 com.anubis/.loader.proxy.ProxyActivity$P0 t10234}
06-28 14:53:13.366 D/BarFollowAnimation( 2100): isAppTaskBarOnTop win:Window{54ed5ed u0 com.anubis/com.anubis.loader.app.LauncherActivity} (mCurrentTopTask:Task{9fb1754 #10234 type=standard I=com.anubis/.loader.proxy.ProxyActivity$P0} : true); (mAssociatedTask:Task{c0ae754 #10233 type=standard A=11946:com.anubis} : false); (mHomeTask:Task{d7c7124 #6195 type=home} : false); mReparentToOriginParent:false mLastAppBarVisible:true mLastHomeBarVisible:false
06-28 14:53:13.369 I/BLASTSyncEngine( 2100): SyncGroup 44254:  Unfinished container:ActivityRecord{235684710 u0 com.anubis/.loader.proxy.ProxyActivity$P0 t10234}
06-28 14:53:13.369 I/BLASTSyncEngine( 2100): isActivitySyncFinished isSyncFinished false ActivityRecord{235684710 u0 com.anubis/.loader.proxy.ProxyActivity$P0 t10234}
06-28 14:53:13.371 D/BarFollowAnimation( 2100): isAppTaskBarOnTop win:Window{54ed5ed u0 com.anubis/com.anubis.loader.app.LauncherActivity} (mCurrentTopTask:Task{9fb1754 #10234 type=standard I=com.anubis/.loader.proxy.ProxyActivity$P0} : true); (mAssociatedTask:Task{c0ae754 #10233 type=standard A=11946:com.anubis} : false); (mHomeTask:Task{d7c7124 #6195 type=home} : false); mReparentToOriginParent:false mLastAppBarVisible:true mLastHomeBarVisible:false
06-28 14:53:13.373 I/BLASTSyncEngine( 2100): SyncGroup 44254:  Unfinished container:ActivityRecord{235684710 u0 com.anubis/.loader.proxy.ProxyActivity$P0 t10234}
06-28 14:53:13.373 I/BLASTSyncEngine( 2100): isActivitySyncFinished isSyncFinished false ActivityRecord{235684710 u0 com.anubis/.loader.proxy.ProxyActivity$P0 t10234}
06-28 14:53:13.378 D/BarFollowAnimation( 2100): isAppTaskBarOnTop win:Window{54ed5ed u0 com.anubis/com.anubis.loader.app.LauncherActivity} (mCurrentTopTask:Task{9fb1754 #10234 type=standard I=com.anubis/.loader.proxy.ProxyActivity$P0} : true); (mAssociatedTask:Task{c0ae754 #10233 type=standard A=11946:com.anubis} : false); (mHomeTask:Task{d7c7124 #6195 type=home} : false); mReparentToOriginParent:false mLastAppBarVisible:true mLastHomeBarVisible:false
06-28 14:53:13.379 I/BLASTSyncEngine( 2100): SyncGroup 44254:  Unfinished container:ActivityRecord{235684710 u0 com.anubis/.loader.proxy.ProxyActivity$P0 t10234}
06-28 14:53:13.379 I/BLASTSyncEngine( 2100): isActivitySyncFinished isSyncFinished false ActivityRecord{235684710 u0 com.anubis/.loader.proxy.ProxyActivity$P0 t10234}
06-28 14:53:13.387 D/BarFollowAnimation( 2100): isAppTaskBarOnTop win:Window{54ed5ed u0 com.anubis/com.anubis.loader.app.LauncherActivity} (mCurrentTopTask:Task{9fb1754 #10234 type=standard I=com.anubis/.loader.proxy.ProxyActivity$P0} : true); (mAssociatedTask:Task{c0ae754 #10233 type=standard A=11946:com.anubis} : false); (mHomeTask:Task{d7c7124 #6195 type=home} : false); mReparentToOriginParent:false mLastAppBarVisible:true mLastHomeBarVisible:false
06-28 14:53:13.392 I/BLASTSyncEngine( 2100): SyncGroup 44254:  Unfinished container:ActivityRecord{235684710 u0 com.anubis/.loader.proxy.ProxyActivity$P0 t10234}
06-28 14:53:13.392 I/BLASTSyncEngine( 2100): isActivitySyncFinished isSyncFinished false ActivityRecord{235684710 u0 com.anubis/.loader.proxy.ProxyActivity$P0 t10234}
06-28 14:53:13.395 D/BarFollowAnimation( 2100): isAppTaskBarOnTop win:Window{54ed5ed u0 com.anubis/com.anubis.loader.app.LauncherActivity} (mCurrentTopTask:Task{9fb1754 #10234 type=standard I=com.anubis/.loader.proxy.ProxyActivity$P0} : true); (mAssociatedTask:Task{c0ae754 #10233 type=standard A=11946:com.anubis} : false); (mHomeTask:Task{d7c7124 #6195 type=home} : false); mReparentToOriginParent:false mLastAppBarVisible:true mLastHomeBarVisible:false
06-28 14:53:13.396 I/BLASTSyncEngine( 2100): SyncGroup 44254:  Unfinished container:ActivityRecord{235684710 u0 com.anubis/.loader.proxy.ProxyActivity$P0 t10234}
06-28 14:53:13.396 I/BLASTSyncEngine( 2100): isActivitySyncFinished isSyncFinished false ActivityRecord{235684710 u0 com.anubis/.loader.proxy.ProxyActivity$P0 t10234}
06-28 14:53:13.397 D/nativeloader(15138): Configuring clns-10 for other apk /data/app/~~SCv3I1U-lEOdXFKcWZkM4g==/app.revanced.android.gms-YtS046Jg6-FKRCYVEBgvLQ==/base.apk. target_sdk_version=29, uses_libraries=, library_path=/data/app/~~SCv3I1U-lEOdXFKcWZkM4g==/app.revanced.android.gms-YtS046Jg6-FKRCYVEBgvLQ==/lib/arm64:/data/app/~~SCv3I1U-lEOdXFKcWZkM4g==/app.revanced.android.gms-YtS046Jg6-FKRCYVEBgvLQ==/base.apk!/lib/arm64-v8a, permitted_path=/data:/mnt/expand:/data/user/0/app.revanced.android.gms
06-28 14:53:13.412 D/BarFollowAnimation( 2100): isAppTaskBarOnTop win:Window{54ed5ed u0 com.anubis/com.anubis.loader.app.LauncherActivity} (mCurrentTopTask:Task{9fb1754 #10234 type=standard I=com.anubis/.loader.proxy.ProxyActivity$P0} : true); (mAssociatedTask:Task{c0ae754 #10233 type=standard A=11946:com.anubis} : false); (mHomeTask:Task{d7c7124 #6195 type=home} : false); mReparentToOriginParent:false mLastAppBarVisible:true mLastHomeBarVisible:false
06-28 14:53:13.412 I/BLASTSyncEngine( 2100): SyncGroup 44254:  Unfinished container:ActivityRecord{235684710 u0 com.anubis/.loader.proxy.ProxyActivity$P0 t10234}
06-28 14:53:13.412 I/BLASTSyncEngine( 2100): isActivitySyncFinished isSyncFinished false ActivityRecord{235684710 u0 com.anubis/.loader.proxy.ProxyActivity$P0 t10234}
06-28 14:53:13.433 D/BarFollowAnimation( 2100): isAppTaskBarOnTop win:Window{54ed5ed u0 com.anubis/com.anubis.loader.app.LauncherActivity} (mCurrentTopTask:Task{9fb1754 #10234 type=standard I=com.anubis/.loader.proxy.ProxyActivity$P0} : true); (mAssociatedTask:Task{c0ae754 #10233 type=standard A=11946:com.anubis} : false); (mHomeTask:Task{d7c7124 #6195 type=home} : false); mReparentToOriginParent:false mLastAppBarVisible:true mLastHomeBarVisible:false
06-28 14:53:13.433 I/BLASTSyncEngine( 2100): SyncGroup 44254:  Unfinished container:ActivityRecord{235684710 u0 com.anubis/.loader.proxy.ProxyActivity$P0 t10234}
06-28 14:53:13.433 I/BLASTSyncEngine( 2100): isActivitySyncFinished isSyncFinished false ActivityRecord{235684710 u0 com.anubis/.loader.proxy.ProxyActivity$P0 t10234}
06-28 14:53:13.644 D/nativeloader(15192): Configuring clns-10 for other apk /data/app/~~SCv3I1U-lEOdXFKcWZkM4g==/app.revanced.android.gms-YtS046Jg6-FKRCYVEBgvLQ==/base.apk. target_sdk_version=29, uses_libraries=, library_path=/data/app/~~SCv3I1U-lEOdXFKcWZkM4g==/app.revanced.android.gms-YtS046Jg6-FKRCYVEBgvLQ==/lib/arm64:/data/app/~~SCv3I1U-lEOdXFKcWZkM4g==/app.revanced.android.gms-YtS046Jg6-FKRCYVEBgvLQ==/base.apk!/lib/arm64-v8a, permitted_path=/data:/mnt/expand:/data/user/0/app.revanced.android.gms
06-28 14:53:13.806 D/WindowManager( 2100): Collecting in transition 44254: Task{9fb1754 #10234 type=standard I=com.anubis/.loader.proxy.ProxyActivity$P0} init visibleRequested:true dc:Display{#0 state=ON size=2712x1220 ROTATION_270}
06-28 14:53:13.806 D/WindowManager( 2100):    ChangeInfo{b80c8b5 container=Task{9fb1754 #10234 type=standard I=com.anubis/.loader.proxy.ProxyActivity$P0} flags=0x0}
06-28 14:53:13.806 D/WindowManager( 2100):    ChangeInfo{3facb4a container=ActivityRecord{235684710 u0 com.anubis/.loader.proxy.ProxyActivity$P0 t10234} flags=0x0}
06-28 14:53:13.807 D/WindowManager( 2100):    ChangeInfo{b80c8b5 container=Task{9fb1754 #10234 type=standard I=com.anubis/.loader.proxy.ProxyActivity$P0} flags=0x0}
06-28 14:53:13.807 D/WindowManager( 2100):    ChangeInfo{3facb4a container=ActivityRecord{235684710 u0 com.anubis/.loader.proxy.ProxyActivity$P0 t10234} flags=0x0}
06-28 14:53:13.807 I/WindowManager( 2100): Try to add startingWindow type = STARTING_WINDOW_TYPE_SPLASH_SCREEN this = ActivityRecord{235684710 u0 com.anubis/.loader.proxy.ProxyActivity$P0 t10234} mOccludesParent = true preAllowTaskSnapshot = true afterAllowTaskSnapshot = true newTask = false taskSwitch = true processRunning = true activityCreated = true activityAllDrawn = false isSnapshotCompatible = false snapshotRotation = NaN resolvedTheme = 0 theme = 2131886092
06-28 14:53:13.838 D/ResMonitorStub(15079): The current process type is: third_party_app, process name is: com.anubis:p1
06-28 14:53:13.841 D/nativeloader(15223): Configuring clns-10 for other apk /system_ext/app/miuisystem/miuisystem.apk. target_sdk_version=35, uses_libraries=ALL, library_path=/data/app/~~cZTSxHJ5naMSCD7da9GDyA==/com.miui.weather2-TVJhS-D4gAxRwX2rfx4Iog==/lib/arm64:/data/app/~~cZTSxHJ5naMSCD7da9GDyA==/com.miui.weather2-TVJhS-D4gAxRwX2rfx4Iog==/base.apk!/lib/arm64-v8a:/system_ext/app/miuisystem/miuisystem.apk!/lib/arm64-v8a, permitted_path=/data:/mnt/expand:/data/user/0/com.miui.weather2
06-28 14:53:13.890 D/nativeloader(15223): Configuring clns-11 for other apk /data/app/~~cZTSxHJ5naMSCD7da9GDyA==/com.miui.weather2-TVJhS-D4gAxRwX2rfx4Iog==/base.apk. target_sdk_version=35, uses_libraries=, library_path=/data/app/~~cZTSxHJ5naMSCD7da9GDyA==/com.miui.weather2-TVJhS-D4gAxRwX2rfx4Iog==/lib/arm64:/data/app/~~cZTSxHJ5naMSCD7da9GDyA==/com.miui.weather2-TVJhS-D4gAxRwX2rfx4Iog==/base.apk!/lib/arm64-v8a:/system_ext/app/miuisystem/miuisystem.apk!/lib/arm64-v8a, permitted_path=/data:/mnt/expand:/data/user/0/com.miui.weather2
06-28 14:53:14.181 D/BarFollowAnimation( 2100): isAppTaskBarOnTop win:Window{54ed5ed u0 com.anubis/com.anubis.loader.app.LauncherActivity} (mCurrentTopTask:Task{9fb1754 #10234 type=standard I=com.anubis/.loader.proxy.ProxyActivity$P0} : true); (mAssociatedTask:Task{c0ae754 #10233 type=standard A=11946:com.anubis} : false); (mHomeTask:Task{d7c7124 #6195 type=home} : false); mReparentToOriginParent:false mLastAppBarVisible:true mLastHomeBarVisible:false
06-28 14:53:14.184 I/BLASTSyncEngine( 2100): SyncGroup 44254:  Unfinished container:ActivityRecord{235684710 u0 com.anubis/.loader.proxy.ProxyActivity$P0 t10234}
06-28 14:53:14.184 I/BLASTSyncEngine( 2100): isActivitySyncFinished isSyncFinished false ActivityRecord{235684710 u0 com.anubis/.loader.proxy.ProxyActivity$P0 t10234}
06-28 14:53:14.211 D/BarFollowAnimation( 2100): isAppTaskBarOnTop win:Window{54ed5ed u0 com.anubis/com.anubis.loader.app.LauncherActivity} (mCurrentTopTask:Task{9fb1754 #10234 type=standard I=com.anubis/.loader.proxy.ProxyActivity$P0} : true); (mAssociatedTask:Task{c0ae754 #10233 type=standard A=11946:com.anubis} : false); (mHomeTask:Task{d7c7124 #6195 type=home} : false); mReparentToOriginParent:false mLastAppBarVisible:true mLastHomeBarVisible:false
06-28 14:53:14.214 I/BLASTSyncEngine( 2100): SyncGroup 44254:  Unfinished container:ActivityRecord{235684710 u0 com.anubis/.loader.proxy.ProxyActivity$P0 t10234}
06-28 14:53:14.214 I/BLASTSyncEngine( 2100): isActivitySyncFinished isSyncFinished false ActivityRecord{235684710 u0 com.anubis/.loader.proxy.ProxyActivity$P0 t10234}
06-28 14:53:14.217 D/BarFollowAnimation( 2100): isAppTaskBarOnTop win:Window{54ed5ed u0 com.anubis/com.anubis.loader.app.LauncherActivity} (mCurrentTopTask:Task{9fb1754 #10234 type=standard I=com.anubis/.loader.proxy.ProxyActivity$P0} : true); (mAssociatedTask:Task{c0ae754 #10233 type=standard A=11946:com.anubis} : false); (mHomeTask:Task{d7c7124 #6195 type=home} : false); mReparentToOriginParent:false mLastAppBarVisible:true mLastHomeBarVisible:false
06-28 14:53:14.218 I/BLASTSyncEngine( 2100): SyncGroup 44254:  Unfinished container:ActivityRecord{235684710 u0 com.anubis/.loader.proxy.ProxyActivity$P0 t10234}
06-28 14:53:14.218 I/BLASTSyncEngine( 2100): isActivitySyncFinished isSyncFinished false ActivityRecord{235684710 u0 com.anubis/.loader.proxy.ProxyActivity$P0 t10234}
06-28 14:53:14.235 D/BarFollowAnimation( 2100): isAppTaskBarOnTop win:Window{54ed5ed u0 com.anubis/com.anubis.loader.app.LauncherActivity} (mCurrentTopTask:Task{9fb1754 #10234 type=standard I=com.anubis/.loader.proxy.ProxyActivity$P0} : true); (mAssociatedTask:Task{c0ae754 #10233 type=standard A=11946:com.anubis} : false); (mHomeTask:Task{d7c7124 #6195 type=home} : false); mReparentToOriginParent:false mLastAppBarVisible:true mLastHomeBarVisible:false
06-28 14:53:14.237 I/BLASTSyncEngine( 2100): SyncGroup 44254:  Unfinished container:ActivityRecord{235684710 u0 com.anubis/.loader.proxy.ProxyActivity$P0 t10234}
06-28 14:53:14.237 I/BLASTSyncEngine( 2100): isActivitySyncFinished isSyncFinished false ActivityRecord{235684710 u0 com.anubis/.loader.proxy.ProxyActivity$P0 t10234}
06-28 14:53:14.239 D/BarFollowAnimation( 2100): isAppTaskBarOnTop win:Window{54ed5ed u0 com.anubis/com.anubis.loader.app.LauncherActivity} (mCurrentTopTask:Task{9fb1754 #10234 type=standard I=com.anubis/.loader.proxy.ProxyActivity$P0} : true); (mAssociatedTask:Task{c0ae754 #10233 type=standard A=11946:com.anubis} : false); (mHomeTask:Task{d7c7124 #6195 type=home} : false); mReparentToOriginParent:false mLastAppBarVisible:true mLastHomeBarVisible:false
06-28 14:53:14.239 I/BLASTSyncEngine( 2100): SyncGroup 44254:  Unfinished container:ActivityRecord{235684710 u0 com.anubis/.loader.proxy.ProxyActivity$P0 t10234}
06-28 14:53:14.239 I/BLASTSyncEngine( 2100): isActivitySyncFinished isSyncFinished false ActivityRecord{235684710 u0 com.anubis/.loader.proxy.ProxyActivity$P0 t10234}
06-28 14:53:14.436 D/BarFollowAnimation( 2100): isAppTaskBarOnTop win:Window{54ed5ed u0 com.anubis/com.anubis.loader.app.LauncherActivity} (mCurrentTopTask:Task{9fb1754 #10234 type=standard I=com.anubis/.loader.proxy.ProxyActivity$P0} : true); (mAssociatedTask:Task{c0ae754 #10233 type=standard A=11946:com.anubis} : false); (mHomeTask:Task{d7c7124 #6195 type=home} : false); mReparentToOriginParent:false mLastAppBarVisible:true mLastHomeBarVisible:false
06-28 14:53:14.438 I/BLASTSyncEngine( 2100): SyncGroup 44254:  Unfinished container:ActivityRecord{235684710 u0 com.anubis/.loader.proxy.ProxyActivity$P0 t10234}
06-28 14:53:14.438 I/BLASTSyncEngine( 2100): isActivitySyncFinished isSyncFinished false ActivityRecord{235684710 u0 com.anubis/.loader.proxy.ProxyActivity$P0 t10234}
06-28 14:53:14.441 D/BarFollowAnimation( 2100): isAppTaskBarOnTop win:Window{54ed5ed u0 com.anubis/com.anubis.loader.app.LauncherActivity} (mCurrentTopTask:Task{9fb1754 #10234 type=standard I=com.anubis/.loader.proxy.ProxyActivity$P0} : true); (mAssociatedTask:Task{c0ae754 #10233 type=standard A=11946:com.anubis} : false); (mHomeTask:Task{d7c7124 #6195 type=home} : false); mReparentToOriginParent:false mLastAppBarVisible:true mLastHomeBarVisible:false
06-28 14:53:14.443 I/BLASTSyncEngine( 2100): SyncGroup 44254:  Unfinished container:ActivityRecord{235684710 u0 com.anubis/.loader.proxy.ProxyActivity$P0 t10234}
06-28 14:53:14.443 I/BLASTSyncEngine( 2100): isActivitySyncFinished isSyncFinished false ActivityRecord{235684710 u0 com.anubis/.loader.proxy.ProxyActivity$P0 t10234}
06-28 14:53:14.447 D/BarFollowAnimation( 2100): isAppTaskBarOnTop win:Window{54ed5ed u0 com.anubis/com.anubis.loader.app.LauncherActivity} (mCurrentTopTask:Task{9fb1754 #10234 type=standard I=com.anubis/.loader.proxy.ProxyActivity$P0} : true); (mAssociatedTask:Task{c0ae754 #10233 type=standard A=11946:com.anubis} : false); (mHomeTask:Task{d7c7124 #6195 type=home} : false); mReparentToOriginParent:false mLastAppBarVisible:true mLastHomeBarVisible:false
06-28 14:53:14.448 I/BLASTSyncEngine( 2100): SyncGroup 44254:  Unfinished container:ActivityRecord{235684710 u0 com.anubis/.loader.proxy.ProxyActivity$P0 t10234}
06-28 14:53:14.448 I/BLASTSyncEngine( 2100): isActivitySyncFinished isSyncFinished false ActivityRecord{235684710 u0 com.anubis/.loader.proxy.ProxyActivity$P0 t10234}
06-28 14:53:14.458 D/BarFollowAnimation( 2100): isAppTaskBarOnTop win:Window{54ed5ed u0 com.anubis/com.anubis.loader.app.LauncherActivity} (mCurrentTopTask:Task{9fb1754 #10234 type=standard I=com.anubis/.loader.proxy.ProxyActivity$P0} : true); (mAssociatedTask:Task{c0ae754 #10233 type=standard A=11946:com.anubis} : false); (mHomeTask:Task{d7c7124 #6195 type=home} : false); mReparentToOriginParent:false mLastAppBarVisible:true mLastHomeBarVisible:false
