06-28 14:53:39.797 W/com.anubis:p6(16367): Loading /data/dalvik-cache/arm64/data@app@~~x7hjVENJcwJnCqui9LPJoA==@com.miraclegames.farlight84-7aYi-5YB_5aCDNH4ttDPbQ==@base.apk@classes.dex non-executable as it requires an image which we failed to load
06-28 14:53:39.799 W/com.anubis:p6(16367): Failed to find entry 'classes.dex': Entry not found
06-28 14:53:39.800 D/nativeloader(16367): Configuring clns-11 for other apk /data/app/~~x7hjVENJcwJnCqui9LPJoA==/com.miraclegames.farlight84-7aYi-5YB_5aCDNH4ttDPbQ==/base.apk:/data/app/~~x7hjVENJcwJnCqui9LPJoA==/com.miraclegames.farlight84-7aYi-5YB_5aCDNH4ttDPbQ==/split_obbassets.apk. target_sdk_version=35, uses_libraries=, library_path=/data/app/~~x7hjVENJcwJnCqui9LPJoA==/com.miraclegames.farlight84-7aYi-5YB_5aCDNH4ttDPbQ==/lib/arm64:/data/app/~~x7hjVENJcwJnCqui9LPJoA==/com.miraclegames.farlight84-7aYi-5YB_5aCDNH4ttDPbQ==/base.apk!/lib/arm64-v8a:/data/app/~~x7hjVENJcwJnCqui9LPJoA==/com.miraclegames.farlight84-7aYi-5YB_5aCDNH4ttDPbQ==/split_obbassets.apk!/lib/arm64-v8a, permitted_path=/data:/mnt/expand:/data/user/0/com.anubis/files/.vfs/data/user/0/com.miraclegames.farlight84
06-28 14:53:39.802 W/com.anubis:p6(16367): Unsupported class loader: java.lang.Class<com.anubis.loader.utils.PathClassLoaderExt>
06-28 14:53:39.961 W/com.anubis:p6(16367): Unsupported class loader: java.lang.Class<com.anubis.loader.utils.PathClassLoaderExt>
06-28 14:53:39.962 W/com.anubis:p6(16367): Failed to find entry 'classes.dex': Entry not found
06-28 14:53:39.962 W/com.anubis:p6(16367): Unsupported class loader: java.lang.Class<com.anubis.loader.utils.PathClassLoaderExt>
06-28 14:53:40.314 D/nativeloader(16367): Configuring clns-12 for other apk /system_ext/framework/com.android.extensions.appfunctions.jar. target_sdk_version=37, uses_libraries=ALL, library_path=/data/app/~~7KRia6Q8YoWjcx7687WLDw==/com.google.android.gms-_lLsUCfGxZ6INzuzf1SBew==/lib/arm64:/data/app/~~7KRia6Q8YoWjcx7687WLDw==/com.google.android.gms-_lLsUCfGxZ6INzuzf1SBew==/base.apk!/lib/arm64-v8a, permitted_path=/data:/mnt/expand:/data/user/0/com.google.android.gms
06-28 14:53:40.314 W/PackageManager( 2100): Invalid dex load report. loadingPackageName=com.miraclegames.farlight84, uid=11946
06-28 14:53:40.317 D/nativeloader(16367): Configuring clns-13 for other apk /data/app/~~7KRia6Q8YoWjcx7687WLDw==/com.google.android.gms-_lLsUCfGxZ6INzuzf1SBew==/base.apk. target_sdk_version=37, uses_libraries=, library_path=/data/app/~~7KRia6Q8YoWjcx7687WLDw==/com.google.android.gms-_lLsUCfGxZ6INzuzf1SBew==/lib/arm64:/data/app/~~7KRia6Q8YoWjcx7687WLDw==/com.google.android.gms-_lLsUCfGxZ6INzuzf1SBew==/base.apk!/lib/arm64-v8a, permitted_path=/data:/mnt/expand:/data/user/0/com.google.android.gms
06-28 14:53:40.317 W/PackageManager( 2100): Invalid dex load report. loadingPackageName=com.miraclegames.farlight84, uid=11946
06-28 14:53:40.321 I/com.anubis:p6(16367): AssetManager2(0x73e282d2f8) locale list changing from [] to [en-IN]
06-28 14:53:40.342 D/nativeloader(16367): Configuring clns-14 for other apk . target_sdk_version=37, uses_libraries=, library_path=/data/app/~~7KRia6Q8YoWjcx7687WLDw==/com.google.android.gms-_lLsUCfGxZ6INzuzf1SBew==/lib/arm64:/data/app/~~7KRia6Q8YoWjcx7687WLDw==/com.google.android.gms-_lLsUCfGxZ6INzuzf1SBew==/base.apk!/lib/arm64-v8a, permitted_path=/data:/mnt/expand:/data/user/0/com.google.android.gms
06-28 14:53:40.345 W/com.anubis:p6(16367): Unsupported class loader: java.lang.Class<com.anubis.loader.utils.PathClassLoaderExt>
06-28 14:53:40.348 W/com.anubis:p6(16367): Unsupported class loader: java.lang.Class<com.anubis.loader.utils.PathClassLoaderExt>
06-28 14:53:40.348 W/PackageManager( 2100): Invalid dex load report. loadingPackageName=com.miraclegames.farlight84, uid=11946
06-28 14:53:40.390 D/nativeloader(16367): Configuring clns-15 for other apk . target_sdk_version=35, uses_libraries=ALL, library_path=/data/user/0/com.anubis/files/.vfs/data/app/com.miraclegames.farlight84/lib, permitted_path=/data:/mnt/expand
06-28 14:53:40.392 D/nativeloader(16367): Load /data/user/0/com.anubis/files/.vfs/data/app/com.miraclegames.farlight84/lib/libllhsdk.so using isolated ns clns-15 (caller=/data/app/~~x7hjVENJcwJnCqui9LPJoA==/com.miraclegames.farlight84-7aYi-5YB_5aCDNH4ttDPbQ==/base.apk!classes3.dex): ok
06-28 14:53:40.416 I/com.anubis:p6(16367): AssetManager2(0x73e282ccb8) locale list changing from [] to [en-IN]
06-28 14:53:40.493 I/com.anubis:p6(16367): AssetManager2(0x73e282c998) locale list changing from [] to [en-IN]
06-28 14:53:40.506 V/OGLProgramService2(16367): log dir : /data/user/0/com.anubis/files/.vfs/data/user/0/com.miraclegames.farlight84/files/oglservice/OGLProgramService2_%u_%g.txt
06-28 14:53:40.538 W/Finsky  (11421): [715438] Package name com.miraclegames.farlight84 does not match UID 11946
06-28 14:53:40.546 W/Finsky  (11421): [715438] Package name com.miraclegames.farlight84 does not match UID 11946
06-28 14:53:40.549 W/ActivityManager( 2100): pid 16367 com.anubis:p6 sent binder code 25 with flags 2 to frozen apps and got error -74
06-28 14:53:40.587 W/Finsky  (11421): [715438] Package name com.miraclegames.farlight84 does not match UID 11946
06-28 14:53:40.595 W/Finsky  (11421): [715438] Package name com.miraclegames.farlight84 does not match UID 11946
06-28 14:53:40.605 W/Finsky  (11421): [715438] Package name com.miraclegames.farlight84 does not match UID 11946
06-28 14:53:40.620 W/Finsky  (11421): [715438] Package name com.miraclegames.farlight84 does not match UID 11946
06-28 14:53:40.640 W/Finsky  (11421): [715438] Package name com.miraclegames.farlight84 does not match UID 11946
06-28 14:53:40.650 W/Finsky  (11421): [715438] Package name com.miraclegames.farlight84 does not match UID 11946
06-28 14:53:40.667 W/Finsky  (11421): [715442] Package name com.miraclegames.farlight84 does not match UID 11946
06-28 14:53:40.703 W/Finsky  (11421): [715442] Package name com.miraclegames.farlight84 does not match UID 11946
06-28 14:53:40.758 W/Finsky  (11421): [715438] Package name com.miraclegames.farlight84 does not match UID 11946
06-28 14:53:40.780 W/Finsky  (11421): [715438] Package name com.miraclegames.farlight84 does not match UID 11946
06-28 14:53:40.803 W/Finsky  (11421): [715438] Package name com.miraclegames.farlight84 does not match UID 11946
06-28 14:53:40.824 W/Finsky  (11421): [715442] Package name com.miraclegames.farlight84 does not match UID 11946
06-28 14:53:40.845 W/Finsky  (11421): [715442] Package name com.miraclegames.farlight84 does not match UID 11946
06-28 14:53:40.876 W/Finsky  (11421): [715442] Package name com.miraclegames.farlight84 does not match UID 11946
06-28 14:53:40.889 W/Finsky  (11421): [715442] Package name com.miraclegames.farlight84 does not match UID 11946
06-28 14:53:40.907 W/Finsky  (11421): [715442] Package name com.miraclegames.farlight84 does not match UID 11946
06-28 14:53:40.923 W/Finsky  (11421): [715442] Package name com.miraclegames.farlight84 does not match UID 11946
06-28 14:53:40.936 W/Finsky  (11421): [715438] Package name com.miraclegames.farlight84 does not match UID 11946
06-28 14:53:40.959 W/Finsky  (11421): [715438] Package name com.miraclegames.farlight84 does not match UID 11946
06-28 14:53:40.965 W/Finsky  (11421): [715438] Package name com.miraclegames.farlight84 does not match UID 11946
06-28 14:53:40.973 W/Finsky  (11421): [715438] Package name com.miraclegames.farlight84 does not match UID 11946
06-28 14:53:40.986 W/Finsky  (11421): [715438] Package name com.miraclegames.farlight84 does not match UID 11946
06-28 14:53:40.993 W/Finsky  (11421): [715442] Package name com.miraclegames.farlight84 does not match UID 11946
06-28 14:53:41.005 W/Finsky  (11421): [715442] Package name com.miraclegames.farlight84 does not match UID 11946
06-28 14:53:41.031 W/Finsky  (11421): [715438] Package name com.miraclegames.farlight84 does not match UID 11946
06-28 14:53:41.051 W/Finsky  (11421): [715438] Package name com.miraclegames.farlight84 does not match UID 11946
06-28 14:53:41.061 W/Finsky  (11421): [715442] Package name com.miraclegames.farlight84 does not match UID 11946
06-28 14:53:41.071 W/Finsky  (11421): [715438] Package name com.miraclegames.farlight84 does not match UID 11946
06-28 14:53:41.084 W/Finsky  (11421): [715442] Package name com.miraclegames.farlight84 does not match UID 11946
06-28 14:53:41.091 W/Finsky  (11421): [715438] Package name com.miraclegames.farlight84 does not match UID 11946
06-28 14:53:41.100 W/Finsky  (11421): [715438] Package name com.miraclegames.farlight84 does not match UID 11946
06-28 14:53:41.110 W/Finsky  (11421): [715438] Package name com.miraclegames.farlight84 does not match UID 11946
06-28 14:53:41.122 W/Finsky  (11421): [715438] Package name com.miraclegames.farlight84 does not match UID 11946
06-28 14:53:41.134 W/Finsky  (11421): [715438] Package name com.miraclegames.farlight84 does not match UID 11946
06-28 14:53:41.148 W/Finsky  (11421): [715438] Package name com.miraclegames.farlight84 does not match UID 11946
06-28 14:53:41.154 W/Finsky  (11421): [715438] Package name com.miraclegames.farlight84 does not match UID 11946
06-28 14:53:41.162 W/Finsky  (11421): [715438] Package name com.miraclegames.farlight84 does not match UID 11946
06-28 14:53:41.173 W/Finsky  (11421): [715438] Package name com.miraclegames.farlight84 does not match UID 11946
06-28 14:53:53.439 D/WindowManager( 2100): Collecting in transition 44256: Task{9fb1754 #10234 type=standard I=com.anubis/.loader.proxy.ProxyActivity$P0} init visibleRequested:true dc:Display{#0 state=ON size=2712x1220 ROTATION_270}
06-28 14:53:53.454 I/WindowManager( 2100): Disable startingWindow, because the main window has already been drawn. mainWin = Window{3a761fa u0 com.miraclegames.farlight84/com.epicgames.ue4.GameActivity} this = ActivityRecord{54120604 u0 com.anubis/.loader.proxy.ProxyActivity$P0 t10234} state = RESUMED
06-28 14:53:53.470 I/SoScStageCoordinator(22177): Transition requested:TransitionRequestInfo { type = TO_FRONT, triggerTask = TaskInfo{userId=0 taskId=10234 effectiveUid=11946 displayId=0 isRunning=true baseIntent=Intent { flg=0x18080000 cmp=com.anubis/.loader.proxy.ProxyActivity$P0 } baseActivity=ComponentInfo{com.anubis/com.anubis.loader.proxy.ProxyActivity$P0} topActivity=ComponentInfo{com.anubis/com.anubis.loader.proxy.ProxyActivity$P0} origActivity=null realActivity=ComponentInfo{com.anubis/com.anubis.loader.proxy.ProxyActivity$P0} numActivities=1 lastActiveTime=1280922623 supportsSplitScreenMultiWindow=true mSoScDisplayMode=-1 supportsMultiWindow=true resizeMode=1 isResizeable=true minWidth=-1 minHeight=-1 defaultMinSize=200 token=WCT{android.window.IWindowContainerToken$Stub$Proxy@6e46f89} topActivityType=1 pictureInPictureParams=null shouldDockBigOverlays=false launchIntoPipHostTaskId=-1 lastParentTaskIdBeforePip=-1 displayCutoutSafeInsets=Rect(0, 0 - 0, 0) topActivityInfo=ActivityInfo{6356b8e com.anubis.loader.proxy.ProxyActivity$P0} launchCookies=[] positionInParent=Point(0, 0) parentTaskId=-1 isFocused=true isVisible=true isVisibleRequested=true isTopActivityNoDisplay=false isSleeping=false locusId=null displayAreaFeatureId=1 isTopActivityTransparent=false isActivityStackTransparent=false lastNonFullscreenBounds=Rect(1184, 201 - 1529, 1091) capturedLink=null capturedLinkTimestamp=0 requestedVisibleTypes=-16 topActivityRequestOpenInBrowserEducationTimestamp=0 appCompatTaskInfo=AppCompatTaskInfo { topActivityInSizeCompat=false eligibleForLetterboxEducation= false topActivityInMiuiSizeCompat=false isLetterboxEducationEnabled= false isLetterboxDoubleTapEnabled= false eligibleForUserAspectRatioButton= false topActivityBoundsLetterboxed= false isFromLetterboxDoubleTap= false topActivityLetterboxVerticalPosition= -1 topActivityLetterboxHorizontalPosition= -1 topActivityLetterboxWidth=-1 topActivityLetterboxHeight=-1 topActivityAppBounds=Rect(0, 0 - 2592, 1172) isUserFullscreenOverrideEnabled=false isSystemFullscreenOverrideEnabled=false hasMinAspectRatioOverride=false topActivityLetterboxBounds=null cameraCompatTaskInfo=CameraCompatTaskInfo { freeformCameraCompatMode=inactive}} isImmersive=true mTopActivityRequestOrientation=6 mStatusBarParent=null mNavBarParent=null mBehindAppLockPkg=null mOriginatingUid=0 isEmbedded=false shouldBeVisible=true isCreatedByOrganizer=false mIsCastMode=false mTopActivityMediaSize=null mTopActivityRecordName=ActivityRecord{54120604 u0 com.anubis/.loader.proxy.ProxyActivity$P0 t10234} mTopActivityOrientation=6 topActivityMainWindowFrame=null}, pipChange = null, remoteTransition = null, displayChange = null, flags = 0, debugId = 44256 } isSoScActive:false triggerTask:TaskInfo{userId=0 taskId=10234 effectiveUid=11946 displayId=0 isRunning=true baseIntent=Intent { flg=0x18080000 cmp=com.anubis/.loader.proxy.ProxyActivity$P0 } baseActivity=ComponentInfo{com.anubis/com.anubis.loader.proxy.ProxyActivity$P0} topActivity=ComponentInfo{com.anubis/com.anubis.loader.proxy.ProxyActivity$P0} origActivity=null realActivity=ComponentInfo{com.anubis/com.anubis.loader.proxy.ProxyActivity$P0} numActivities=1 lastActiveTime=1280922623 supportsSplitScreenMultiWindow=true mSoScDisplayMode=-1 supportsMultiWindow=true resizeMode=1 isResizeable=true minWidth=-1 minHeight=-1 defaultMinSize=200 token=WCT{android.window.IWindowContainerToken$Stub$Proxy@6e46f89} topActivityType=1 pictureInPictureParams=null shouldDockBigOverlays=false launchIntoPipHostTaskId=-1 lastParentTaskIdBeforePip=-1 displayCutoutSafeInsets=Rect(0, 0 - 0, 0) topActivityInfo=ActivityInfo{6356b8e com.anubis.loader.proxy.ProxyActivity$P0} launchCookies=[] positionInParent=Point(0, 0) parentTaskId=-1 isFocused=true isVisible=true isVisibleRequested=true isTopActivityNoDisplay=false isSleeping=false locusId=null displayAreaFeatureId=1 isTopActivityTransparent=false isActivityStackTransparent=false lastNonFullscreenBounds=Rect(1184, 201 - 1529, 1091) capturedLink=null capturedLinkTimestamp=0 requestedVisibleTypes=-16 topActivityRequestOpenInBrowser
06-28 14:53:53.488 E/ActivityManager( 2100): [IntentRedirect Hardening] The intent does not have its nested keys collected as a preparation for creating intent creator tokens. Intent: Intent { act=ab4553f8-e7a1-4a3c-8338-b053841f3c81 cmp=com.anubis/.loader.proxy.TransparentProxyActivity$P0 (has extras) }; creatorPackage: com.anubis
06-28 14:53:53.489 D/WindowManager( 2100):    ChangeInfo{257b9dc container=Task{9fb1754 #10234 type=standard I=com.anubis/.loader.proxy.ProxyActivity$P0} flags=0x0}
06-28 14:53:53.492 D/BarFollowAnimation( 2100): isAppTaskBarOnTop win:Window{3a761fa u0 com.miraclegames.farlight84/com.epicgames.ue4.GameActivity} (mCurrentTopTask:Task{9fb1754 #10234 type=standard I=com.anubis/.loader.proxy.ProxyActivity$P0} : true); (mAssociatedTask:Task{9fb1754 #10234 type=standard I=com.anubis/.loader.proxy.ProxyActivity$P0} : true); (mHomeTask:Task{d7c7124 #6195 type=home} : false); mReparentToOriginParent:false mLastAppBarVisible:true mLastHomeBarVisible:false
06-28 14:53:53.494 D/WindowManager( 2100):    ChangeInfo{257b9dc container=Task{9fb1754 #10234 type=standard I=com.anubis/.loader.proxy.ProxyActivity$P0} flags=0x0}
06-28 14:53:53.508 I/TransitionImpl( 2100): finishTransition: updateLastSurfacePosition tf=Task{9fb1754 #10234 type=standard I=com.anubis/.loader.proxy.ProxyActivity$P0}
06-28 14:53:53.508 D/BarFollowAnimation( 2100): checkBarStatus mReparentToOriginParent:false hasTopFullAppTask:true mHomeTask:Task{d7c7124 #6195 type=home} mCurrentTopTask: Task{9fb1754 #10234 type=standard I=com.anubis/.loader.proxy.ProxyActivity$P0} mAssociatedTask: Task{9fb1754 #10234 type=standard I=com.anubis/.loader.proxy.ProxyActivity$P0} homeTaskonTop:false mLastAppBarVisible:true mLastHomeBarVisible:false isInSplitScreen:false
06-28 14:53:53.555 D/WindowManager( 2100): Collecting in transition 44257: ActivityRecord{56663566 u0 com.anubis/.loader.proxy.TransparentProxyActivity$P0 init visibleRequested:false dc:null
06-28 14:53:53.555 I/ActivityStarterImpl( 2100): boost warm start activity for com.anubis:p0
06-28 14:53:53.558 D/MiuiFreeformServiceImpl( 2100): addLaunchFreeformActivityOptionIfNeed skip due to not find sourceTask: null sourceFfas: null sourceFreeFormActivity: ActivityRecord{54120604 u0 com.anubis/.loader.proxy.ProxyActivity$P0 t10234}
06-28 14:53:53.560 D/BarFollowAnimation( 2100): onTaskInfoChanedForCaptionBar Task{9fb1754 #10234 type=standard I=com.anubis/.loader.proxy.ProxyActivity$P0} shouldbeVisible:true isVisible:true isOnTop:true windowMode:1 mCaptionAssociatedTask:null mIsTouchedInCaption:false
06-28 14:53:53.560 D/BarFollowAnimation( 2100): onTaskInfoChanedForCaptionBar Task{9fb1754 #10234 type=standard I=com.anubis/.loader.proxy.ProxyActivity$P0} shouldbeVisible:true isVisible:true isOnTop:true windowMode:1 mCaptionAssociatedTask:null mIsTouchedInCaption:false
06-28 14:53:53.566 D/BarFollowAnimation( 2100): onTaskInfoChanedForCaptionBar Task{9fb1754 #10234 type=standard I=com.anubis/.loader.proxy.ProxyActivity$P0} shouldbeVisible:true isVisible:true isOnTop:true windowMode:1 mCaptionAssociatedTask:null mIsTouchedInCaption:false
06-28 14:53:53.566 D/MiuiFreeFormManagerService( 2100): onStartActivityInner as = Task{9fb1754 #10234 type=standard I=com.anubis/.loader.proxy.ProxyActivity$P0} op = null
06-28 14:53:53.566 D/ActivityTaskManager( 2100): Not add starting window, the reason is: windowIsTranslucent = true  windowIsFloating = false  this = ActivityRecord{56663566 u0 com.anubis/.loader.proxy.TransparentProxyActivity$P0 t10234}
06-28 14:53:53.569 D/WindowManager( 2100): All the checks have been done, return STARTING_WINDOW_TYPE_NONE. this = ActivityRecord{56663566 u0 com.anubis/.loader.proxy.TransparentProxyActivity$P0 t10234}
06-28 14:53:53.569 I/WindowManager( 2100): Try to add startingWindow type = STARTING_WINDOW_TYPE_NONE this = ActivityRecord{56663566 u0 com.anubis/.loader.proxy.TransparentProxyActivity$P0 t10234} mOccludesParent = false preAllowTaskSnapshot = true afterAllowTaskSnapshot = true newTask = false taskSwitch = false processRunning = true activityCreated = false activityAllDrawn = false isSnapshotCompatible = false snapshotRotation = NaN resolvedTheme = 0 theme = 16973839
06-28 14:53:53.569 I/PowerHalWrapper( 2100): amsBoostNotify pid:15019,activity:com.anubis.loader.proxy.ProxyActivity$P0, package:com.anubis, mProcessCreatePackcom.android.vpndialogs 
06-28 14:53:53.570 I/ScnModule( 2100): [GameDetection] nativeLibs1/1:: com.anubis:: [libartpalette.so, libguestloginhook.so] 
06-28 14:53:53.570 I/mtkpower_client( 2100): [PowerHal_Wrap_notifyAppState] com.anubis/com.anubis.loader.proxy.ProxyActivity$P0 pid=15019 activityId:54120604 state:0
06-28 14:53:53.571 I/MTK_APPList( 1383): [getForegroundAPPInfo]  com.anubis/com.anubis.loader.proxy.ProxyActivity$P0 (pid=15019)
06-28 14:53:53.574 D/Transition( 2100): setReady 44257 wc=Task{9fb1754 #10234 type=standard I=com.anubis/.loader.proxy.ProxyActivity$P0} ready=false
06-28 14:53:53.574 I/vendor.mediatek.hardware.mtkpower_applist-service.mediatek( 1383): MIUI ADDpackName: com.anubis actName: com.anubis.loader.proxy.ProxyActivity$P0
06-28 14:53:53.574 D/WindowManager( 2100): Collecting in transition 44257: ActivityRecord{56663566 u0 com.anubis/.loader.proxy.TransparentProxyActivity$P0 t10234} init visibleRequested:false dc:Display{#0 state=ON size=2712x1220 ROTATION_270}
06-28 14:53:53.575 I/vendor.mediatek.hardware.mtkpower_applist-service.mediatek( 1383): packName: com.anubis actName: com.anubis.loader.proxy.ProxyActivity$P0 pid: 15019 uid: 11946 state: 0
06-28 14:53:53.575 I/MTK_APPList( 1383): [notifyAPPstate] com.anubis/com.anubis.loader.proxy.ProxyActivity$P0, pid=15019, uid=11946, state:PAUSED, fps:-1, win:1
06-28 14:53:53.575 I/MTK_APPList( 1383): [notifyAPPstate] multi_resumed_app_info[1] com.blazehealth.tracker/com.anubis.loader.proxy.ProxyActivity$P11, pid:30293, fps:-1, isMultiWindow:1
06-28 14:53:53.575 I/MTK_APPList( 1383): [notifyAPPstate] multi_resumed_app_info[2] com.blazehealth.tracker/com.anubis.loader.proxy.ProxyActivity$P9, pid:3291, fps:120, isMultiWindow:1
06-28 14:53:53.575 I/MTK_APPList( 1383): [notifyAPPstate] multi_resumed_app_info[3] com.blazehealth.tracker/com.anubis.loader.proxy.ProxyActivity$P16, pid:4637, fps:120, isMultiWindow:1
06-28 14:53:53.575 I/MTK_APPList( 1383): [notifyAPPstate] multi_resumed_app_info[4] com.blazehealth.tracker/com.anubis.loader.proxy.ProxyActivity$P10, pid:11056, fps:120, isMultiWindow:1
06-28 14:53:53.575 I/MTK_APPList( 1383): [notifyAPPstate] multi_resumed_app_info[5] com.blazehealth.tracker/com.anubis.loader.proxy.ProxyActivity$P5, pid:28100, fps:120, isMultiWindow:1
06-28 14:53:53.575 I/MTK_APPList( 1383): [notifyAPPstate] multi_resumed_app_info[22] com.android.media.module.loader/top.niunaijun.blackbox.proxy.ProxyActivity$P4, pid:15601, fps:-1, isMultiWindow:1
06-28 14:53:53.575 I/MTK_APPList( 1383): [notifyAPPstate] multi_resumed_app_info[24] com.anubis/com.anubis.loader.proxy.ProxyActivity$P2, pid:9423, fps:120, isMultiWindow:1
06-28 14:53:53.575 I/MTK_APPList( 1383): [notifyAPPstate] multi_resumed_app_info[27] com.anubis/com.anubis.loader.proxy.ProxyActivity$P4, pid:24081, fps:-1, isMultiWindow:1
06-28 14:53:53.575 I/ActivityTaskManager( 2100): START u0 {act=ab4553f8-e7a1-4a3c-8338-b053841f3c81 xflg=0x4 cmp=com.anubis/.loader.proxy.TransparentProxyActivity$P0 (has extras)} with LAUNCH_MULTIPLE from uid 11946 from pid 15019 callingPackage com.anubis (sr=54120604) (BAL_ALLOW_VISIBLE_WINDOW) result code=0
06-28 14:53:53.576 I/Perf[AppStartScene]( 2100): onSceneChangeNotify:Bundle[{renderThreadId=15131, applicationThread=android.os.BinderProxy@defe7e, pid=15019, uid=11946, name=com.anubis.loader.proxy.TransparentProxyActivity$P0, type=1, begin=true, state=2, processName=com.anubis, packageName=com.anubis, homeApp=false, appSwitch=true}]
06-28 14:53:53.576 I/SoScStageCoordinator(22177): Transition requested:TransitionRequestInfo { type = OPEN, triggerTask = TaskInfo{userId=0 taskId=10234 effectiveUid=11946 displayId=0 isRunning=true baseIntent=Intent { flg=0x18080000 cmp=com.anubis/.loader.proxy.ProxyActivity$P0 } baseActivity=ComponentInfo{com.anubis/com.anubis.loader.proxy.ProxyActivity$P0} topActivity=ComponentInfo{com.anubis/com.anubis.loader.proxy.TransparentProxyActivity$P0} origActivity=null realActivity=ComponentInfo{com.anubis/com.anubis.loader.proxy.ProxyActivity$P0} numActivities=2 lastActiveTime=1280961143 supportsSplitScreenMultiWindow=true mSoScDisplayMode=-1 supportsMultiWindow=true resizeMode=1 isResizeable=true minWidth=-1 minHeight=-1 defaultMinSize=200 token=WCT{android.window.IWindowContainerToken$Stub$Proxy@a1b7b45} topActivityType=1 pictureInPictureParams=null shouldDockBigOverlays=false launchIntoPipHostTaskId=-1 lastParentTaskIdBeforePip=-1 displayCutoutSafeInsets=Rect(0, 0 - 0, 0) topActivityInfo=ActivityInfo{9a0b29a com.anubis.loader.proxy.TransparentProxyActivity$P0} launchCookies=[] positionInParent=Point(0, 0) parentTaskId=-1 isFocused=true isVisible=true isVisibleRequested=true isTopActivityNoDisplay=false isSleeping=false locusId=null displayAreaFeatureId=1 isTopActivityTransparent=true isActivityStackTransparent=false lastNonFullscreenBounds=Rect(1184, 201 - 1529, 1091) capturedLink=null capturedLinkTimestamp=0 requestedVisibleTypes=-9 topActivityRequestOpenInBrowserEducationTimestamp=0 appCompatTaskInfo=AppCompatTaskInfo { topActivityInSizeCompat=false eligibleForLetterboxEducation= false topActivityInMiuiSizeCompat=false isLetterboxEducationEnabled= false isLetterboxDoubleTapEnabled= false eligibleForUserAspectRatioButton= false topActivityBoundsLetterboxed= false isFromLetterboxDoubleTap= false topActivityLetterboxVerticalPosition= -1 topActivityLetterboxHorizontalPosition= -1 topActivityLetterboxWidth=-1 topActivityLetterboxHeight=-1 topActivityAppBounds=Rect(0, 0 - 2592, 1172) isUserFullscreenOverrideEnabled=false isSystemFullscreenOverrideEnabled=false hasMinAspectRatioOverride=false topActivityLetterboxBounds=null cameraCompatTaskInfo=CameraCompatTaskInfo { freeformCameraCompatMode=inactive}} isImmersive=false mTopActivityRequestOrientation=6 mStatusBarParent=null mNavBarParent=null mBehindAppLockPkg=null mOriginatingUid=0 isEmbedded=false shouldBeVisible=true isCreatedByOrganizer=false mIsCastMode=false mTopActivityMediaSize=null mTopActivityRecordName=ActivityRecord{56663566 u0 com.anubis/.loader.proxy.TransparentProxyActivity$P0 t10234} mTopActivityOrientation=-2 topActivityMainWindowFrame=null}, pipChange = null, remoteTransition = null, displayChange = null, flags = 0, debugId = 44257 } isSoScActive:false triggerTask:TaskInfo{userId=0 taskId=10234 effectiveUid=11946 displayId=0 isRunning=true baseIntent=Intent { flg=0x18080000 cmp=com.anubis/.loader.proxy.ProxyActivity$P0 } baseActivity=ComponentInfo{com.anubis/com.anubis.loader.proxy.ProxyActivity$P0} topActivity=ComponentInfo{com.anubis/com.anubis.loader.proxy.TransparentProxyActivity$P0} origActivity=null realActivity=ComponentInfo{com.anubis/com.anubis.loader.proxy.ProxyActivity$P0} numActivities=2 lastActiveTime=1280961143 supportsSplitScreenMultiWindow=true mSoScDisplayMode=-1 supportsMultiWindow=true resizeMode=1 isResizeable=true minWidth=-1 minHeight=-1 defaultMinSize=200 token=WCT{android.window.IWindowContainerToken$Stub$Proxy@a1b7b45} topActivityType=1 pictureInPictureParams=null shouldDockBigOverlays=false launchIntoPipHostTaskId=-1 lastParentTaskIdBeforePip=-1 displayCutoutSafeInsets=Rect(0, 0 - 0, 0) topActivityInfo=ActivityInfo{9a0b29a com.anubis.loader.proxy.TransparentProxyActivity$P0} launchCookies=[] positionInParent=Point(0, 0) parentTaskId=-1 isFocused=true isVisible=true isVisibleRequested=true isTopActivityNoDisplay=false isSleeping=false locusId=null displayAreaFeatureId=1 isTopActivityTransparent=true isActivityStackTransparent=false lastNonFullscreenBounds=Rect(1184, 201 - 1529, 1091) capturedLink=null capturedLinkTimestamp=0 request
06-28 14:53:53.585 D/WindowManager( 2100):    ChangeInfo{5b50341 container=ActivityRecord{56663566 u0 com.anubis/.loader.proxy.TransparentProxyActivity$P0 t10234} flags=0x0}
06-28 14:53:53.585 D/WindowManager( 2100):    ChangeInfo{a5660e6 container=Task{9fb1754 #10234 type=standard I=com.anubis/.loader.proxy.ProxyActivity$P0} flags=0x0}
06-28 14:53:53.607 D/MiuiDecorationController(22177): relayout::taskId=10234, visible=true, bounds=Rect(0, 0 - 2712, 1220), focused=true, oldImmersive=false, newImmersive=false, windowMode=1, activityType=1, displayId=0, baseActivity=ComponentInfo{com.anubis/com.anubis.loader.proxy.ProxyActivity$P0}, topActivity=ComponentInfo{com.anubis/com.anubis.loader.proxy.TransparentProxyActivity$P0}, callers=com.android.wm.shell.multitasking.miuimultiwinswitch.miuiwindowdecor.decoration.MiuiDecorationController.relayout:4 com.android.wm.shell.multitasking.miuimultiwinswitch.miuiwindowdecor.MulWinSwitchDecorViewModel.onTaskInfoChanged:18 com.android.wm.shell.multitasking.common.taskmanager.MultiTaskingTaskListener.onTaskInfoChanged:47 com.android.wm.shell.ShellTaskOrganizer.onTaskInfoChanged:136 android.window.TaskOrganizer$1.lambda$onTaskInfoChanged$6:300 
06-28 14:53:53.609 D/WindowManager( 2100): Collecting in transition 44257: ActivityRecord{56663566 u0 com.anubis/.loader.proxy.TransparentProxyActivity$P0 t10234} init visibleRequested:false dc:Display{#0 state=ON size=2712x1220 ROTATION_270}
06-28 14:53:53.610 D/BarFollowAnimation( 2100): onTaskInfoChanedForCaptionBar Task{9fb1754 #10234 type=standard I=com.anubis/.loader.proxy.ProxyActivity$P0} shouldbeVisible:true isVisible:true isOnTop:true windowMode:1 mCaptionAssociatedTask:null mIsTouchedInCaption:false
06-28 14:53:53.610 D/WindowManager( 2100): Collecting in transition 44257: ActivityRecord{56663566 u0 com.anubis/.loader.proxy.TransparentProxyActivity$P0 t10234} init visibleRequested:true dc:Display{#0 state=ON size=2712x1220 ROTATION_270}
06-28 14:53:53.611 D/MiuiDecorationController(22177): relayout::taskId=10234, visible=true, bounds=Rect(0, 0 - 2712, 1220), focused=true, oldImmersive=false, newImmersive=false, windowMode=1, activityType=1, displayId=0, baseActivity=ComponentInfo{com.anubis/com.anubis.loader.proxy.ProxyActivity$P0}, topActivity=ComponentInfo{com.anubis/com.anubis.loader.proxy.TransparentProxyActivity$P0}, callers=com.android.wm.shell.multitasking.miuimultiwinswitch.miuiwindowdecor.decoration.MiuiDecorationController.relayout:4 com.android.wm.shell.multitasking.miuimultiwinswitch.miuiwindowdecor.MulWinSwitchDecorViewModel.onTaskInfoChanged:18 com.android.wm.shell.multitasking.common.taskmanager.MultiTaskingTaskListener.onTaskInfoChanged:47 com.android.wm.shell.ShellTaskOrganizer.onTaskInfoChanged:136 android.window.TaskOrganizer$1.lambda$onTaskInfoChanged$6:300 
06-28 14:53:53.612 D/BarFollowAnimation( 2100): isAppTaskBarOnTop win:Window{3a761fa u0 com.miraclegames.farlight84/com.epicgames.ue4.GameActivity} (mCurrentTopTask:Task{9fb1754 #10234 type=standard I=com.anubis/.loader.proxy.ProxyActivity$P0} : true); (mAssociatedTask:Task{9fb1754 #10234 type=standard I=com.anubis/.loader.proxy.ProxyActivity$P0} : true); (mHomeTask:Task{d7c7124 #6195 type=home} : false); mReparentToOriginParent:false mLastAppBarVisible:true mLastHomeBarVisible:false
06-28 14:53:53.612 I/PowerHalWrapper( 2100): amsBoostNotify pid:15019,activity:com.anubis.loader.proxy.TransparentProxyActivity$P0, package:com.anubis, mProcessCreatePackcom.android.vpndialogs 
06-28 14:53:53.613 I/ScnModule( 2100): [GameDetection] nativeLibs1/1:: com.anubis:: [libartpalette.so, libguestloginhook.so] 
06-28 14:53:53.613 I/mtkpower_client( 2100): [PowerHal_Wrap_notifyAppState] com.anubis/com.anubis.loader.proxy.TransparentProxyActivity$P0 pid=15019 activityId:56663566 state:1
06-28 14:53:53.614 I/MTK_APPList( 1383): [getForegroundAPPInfo]  com.anubis/com.anubis.loader.proxy.ProxyActivity$P0 (pid=15019)
06-28 14:53:53.614 I/vendor.mediatek.hardware.mtkpower_applist-service.mediatek( 1383): MIUI ADDpackName: com.anubis actName: com.anubis.loader.proxy.ProxyActivity$P0
06-28 14:53:53.615 I/vendor.mediatek.hardware.mtkpower_applist-service.mediatek( 1383): packName: com.anubis actName: com.anubis.loader.proxy.TransparentProxyActivity$P0 pid: 15019 uid: 11946 state: 1
06-28 14:53:53.615 I/MTK_APPList( 1383): [notifyAPPstate] com.anubis/com.anubis.loader.proxy.TransparentProxyActivity$P0, pid=15019, uid=11946, state:RESUMED, fps:-1, win:1
06-28 14:53:53.615 I/MTK_APPList( 1383): [notifyAPPstate] multi_resumed_app_info[1] com.blazehealth.tracker/com.anubis.loader.proxy.ProxyActivity$P11, pid:30293, fps:-1, isMultiWindow:1
06-28 14:53:53.615 I/MTK_APPList( 1383): [notifyAPPstate] multi_resumed_app_info[2] com.blazehealth.tracker/com.anubis.loader.proxy.ProxyActivity$P9, pid:3291, fps:120, isMultiWindow:1
06-28 14:53:53.615 I/MTK_APPList( 1383): [notifyAPPstate] multi_resumed_app_info[3] com.blazehealth.tracker/com.anubis.loader.proxy.ProxyActivity$P16, pid:4637, fps:120, isMultiWindow:1
06-28 14:53:53.615 I/MTK_APPList( 1383): [notifyAPPstate] multi_resumed_app_info[4] com.blazehealth.tracker/com.anubis.loader.proxy.ProxyActivity$P10, pid:11056, fps:120, isMultiWindow:1
06-28 14:53:53.615 I/MTK_APPList( 1383): [notifyAPPstate] multi_resumed_app_info[5] com.blazehealth.tracker/com.anubis.loader.proxy.ProxyActivity$P5, pid:28100, fps:120, isMultiWindow:1
06-28 14:53:53.615 I/MTK_APPList( 1383): [notifyAPPstate] multi_resumed_app_info[22] com.android.media.module.loader/top.niunaijun.blackbox.proxy.ProxyActivity$P4, pid:15601, fps:-1, isMultiWindow:1
06-28 14:53:53.615 I/MTK_APPList( 1383): [notifyAPPstate] multi_resumed_app_info[24] com.anubis/com.anubis.loader.proxy.ProxyActivity$P2, pid:9423, fps:120, isMultiWindow:1
06-28 14:53:53.615 I/MTK_APPList( 1383): [notifyAPPstate] multi_resumed_app_info[27] com.anubis/com.anubis.loader.proxy.ProxyActivity$P4, pid:24081, fps:-1, isMultiWindow:1
06-28 14:53:53.615 I/MTK_APPList( 1383): [notifyAPPstate] multi_resumed_app_info[28] com.anubis/com.anubis.loader.proxy.TransparentProxyActivity$P0, pid:15019, fps:-1, isMultiWindow:1
06-28 14:53:53.616 I/MTK_APPList( 1383): [notifyAPPstate] act com.anubis.loader.proxy.ProxyActivity$P0 => com.anubis.loader.proxy.TransparentProxyActivity$P0
06-28 14:53:53.619 D/WindowManager( 2100):    ChangeInfo{5b50341 container=ActivityRecord{56663566 u0 com.anubis/.loader.proxy.TransparentProxyActivity$P0 t10234} flags=0x0}
06-28 14:53:53.619 D/WindowManager( 2100):    ChangeInfo{a5660e6 container=Task{9fb1754 #10234 type=standard I=com.anubis/.loader.proxy.ProxyActivity$P0} flags=0x0}
06-28 14:53:53.620 D/BarFollowAnimation( 2100): isAppTaskBarOnTop win:Window{3a761fa u0 com.miraclegames.farlight84/com.epicgames.ue4.GameActivity} (mCurrentTopTask:Task{9fb1754 #10234 type=standard I=com.anubis/.loader.proxy.ProxyActivity$P0} : true); (mAssociatedTask:Task{9fb1754 #10234 type=standard I=com.anubis/.loader.proxy.ProxyActivity$P0} : true); (mHomeTask:Task{d7c7124 #6195 type=home} : false); mReparentToOriginParent:false mLastAppBarVisible:true mLastHomeBarVisible:false
06-28 14:53:53.621 I/BLASTSyncEngine( 2100): SyncGroup 44257:  Unfinished container:ActivityRecord{56663566 u0 com.anubis/.loader.proxy.TransparentProxyActivity$P0 t10234}
06-28 14:53:53.621 I/BLASTSyncEngine( 2100): isActivitySyncFinished isSyncFinished false ActivityRecord{56663566 u0 com.anubis/.loader.proxy.TransparentProxyActivity$P0 t10234}
06-28 14:53:53.621 E/TransitionChain( 2100):    ChangeInfo{5b50341 container=ActivityRecord{56663566 u0 com.anubis/.loader.proxy.TransparentProxyActivity$P0 t10234} flags=0x0}
06-28 14:53:53.621 E/TransitionChain( 2100):    ChangeInfo{a5660e6 container=Task{9fb1754 #10234 type=standard I=com.anubis/.loader.proxy.ProxyActivity$P0} flags=0x0}
06-28 14:53:53.621 E/TransitionChain( 2100):    ChangeInfo{5b50341 container=ActivityRecord{56663566 u0 com.anubis/.loader.proxy.TransparentProxyActivity$P0 t10234} flags=0x0}
06-28 14:53:53.621 E/TransitionChain( 2100):    ChangeInfo{a5660e6 container=Task{9fb1754 #10234 type=standard I=com.anubis/.loader.proxy.ProxyActivity$P0} flags=0x0}
06-28 14:53:53.622 D/ActivityTaskManager( 2100):  setSkipCaptureLayers tr: Task{9fb1754 #10234 type=standard I=com.anubis/.loader.proxy.ProxyActivity$P0}
06-28 14:53:53.624 E/TransitionChain( 2100):    ChangeInfo{5b50341 container=ActivityRecord{56663566 u0 com.anubis/.loader.proxy.TransparentProxyActivity$P0 t10234} flags=0x0}
06-28 14:53:53.624 E/TransitionChain( 2100):    ChangeInfo{a5660e6 container=Task{9fb1754 #10234 type=standard I=com.anubis/.loader.proxy.ProxyActivity$P0} flags=0x0}
06-28 14:53:53.624 E/TransitionChain( 2100):    ChangeInfo{5b50341 container=ActivityRecord{56663566 u0 com.anubis/.loader.proxy.TransparentProxyActivity$P0 t10234} flags=0x0}
06-28 14:53:53.624 E/TransitionChain( 2100):    ChangeInfo{a5660e6 container=Task{9fb1754 #10234 type=standard I=com.anubis/.loader.proxy.ProxyActivity$P0} flags=0x0}
06-28 14:53:53.624 D/ActivityTaskManager( 2100):  setSkipCaptureLayers tr: Task{9fb1754 #10234 type=standard I=com.anubis/.loader.proxy.ProxyActivity$P0}
06-28 14:53:53.646 D/ActivityManager( 2100): Logging startService for com.anubis, stopped=false, firstLaunch=false, intent=Intent { act=259a0ede-80d5-48c8-bf32-0492849da71a xflg=0x4 cmp=com.anubis/.loader.proxy.ProxyService$P0 (has extras) }, r.app=ProcessRecord{dac9959 15019:com.anubis:p0/u0a1946}
06-28 14:53:53.726 D/KeyguardEditorHelper(22177): onTopActivityMayChanged, topActivity=ComponentInfo{com.anubis/com.anubis.loader.proxy.TransparentProxyActivity$P0}; mState=IDEL
06-28 14:53:53.730 E/ActivityManagerWrapper( 1281):  mainTaskId=10234   userId=0   windowMode=1   isExcludedFromRecents=false   baseIntent=Intent { act=null flag=403177472 cmp=ComponentInfo{com.anubis/com.anubis.loader.proxy.ProxyActivity$P0} }
06-28 14:53:53.739 D/RecentsTaskLoader( 1281): reloadTasksData [TaskKey{id=10234, stackId=0, baseIntent=Intent { flg=0x18080000 cmp=com.anubis/.loader.proxy.ProxyActivity$P0 }, userId=0, lastActiveTime=1280961184, windowingMode=1, isThumbnailBlur=false, isAccessLocked=false, isScreening=false, topActivity=ComponentInfo{com.anubis/com.anubis.loader.proxy.TransparentProxyActivity$P0}, mHashCode=305804646}, title=Farlight 84, titleDescription=Anubis, bounds=null, isLaunchTarget=false, isStackTask=true, isSystemApp=false, isDockable=true, baseActivity=ComponentInfo{com.anubis/com.anubis.loader.proxy.ProxyActivity$P0}, isLocked=false, mNeedHide=false, hasMultipleTasks=false, cti1Key=, cti2Key=] 
06-28 14:53:53.811 E/MiInputDispatcher( 2100):     displayId=0, name='ActivityRecord{56663566 u0 com.anubis/.loader.proxy.TransparentProxyActivity$P0 t10234}', dispatchingTimeout=5000ms
06-28 14:53:53.811 E/MiInputDispatcher( 2100):       15: name=3a761fa com.miraclegames.farlight84/com.epicgames.ue4.GameActivity, id=967451, displayId=0, inputConfig=0x0, miuiFlags=0x0, alpha=1, frame=[0,0][1220,2712], globalScale=1, applicationInfo.name=ActivityRecord{54120604 u0 com.anubis/.loader.proxy.ProxyActivity$P0 t10234}, applicationInfo.token=0xb4000072e2bf7db0, touchableRegion=[0,0][1220,2712], ownerPid=15019, ownerUid=11946, dispatchingTimeout=5000ms, token=0xb4000072d2fb0810, touchOcclusionMode=BLOCK_UNTRUSTED, needMiuiEmbeddedEventMapping=0, miuiEmbeddedHotRegion=<empty>, miuiEmbeddedMidRegion=<empty>, canOccludePresentation
06-28 14:53:53.811 E/MiInputDispatcher( 2100):       19: name=d82280f ActivityRecordInputSink com.anubis/.loader.proxy.ProxyActivity$P0, id=967436, displayId=0, inputConfig=NO_INPUT_CHANNEL | NOT_FOCUSABLE, miuiFlags=0x0, alpha=1, frame=[0,2712][0,2712], globalScale=0, applicationInfo.name=, applicationInfo.token=<null>, touchableRegion=[-12200,-24408][12200,29832], ownerPid=2100, ownerUid=1000, dispatchingTimeout=0ms, token=0x0, touchOcclusionMode=BLOCK_UNTRUSTED, needMiuiEmbeddedEventMapping=0, miuiEmbeddedHotRegion=<empty>, miuiEmbeddedMidRegion=<empty>
06-28 14:53:53.820 I/com.anubis:p0(15019): AssetManager2(0x73e2870918) locale list changing from [] to [en-IN]
06-28 14:53:53.822 D/BarFollowAnimation( 2100): onTaskInfoChanedForCaptionBar Task{9fb1754 #10234 type=standard I=com.anubis/.loader.proxy.ProxyActivity$P0} shouldbeVisible:true isVisible:true isOnTop:true windowMode:1 mCaptionAssociatedTask:null mIsTouchedInCaption:false
06-28 14:53:53.825 D/MiuiEmbeddingWindowService_Video_FullScreen( 2100): com.anubis.loader.proxy.TransparentProxyActivity$P0 not support embedded video fullscreen!
06-28 14:53:53.826 D/MiuiEmbeddingWindowService_Video_FullScreen( 2100): reset embedded video fullscreen, tf Bounds=Rect(0, 0 - 2712, 1220) ar=ActivityRecord{56663566 u0 com.anubis/.loader.proxy.TransparentProxyActivity$P0 t10234}
06-28 14:53:53.911 D/MiuiDecorationController(22177): relayout::taskId=10234, visible=true, bounds=Rect(0, 0 - 2712, 1220), focused=true, oldImmersive=false, newImmersive=false, windowMode=1, activityType=1, displayId=0, baseActivity=ComponentInfo{com.anubis/com.anubis.loader.proxy.ProxyActivity$P0}, topActivity=ComponentInfo{com.anubis/com.anubis.loader.proxy.TransparentProxyActivity$P0}, callers=com.android.wm.shell.multitasking.miuimultiwinswitch.miuiwindowdecor.decoration.MiuiDecorationController.relayout:4 com.android.wm.shell.multitasking.miuimultiwinswitch.miuiwindowdecor.MulWinSwitchDecorViewModel.onTaskInfoChanged:18 com.android.wm.shell.multitasking.common.taskmanager.MultiTaskingTaskListener.onTaskInfoChanged:47 com.android.wm.shell.ShellTaskOrganizer.onTaskInfoChanged:136 android.window.TaskOrganizer$1.lambda$onTaskInfoChanged$6:300 
06-28 14:53:53.912 E/TransitionChain( 2100):    ChangeInfo{5b50341 container=ActivityRecord{56663566 u0 com.anubis/.loader.proxy.TransparentProxyActivity$P0 t10234} flags=0x0}
06-28 14:53:53.912 E/TransitionChain( 2100):    ChangeInfo{a5660e6 container=Task{9fb1754 #10234 type=standard I=com.anubis/.loader.proxy.ProxyActivity$P0} flags=0x0}
06-28 14:53:53.912 E/TransitionChain( 2100):    ChangeInfo{5b50341 container=ActivityRecord{56663566 u0 com.anubis/.loader.proxy.TransparentProxyActivity$P0 t10234} flags=0x0}
06-28 14:53:53.912 E/TransitionChain( 2100):    ChangeInfo{a5660e6 container=Task{9fb1754 #10234 type=standard I=com.anubis/.loader.proxy.ProxyActivity$P0} flags=0x0}
06-28 14:53:53.912 D/ActivityTaskManager( 2100):  setSkipCaptureLayers tr: Task{9fb1754 #10234 type=standard I=com.anubis/.loader.proxy.ProxyActivity$P0}
06-28 14:53:54.635 D/RecentsImpl( 1281): mActivityStateObserver com.anubis.loader.proxy.TransparentProxyActivity$P0
06-28 14:53:54.635 W/RecentsImpl( 1281): updateGestureWindowVisibleImpl, className=com.anubis.loader.proxy.TransparentProxyActivity$P0
06-28 14:53:54.683 D/BarFollowAnimation( 2100): isAppTaskBarOnTop win:Window{3a761fa u0 com.miraclegames.farlight84/com.epicgames.ue4.GameActivity} (mCurrentTopTask:Task{9fb1754 #10234 type=standard I=com.anubis/.loader.proxy.ProxyActivity$P0} : true); (mAssociatedTask:Task{9fb1754 #10234 type=standard I=com.anubis/.loader.proxy.ProxyActivity$P0} : true); (mHomeTask:Task{d7c7124 #6195 type=home} : false); mReparentToOriginParent:false mLastAppBarVisible:true mLastHomeBarVisible:false
06-28 14:53:54.684 I/BLASTSyncEngine( 2100): SyncGroup 44257:  Unfinished container:ActivityRecord{56663566 u0 com.anubis/.loader.proxy.TransparentProxyActivity$P0 t10234}
06-28 14:53:54.684 I/BLASTSyncEngine( 2100): isActivitySyncFinished isSyncFinished false ActivityRecord{56663566 u0 com.anubis/.loader.proxy.TransparentProxyActivity$P0 t10234}
06-28 14:53:54.690 D/BarFollowAnimation( 2100): isAppTaskBarOnTop win:Window{9a1020f u0 Loading} (mCurrentTopTask:Task{9fb1754 #10234 type=standard I=com.anubis/.loader.proxy.ProxyActivity$P0} : true); (mAssociatedTask:Task{9fb1754 #10234 type=standard I=com.anubis/.loader.proxy.ProxyActivity$P0} : true); (mHomeTask:Task{d7c7124 #6195 type=home} : false); mReparentToOriginParent:false mLastAppBarVisible:true mLastHomeBarVisible:false
06-28 14:53:54.716 D/BarFollowAnimation( 2100): isAppTaskBarOnTop win:Window{9a1020f u0 Loading} (mCurrentTopTask:Task{9fb1754 #10234 type=standard I=com.anubis/.loader.proxy.ProxyActivity$P0} : true); (mAssociatedTask:Task{9fb1754 #10234 type=standard I=com.anubis/.loader.proxy.ProxyActivity$P0} : true); (mHomeTask:Task{d7c7124 #6195 type=home} : false); mReparentToOriginParent:false mLastAppBarVisible:true mLastHomeBarVisible:false
06-28 14:53:54.718 I/BLASTSyncEngine( 2100): SyncGroup 44257:  Unfinished container:ActivityRecord{56663566 u0 com.anubis/.loader.proxy.TransparentProxyActivity$P0 t10234}
06-28 14:53:54.719 I/BLASTSyncEngine( 2100): isActivitySyncFinished isSyncFinished false ActivityRecord{56663566 u0 com.anubis/.loader.proxy.TransparentProxyActivity$P0 t10234}
06-28 14:53:54.727 D/BarFollowAnimation( 2100): isAppTaskBarOnTop win:Window{9a1020f u0 Loading} (mCurrentTopTask:Task{9fb1754 #10234 type=standard I=com.anubis/.loader.proxy.ProxyActivity$P0} : true); (mAssociatedTask:Task{9fb1754 #10234 type=standard I=com.anubis/.loader.proxy.ProxyActivity$P0} : true); (mHomeTask:Task{d7c7124 #6195 type=home} : false); mReparentToOriginParent:false mLastAppBarVisible:true mLastHomeBarVisible:false
06-28 14:53:54.727 I/BLASTSyncEngine( 2100): SyncGroup 44257:  Unfinished container:ActivityRecord{56663566 u0 com.anubis/.loader.proxy.TransparentProxyActivity$P0 t10234}
06-28 14:53:54.727 I/BLASTSyncEngine( 2100): isActivitySyncFinished isSyncFinished false ActivityRecord{56663566 u0 com.anubis/.loader.proxy.TransparentProxyActivity$P0 t10234}
06-28 14:53:54.734 D/BarFollowAnimation( 2100): isAppTaskBarOnTop win:Window{9a1020f u0 Loading} (mCurrentTopTask:Task{9fb1754 #10234 type=standard I=com.anubis/.loader.proxy.ProxyActivity$P0} : true); (mAssociatedTask:Task{9fb1754 #10234 type=standard I=com.anubis/.loader.proxy.ProxyActivity$P0} : true); (mHomeTask:Task{d7c7124 #6195 type=home} : false); mReparentToOriginParent:false mLastAppBarVisible:true mLastHomeBarVisible:false
06-28 14:53:54.735 I/BLASTSyncEngine( 2100): SyncGroup 44257:  Unfinished container:ActivityRecord{56663566 u0 com.anubis/.loader.proxy.TransparentProxyActivity$P0 t10234}
06-28 14:53:54.735 I/BLASTSyncEngine( 2100): isActivitySyncFinished isSyncFinished false ActivityRecord{56663566 u0 com.anubis/.loader.proxy.TransparentProxyActivity$P0 t10234}
06-28 14:53:54.741 D/BarFollowAnimation( 2100): isAppTaskBarOnTop win:Window{9a1020f u0 Loading} (mCurrentTopTask:Task{9fb1754 #10234 type=standard I=com.anubis/.loader.proxy.ProxyActivity$P0} : true); (mAssociatedTask:Task{9fb1754 #10234 type=standard I=com.anubis/.loader.proxy.ProxyActivity$P0} : true); (mHomeTask:Task{d7c7124 #6195 type=home} : false); mReparentToOriginParent:false mLastAppBarVisible:true mLastHomeBarVisible:false
06-28 14:53:54.744 D/BarFollowAnimation( 2100): isAppTaskBarOnTop win:Window{9a1020f u0 Loading} (mCurrentTopTask:Task{9fb1754 #10234 type=standard I=com.anubis/.loader.proxy.ProxyActivity$P0} : true); (mAssociatedTask:Task{9fb1754 #10234 type=standard I=com.anubis/.loader.proxy.ProxyActivity$P0} : true); (mHomeTask:Task{d7c7124 #6195 type=home} : false); mReparentToOriginParent:false mLastAppBarVisible:true mLastHomeBarVisible:false
06-28 14:53:54.755 I/BLASTSyncEngine( 2100): SyncGroup 44257:  Unfinished container:ActivityRecord{56663566 u0 com.anubis/.loader.proxy.TransparentProxyActivity$P0 t10234}
06-28 14:53:54.755 I/BLASTSyncEngine( 2100): isActivitySyncFinished isSyncFinished false ActivityRecord{56663566 u0 com.anubis/.loader.proxy.TransparentProxyActivity$P0 t10234}
06-28 14:53:54.768 D/BarFollowAnimation( 2100): isAppTaskBarOnTop win:Window{9a1020f u0 Loading} (mCurrentTopTask:Task{9fb1754 #10234 type=standard I=com.anubis/.loader.proxy.ProxyActivity$P0} : true); (mAssociatedTask:Task{9fb1754 #10234 type=standard I=com.anubis/.loader.proxy.ProxyActivity$P0} : true); (mHomeTask:Task{d7c7124 #6195 type=home} : false); mReparentToOriginParent:false mLastAppBarVisible:true mLastHomeBarVisible:false
06-28 14:53:54.772 D/BarFollowAnimation( 2100): onTaskInfoChanedForCaptionBar Task{9fb1754 #10234 type=standard I=com.anubis/.loader.proxy.ProxyActivity$P0} shouldbeVisible:true isVisible:true isOnTop:true windowMode:1 mCaptionAssociatedTask:null mIsTouchedInCaption:false
06-28 14:53:54.774 D/WindowManager( 2100): Final targets: [ChangeInfo{5b50341 container=ActivityRecord{56663566 u0 com.anubis/.loader.proxy.TransparentProxyActivity$P0 t10234} flags=0x0}]
06-28 14:53:54.780 D/WindowManager( 2100): Calling onTransitionReady info={id=44257 t=OPEN f=0x4000000 trk=0 r=[0@Point(0, 0)] c=[{m=OPEN f=TRANSLUCENT|FILLS_TASK leash=Surface(name=ActivityRecord{56663566 u0 com.anubis/.loader.proxy.TransparentProxyActivity$P0 t10234}#967464)/@0x66d563c sb=Rect(0, 0 - 0, 0) eb=Rect(0, 0 - 2712, 1220) epz=Point(2712, 1220) d=-1->0 r=-1->3:-1 windowMode=0->1 bc=ff000000 component=com.anubis/.loader.proxy.TransparentProxyActivity$P0 v=trueMiuiChangeImpl {miuiEmbedding:false, scale:1.0}}] mk=[true] noAni=[false] df=[false] rsa=[false] oa=[true] nc=[0] ho=[false] hla=[false] iSync=[-1]}, mToken=Token{3109193 TransitionRecord{ecadc09 id=44257 type=OPEN flags=0x0 c=[
06-28 14:53:54.780 D/WindowManager( 2100):    ChangeInfo{5b50341 container=ActivityRecord{56663566 u0 com.anubis/.loader.proxy.TransparentProxyActivity$P0 t10234} flags=0x0}
06-28 14:53:54.780 D/WindowManager( 2100):    ChangeInfo{a5660e6 container=Task{9fb1754 #10234 type=standard I=com.anubis/.loader.proxy.ProxyActivity$P0} flags=0x0}
06-28 14:53:54.788 I/SmartPower( 2100): Miui monitor launch : com.anubis/.loader.proxy.TransparentProxyActivity$P0  transitionTime:1277  launchTime:1260  launchFrom:com.anubis  launchType:4
06-28 14:53:54.789 I/Perf[AppStartScene]( 2100): onSceneChangeNotify:Bundle[{renderThreadId=15131, pid=15019, uid=11946, name=com.anubis.loader.proxy.TransparentProxyActivity$P0, type=1, begin=false, state=1, processName=com.anubis, packageName=com.anubis}]
06-28 14:53:54.791 D/BarFollowAnimation( 2100): isAppTaskBarOnTop win:Window{9a1020f u0 Loading} (mCurrentTopTask:Task{9fb1754 #10234 type=standard I=com.anubis/.loader.proxy.ProxyActivity$P0} : true); (mAssociatedTask:Task{9fb1754 #10234 type=standard I=com.anubis/.loader.proxy.ProxyActivity$P0} : true); (mHomeTask:Task{d7c7124 #6195 type=home} : false); mReparentToOriginParent:false mLastAppBarVisible:true mLastHomeBarVisible:false
06-28 14:53:54.796 I/ActivityTaskManager( 2100): Displayed com.anubis/.loader.proxy.TransparentProxyActivity$P0 for user 0: +1s260ms
06-28 14:53:54.798 D/BarFollowAnimation( 2100):  isSameOrientation  task = Task{9fb1754 #10234 type=standard I=com.anubis/.loader.proxy.ProxyActivity$P0} activityRecord = ActivityRecord{56663566 u0 com.anubis/.loader.proxy.TransparentProxyActivity$P0 t10234} task.orientation = 2 activityRecord.orientation = 2
06-28 14:53:54.798 D/BarFollowAnimation( 2100): calculateAppSurface: task=Task{9fb1754 #10234 type=standard I=com.anubis/.loader.proxy.ProxyActivity$P0} appSurface=Surface(name=NavigationBar Container of Task = 10234#967393)/@0xffcb6fd
06-28 14:53:54.801 D/BarFollowAnimation( 2100): disableBarAnimation change={m=OPEN f=TRANSLUCENT|FILLS_TASK leash=Surface(name=ActivityRecord{56663566 u0 com.anubis/.loader.proxy.TransparentProxyActivity$P0 t10234}#967464)/@0x66d563c sb=Rect(0, 0 - 0, 0) eb=Rect(0, 0 - 2712, 1220) epz=Point(2712, 1220) d=-1->0 r=-1->3:-1 windowMode=0->1 bc=ff000000 component=com.anubis/.loader.proxy.TransparentProxyActivity$P0 v=trueMiuiChangeImpl {miuiEmbedding:false, scale:1.0}} 0 1
