06-28 14:53:19.123 I/MTK_APPList( 1383): [notifyAPPstate] multi_resumed_app_info[4] com.blazehealth.tracker/com.anubis.loader.proxy.ProxyActivity$P10, pid:11056, fps:120, isMultiWindow:1
06-28 14:53:19.123 I/MTK_APPList( 1383): [notifyAPPstate] multi_resumed_app_info[5] com.blazehealth.tracker/com.anubis.loader.proxy.ProxyActivity$P5, pid:28100, fps:120, isMultiWindow:1
06-28 14:53:19.123 I/MTK_APPList( 1383): [notifyAPPstate] multi_resumed_app_info[22] com.android.media.module.loader/top.niunaijun.blackbox.proxy.ProxyActivity$P4, pid:15601, fps:-1, isMultiWindow:1
06-28 14:53:19.123 I/MTK_APPList( 1383): [notifyAPPstate] multi_resumed_app_info[24] com.anubis/com.anubis.loader.proxy.ProxyActivity$P2, pid:9423, fps:120, isMultiWindow:1
06-28 14:53:19.123 I/MTK_APPList( 1383): [notifyAPPstate] multi_resumed_app_info[27] com.anubis/com.anubis.loader.proxy.ProxyActivity$P4, pid:24081, fps:-1, isMultiWindow:1
06-28 14:53:19.123 I/MTK_APPList( 1383): [notifyAPPstate] multi_resumed_app_info[28] com.anubis/com.anubis.loader.proxy.ProxyActivity$P0, pid:15019, fps:-1, isMultiWindow:1
06-28 14:53:19.129 D/BarFollowAnimation( 2100): isAppTaskBarOnTop win:Window{3a761fa u0 com.miraclegames.farlight84/com.epicgames.ue4.GameActivity} (mCurrentTopTask:Task{9fb1754 #10234 type=standard I=com.anubis/.loader.proxy.ProxyActivity$P0} : true); (mAssociatedTask:Task{9fb1754 #10234 type=standard I=com.anubis/.loader.proxy.ProxyActivity$P0} : true); (mHomeTask:Task{d7c7124 #6195 type=home} : false); mReparentToOriginParent:false mLastAppBarVisible:true mLastHomeBarVisible:false
06-28 14:53:19.133 I/SurfaceFlinger( 1477): onHandleDestroyed: layerId=967395, name=ActivityRecord{235684710 u0 com.anubis/.loader.proxy.ProxyActivity$P0 t10234}#967395
06-28 14:53:19.135 D/MiuiDecorationController(22177): relayout::taskId=10234, visible=true, bounds=Rect(0, 0 - 2712, 1220), focused=true, oldImmersive=false, newImmersive=true, windowMode=1, activityType=1, displayId=0, baseActivity=ComponentInfo{com.anubis/com.anubis.loader.proxy.ProxyActivity$P0}, topActivity=ComponentInfo{com.anubis/com.anubis.loader.proxy.ProxyActivity$P0}, callers=com.android.wm.shell.multitasking.miuimultiwinswitch.miuiwindowdecor.decoration.MiuiDecorationController.relayout:4 com.android.wm.shell.multitasking.miuimultiwinswitch.miuiwindowdecor.MulWinSwitchDecorViewModel.onTaskInfoChanged:18 com.android.wm.shell.multitasking.common.taskmanager.MultiTaskingTaskListener.onTaskInfoChanged:47 com.android.wm.shell.ShellTaskOrganizer.onTaskInfoChanged:136 android.window.TaskOrganizer$1.lambda$onTaskInfoChanged$6:300 
06-28 14:53:19.139 D/MiuiFreeformModeController(22177): onFocusTaskChanged taskInfo: TaskInfo{userId=0 taskId=10234 effectiveUid=11946 displayId=0 isRunning=true baseIntent=Intent { flg=0x18080000 cmp=com.anubis/.loader.proxy.ProxyActivity$P0 } baseActivity=ComponentInfo{com.anubis/com.anubis.loader.proxy.ProxyActivity$P0} topActivity=ComponentInfo{com.anubis/com.anubis.loader.proxy.ProxyActivity$P0} origActivity=null realActivity=ComponentInfo{com.anubis/com.anubis.loader.proxy.ProxyActivity$P0} numActivities=1 lastActiveTime=1280922623 supportsSplitScreenMultiWindow=true mSoScDisplayMode=-1 supportsMultiWindow=true resizeMode=1 isResizeable=true minWidth=-1 minHeight=-1 defaultMinSize=200 token=WCT{android.window.IWindowContainerToken$Stub$Proxy@a51f0b7} topActivityType=1 pictureInPictureParams=null shouldDockBigOverlays=false launchIntoPipHostTaskId=-1 lastParentTaskIdBeforePip=-1 displayCutoutSafeInsets=Rect(0, 0 - 0, 0) topActivityInfo=ActivityInfo{c57024 com.anubis.loader.proxy.ProxyActivity$P0} launchCookies=[] positionInParent=Point(0, 0) parentTaskId=-1 isFocused=true isVisible=true isVisibleRequested=true isTopActivityNoDisplay=false isSleeping=false locusId=null displayAreaFeatureId=1 isTopActivityTransparent=false isActivityStackTransparent=false lastNonFullscreenBounds=Rect(1184, 201 - 1529, 1091) capturedLink=null capturedLinkTimestamp=0 requestedVisibleTypes=-16 topActivityRequestOpenInBrowserEducationTimestamp=0 appCompatTaskInfo=AppCompatTaskInfo { topActivityInSizeCompat=false eligibleForLetterboxEducation= false topActivityInMiuiSizeCompat=false isLetterboxEducationEnabled= false isLetterboxDoubleTapEnabled= false eligibleForUserAspectRatioButton= false topActivityBoundsLetterboxed= false isFromLetterboxDoubleTap= false topActivityLetterboxVerticalPosition= -1 topActivityLetterboxHorizontalPosition= -1 topActivityLetterboxWidth=-1 topActivityLetterboxHeight=-1 topActivityAppBounds=Rect(0, 0 - 2592, 1172) isUserFullscreenOverrideEnabled=false isSystemFullscreenOverrideEnabled=false hasMinAspectRatioOverride=false topActivityLetterboxBounds=null cameraCompatTaskInfo=CameraCompatTaskInfo { freeformCameraCompatMode=inactive}} isImmersive=true mTopActivityRequestOrientation=6 mStatusBarParent=Surface(name=StatusBar Container of Task = 10234#967394)/@0x30e11db mNavBarParent=Surface(name=NavigationBar Container of Task = 10234#967393)/@0xd08478 mBehindAppLockPkg=null mOriginatingUid=0 isEmbedded=false shouldBeVisible=true isCreatedByOrganizer=false mIsCastMode=false mTopActivityMediaSize=null mTopActivityRecordName=ActivityRecord{54120604 u0 com.anubis/.loader.proxy.ProxyActivity$P0 t10234} mTopActivityOrientation=6 topActivityMainWindowFrame=null}
06-28 14:53:19.139 D/ActivityTaskManager( 2100):  setSkipCaptureLayers tr: Task{9fb1754 #10234 type=standard I=com.anubis/.loader.proxy.ProxyActivity$P0}
06-28 14:53:19.242 D/nativeloader(15653): Configuring clns-11 for other apk /system_ext/framework/com.android.extensions.appfunctions.jar. target_sdk_version=37, uses_libraries=ALL, library_path=/data/app/~~7KRia6Q8YoWjcx7687WLDw==/com.google.android.gms-_lLsUCfGxZ6INzuzf1SBew==/lib/arm64:/data/app/~~7KRia6Q8YoWjcx7687WLDw==/com.google.android.gms-_lLsUCfGxZ6INzuzf1SBew==/base.apk!/lib/arm64-v8a, permitted_path=/data:/mnt/expand:/data/user/0/com.google.android.gms
06-28 14:53:19.251 I/com.anubis:p0(15019): Wrote stack traces to tombstoned
06-28 14:53:19.255 D/nativeloader(15653): Configuring clns-12 for other apk /data/app/~~7KRia6Q8YoWjcx7687WLDw==/com.google.android.gms-_lLsUCfGxZ6INzuzf1SBew==/base.apk. target_sdk_version=37, uses_libraries=, library_path=/data/app/~~7KRia6Q8YoWjcx7687WLDw==/com.google.android.gms-_lLsUCfGxZ6INzuzf1SBew==/lib/arm64:/data/app/~~7KRia6Q8YoWjcx7687WLDw==/com.google.android.gms-_lLsUCfGxZ6INzuzf1SBew==/base.apk!/lib/arm64-v8a, permitted_path=/data:/mnt/expand:/data/user/0/com.google.android.gms
06-28 14:53:19.361 I/com.anubis:p0(15019): Background concurrent mark compact GC freed 8421KB AllocSpace bytes, 16(3112KB) LOS objects, 49% free, 7170KB/14MB, paused 18.635ms,3.909ms total 166.436ms
06-28 14:53:19.367 W/ActivityManager( 2100): pid 15019 com.anubis:p0 sent binder code 25 with flags 2 to frozen apps and got error -74
06-28 14:53:19.383 D/nativeloader(15653): Configuring clns-13 for other apk . target_sdk_version=37, uses_libraries=, library_path=/data/app/~~7KRia6Q8YoWjcx7687WLDw==/com.google.android.gms-_lLsUCfGxZ6INzuzf1SBew==/lib/arm64:/data/app/~~7KRia6Q8YoWjcx7687WLDw==/com.google.android.gms-_lLsUCfGxZ6INzuzf1SBew==/base.apk!/lib/arm64-v8a, permitted_path=/data:/mnt/expand:/data/user/0/com.google.android.gms
06-28 14:53:19.585 D/nativeloader(15740): Configuring clns-10 for other apk /data/app/~~KS1ocsWiq32yGbbJpB2Qwg==/com.preff.kb.xm-zOXBiwsRUuraoAJY2nEJ5w==/base.apk. target_sdk_version=36, uses_libraries=, library_path=/data/app/~~KS1ocsWiq32yGbbJpB2Qwg==/com.preff.kb.xm-zOXBiwsRUuraoAJY2nEJ5w==/lib/arm64:/data/app/~~KS1ocsWiq32yGbbJpB2Qwg==/com.preff.kb.xm-zOXBiwsRUuraoAJY2nEJ5w==/base.apk!/lib/arm64-v8a, permitted_path=/data:/mnt/expand:/data/user/0/com.preff.kb.xm
06-28 14:53:19.814 D/nativeloader(15740): Configuring clns-11 for other apk . target_sdk_version=37, uses_libraries=, library_path=/data/app/~~7KRia6Q8YoWjcx7687WLDw==/com.google.android.gms-_lLsUCfGxZ6INzuzf1SBew==/lib/arm64:/data/app/~~7KRia6Q8YoWjcx7687WLDw==/com.google.android.gms-_lLsUCfGxZ6INzuzf1SBew==/base.apk!/lib/arm64-v8a, permitted_path=/data:/mnt/expand:/data/user/0/com.google.android.gms
06-28 14:53:20.576 W/com.anubis:p0(15019): Binder 0x72e2a15fc0 destroyed after setInheritRt before being parceled.
06-28 14:53:20.642 W/com.anubis:p0(15019): Binder 0x72e2a16620 destroyed after setInheritRt before being parceled.
06-28 14:53:21.679 I/com.anubis:p0(15019): AssetManager2(0x73e2834058) locale list changing from [en-IN] to [en]
06-28 14:53:21.681 I/com.anubis:p0(15019): AssetManager2(0x73e284e318) locale list changing from [] to [en]
06-28 14:53:23.560 E/com.anubis:p0(15019): Failed to open APK '/data/app/com.miraclegames.farlight84/base.apk': I/O error
06-28 14:53:23.560 W/ResourcesManager(15019): java.io.IOException: Failed to load asset path /data/app/com.miraclegames.farlight84/base.apk
06-28 14:53:23.560 E/com.anubis:p0(15019): Failed to open APK '/data/app/com.miraclegames.farlight84/base.apk': I/O error
06-28 14:53:23.561 E/ResourcesManager(15019): java.io.IOException: Failed to load asset path /data/app/com.miraclegames.farlight84/base.apk
06-28 14:53:23.562 E/com.anubis:p0(15019): Failed to open APK '/data/app/com.miraclegames.farlight84/base.apk': I/O error
06-28 14:53:23.562 W/ResourcesManager(15019): java.io.IOException: Failed to load asset path /data/app/com.miraclegames.farlight84/base.apk
06-28 14:53:23.562 E/com.anubis:p0(15019): Failed to open APK '/data/app/com.miraclegames.farlight84/base.apk': I/O error
06-28 14:53:23.562 E/ResourcesManager(15019): java.io.IOException: Failed to load asset path /data/app/com.miraclegames.farlight84/base.apk
06-28 14:53:23.566 D/nativeloader(15019): Load /data/user/0/com.anubis/files/.vfs/data/app/com.miraclegames.farlight84/lib/libhtpcrash.so using class loader ns clns-15 (caller=/data/app/~~x7hjVENJcwJnCqui9LPJoA==/com.miraclegames.farlight84-7aYi-5YB_5aCDNH4ttDPbQ==/base.apk!classes3.dex): ok
06-28 14:53:23.592 D/BarFollowAnimation( 2100): isAppTaskBarOnTop win:Window{3a761fa u0 com.miraclegames.farlight84/com.epicgames.ue4.GameActivity} (mCurrentTopTask:Task{9fb1754 #10234 type=standard I=com.anubis/.loader.proxy.ProxyActivity$P0} : true); (mAssociatedTask:Task{9fb1754 #10234 type=standard I=com.anubis/.loader.proxy.ProxyActivity$P0} : true); (mHomeTask:Task{d7c7124 #6195 type=home} : false); mReparentToOriginParent:false mLastAppBarVisible:true mLastHomeBarVisible:false
06-28 14:53:23.939 I/com.anubis:p0(15019): AssetManager2(0x73e2834058) locale list changing from [en] to [en-IN]
06-28 14:53:23.941 I/com.anubis:p0(15019): AssetManager2(0x73e2856018) locale list changing from [] to [en-IN]
06-28 14:53:24.010 E/com.anubis:p0(15019): FrameInsert open fail: No such file or directory
06-28 14:53:24.205 D/com.anubis:p0(15019): GameRender inotify watch for /data/system/mcd/rf is set up
06-28 14:53:24.404 E/com.anubis:p0(15019): Failed to open APK '/data/app/com.miraclegames.farlight84/base.apk': I/O error
06-28 14:53:24.510 I/com.anubis:p0(15019): Background young concurrent mark compact GC freed 7133KB AllocSpace bytes, 3(60KB) LOS objects, 44% free, 8886KB/15MB, paused 1.532ms,7.258ms total 33.347ms
06-28 14:53:25.068 D/nativeloader(15019): Load /data/user/0/com.anubis/files/.vfs/data/app/com.miraclegames.farlight84/lib/libsigner.so using class loader ns clns-15 (caller=/data/app/~~x7hjVENJcwJnCqui9LPJoA==/com.miraclegames.farlight84-7aYi-5YB_5aCDNH4ttDPbQ==/base.apk): ok
06-28 14:53:25.092 I/ActivityManager( 2100): Posting procStart msg for 0:com.anubis:p3/u0a1946
06-28 14:53:25.110 I/ActivityManager( 2100): Start proc 16042:com.anubis:p3/u0a1946 for content provider {com.anubis/com.anubis.loader.proxy.ProxyContentProvider$P3} caller=com.anubis
06-28 14:53:25.113 E/Zygote  (16042): process_name_ptr:16042 com.anubis:p3
06-28 14:53:25.114 E/Zygote  (16042): SetMemoryProtected process_name_ptr:16042 com.anubis:p3
06-28 14:53:25.121 I/com.anubis:p3(16042): Late-enabling -Xcheck:jni
06-28 14:53:25.156 I/com.anubis:p3(16042): Using generational CollectorTypeCMC GC.
06-28 14:53:25.196 I/SmartPower: com.anubis:p3/11946(16042)( 2100): died->invisible(118202ms) R(process start ) adj=-10000.
06-28 14:53:25.213 D/nativeloader(15019): Load /data/user/0/com.anubis/files/.vfs/data/app/com.miraclegames.farlight84/lib/libcheck.so using class loader ns clns-15 (caller=/data/app/~~x7hjVENJcwJnCqui9LPJoA==/com.miraclegames.farlight84-7aYi-5YB_5aCDNH4ttDPbQ==/base.apk!classes3.dex): ok
06-28 14:53:25.219 I/RENDER_TURBO(16042): onActivityThreadCreate not in white list, pkg=com.anubis:p3, type=duchamp
06-28 14:53:25.260 D/ActivityThread(16042): setEmbeddedParam packageName=com.anubis processName=com.anubis:p3 isEmbedded=false isIsolated=false
06-28 14:53:25.495 D/nativeloader(16042): Configuring clns-10 for other apk /data/app/~~HA3Q2eYdpLcUQoIQ5BcZWg==/com.anubis-4XlxoTf3pbTv3djzBD7glw==/base.apk. target_sdk_version=28, uses_libraries=, library_path=/data/app/~~HA3Q2eYdpLcUQoIQ5BcZWg==/com.anubis-4XlxoTf3pbTv3djzBD7glw==/lib/arm64:/data/app/~~HA3Q2eYdpLcUQoIQ5BcZWg==/com.anubis-4XlxoTf3pbTv3djzBD7glw==/base.apk!/lib/arm64-v8a, permitted_path=/data:/mnt/expand:/data/user/0/com.anubis
06-28 14:53:25.506 I/com.anubis:p3(16042): AssetManager2(0x73e28304f8) locale list changing from [] to [en-IN]
06-28 14:53:25.697 D/ResMonitorStub(16042): The current process type is: third_party_app, process name is: com.anubis:p3
06-28 14:53:26.518 I/GuestNativeLibs(16042): native libs ready pkg=com.android.vending dir=/data/user/0/com.anubis/files/.vfs/data/app/com.android.vending/lib/arm64 count=0
06-28 14:53:26.524 I/com.anubis:p3(16042): AssetManager2(0x73e2838838) locale list changing from [] to [en-IN]
06-28 14:53:26.528 D/nativeloader(16042): Load /data/app/~~HA3Q2eYdpLcUQoIQ5BcZWg==/com.anubis-4XlxoTf3pbTv3djzBD7glw==/lib/arm64/libartpalette.so using class loader ns clns-10 (caller=/data/app/~~HA3Q2eYdpLcUQoIQ5BcZWg==/com.anubis-4XlxoTf3pbTv3djzBD7glw==/base.apk!classes2.dex): ok
06-28 14:53:26.533 E/ClassInvocationStub(16042): args=/data/user/0/com.anubis/files/.vfs/storage/emulated/0/Android/data/com.anubis/cache
06-28 14:53:26.533 E/StorageManagerService( 2100): Path /data/user/0/com.anubis/files/.vfs/storage/emulated/0/Android/data/com.anubis/cache is not a valid application-specific directory
06-28 14:53:26.617 D/nativeloader(16042): Configuring clns-11 for other apk /data/user/0/com.anubis/files/.vfs/data/app/com.android.vending/base.apk. target_sdk_version=29, uses_libraries=, library_path=/data/user/0/com.anubis/files/.vfs/data/app/com.android.vending/lib:/data/user/0/com.anubis/files/.vfs/data/app/com.android.vending/base.apk!/lib/arm64-v8a, permitted_path=/data:/mnt/expand:/data/user/0/com.anubis/files/.vfs/data/user/0/com.android.vending
06-28 14:53:26.619 W/com.anubis:p3(16042): Unsupported class loader: java.lang.Class<com.anubis.loader.utils.PathClassLoaderExt>
06-28 14:53:26.666 W/com.anubis:p3(16042): Unsupported class loader: java.lang.Class<com.anubis.loader.utils.PathClassLoaderExt>
06-28 14:53:26.667 I/StealthClassLoader(16042): replaced classloader pkg=com.android.vending lib=/data/user/0/com.anubis/files/.vfs/data/app/com.android.vending/lib/arm64
06-28 14:53:26.898 I/GuestResourceLayout(16042): prepared pkg=com.android.vending dataFiles=/data/user/0/com.anubis/files/.vfs/data/user/0/com.android.vending/files extData=/data/user/0/com.anubis/files/.vfs/storage/emulated/0/Android/data/com.android.vending
06-28 14:53:26.910 I/com.anubis:p3(16042): AssetManager2(0x73e282d2f8) locale list changing from [] to [en-IN]
06-28 14:53:26.913 I/com.anubis:p3(16042): AssetManager2(0x73e2839e18) locale list changing from [] to [en-IN]
06-28 14:53:26.914 I/com.anubis:p3(16042): AssetManager2(0x73e2836c18) locale list changing from [] to [en-IN]
06-28 14:53:26.915 I/MiResource(16042): Updating cached ResourcesImpl for resources : android.content.res.MiuiResources@ff11314, old impl = android.content.res.MiuiResourcesImpl@8f85ad1, new impl = android.content.res.MiuiResourcesImpl@95ad9a4 , new paths = [/system/framework/framework-res.apk, /vendor/overlay/FrameworkResOverlay/FrameworkResOverlay.apk, /vendor/overlay/FrameworkResOverlayExt/FrameworkResOverlayExt.apk, /product/overlay/CaptivePortalLoginFrameworkOverlay.apk, /product/overlay/CircleToSearchOverlay.apk, /product/overlay/GmsConfigOverlayASI_Infrastructure.apk, /product/overlay/GmsConfigOverlayCommon.apk, /product/overlay/GmsConfigOverlayGSA.apk, /product/overlay/GmsConfigOverlayGeotz.apk, /product/overlay/GmsConfigOverlayOnlyForMessage.apk, /product/overlay/GmsConfigOverlayPersonalSafety.apk, /product/overlay/GmsConfigOverlayPhotos.apk, /product/overlay/GmsConfigOverlaySearchSelector.apk, /product/overlay/GoogleExtServicesConfigOverlay.apk, /product/overlay/GoogleHealthFitnessFrameworkOverlay.apk, /product/overlay/GooglePermissionControllerFrameworkOverlay.apk, /product/overlay/MiuiServiceOverlay/MiuiServiceOverlay.apk, /product/overlay/ModuleMetadataGoogleOverlay.apk, /product/overlay/framework-res__nosdcard__auto_generated_characteristics_rro.apk, /product/overlay/MiuiPocoLauncherResOverlay.apk, /product/overlay/AospFrameworkResOverlay.apk, /product/overlay/DevicesAndroidOverlay.apk, /product/overlay/MiuiPOCOWallpaperOverlay.apk, /product/overlay/AospFrameworkTelephonyResOverlay.apk, /system_ext/framework/framework-ext-res/framework-ext-res.apk, /product/overlay/MiuiFrameworkResOverlay.apk, /product/overlay/MiuiFrameworkTelephonyResOverlay.apk, /system_ext/app/mediatek-res/mediatek-res.apk, /data/user/0/com.anubis/files/.vfs/data/app/com.android.vending/base.apk, /data/app/~~fPhBuidhMnxnHhgSPfzjzw==/com.google.android.webview-8aoL_QZh63F0VLs49_s4RA==/base.apk]
06-28 14:53:26.915 I/MiResource(16042): Updating cached ResourcesImpl for resources : android.content.res.MiuiResources@2b9c747, old impl = android.content.res.MiuiResourcesImpl@8f85ad1, new impl = android.content.res.MiuiResourcesImpl@95ad9a4 , new paths = [/system/framework/framework-res.apk, /vendor/overlay/FrameworkResOverlay/FrameworkResOverlay.apk, /vendor/overlay/FrameworkResOverlayExt/FrameworkResOverlayExt.apk, /product/overlay/CaptivePortalLoginFrameworkOverlay.apk, /product/overlay/CircleToSearchOverlay.apk, /product/overlay/GmsConfigOverlayASI_Infrastructure.apk, /product/overlay/GmsConfigOverlayCommon.apk, /product/overlay/GmsConfigOverlayGSA.apk, /product/overlay/GmsConfigOverlayGeotz.apk, /product/overlay/GmsConfigOverlayOnlyForMessage.apk, /product/overlay/GmsConfigOverlayPersonalSafety.apk, /product/overlay/GmsConfigOverlayPhotos.apk, /product/overlay/GmsConfigOverlaySearchSelector.apk, /product/overlay/GoogleExtServicesConfigOverlay.apk, /product/overlay/GoogleHealthFitnessFrameworkOverlay.apk, /product/overlay/GooglePermissionControllerFrameworkOverlay.apk, /product/overlay/MiuiServiceOverlay/MiuiServiceOverlay.apk, /product/overlay/ModuleMetadataGoogleOverlay.apk, /product/overlay/framework-res__nosdcard__auto_generated_characteristics_rro.apk, /product/overlay/MiuiPocoLauncherResOverlay.apk, /product/overlay/AospFrameworkResOverlay.apk, /product/overlay/DevicesAndroidOverlay.apk, /product/overlay/MiuiPOCOWallpaperOverlay.apk, /product/overlay/AospFrameworkTelephonyResOverlay.apk, /system_ext/framework/framework-ext-res/framework-ext-res.apk, /product/overlay/MiuiFrameworkResOverlay.apk, /product/overlay/MiuiFrameworkTelephonyResOverlay.apk, /system_ext/app/mediatek-res/mediatek-res.apk, /data/user/0/com.anubis/files/.vfs/data/app/com.android.vending/base.apk, /data/app/~~fPhBuidhMnxnHhgSPfzjzw==/com.google.android.webview-8aoL_QZh63F0VLs49_s4RA==/base.apk]
06-28 14:53:26.915 I/com.anubis:p3(16042): AssetManager2(0x73e283b718) locale list changing from [] to [en-IN]
06-28 14:53:26.920 W/com.anubis:p3(16042): Loading /data/app/~~fPhBuidhMnxnHhgSPfzjzw==/com.google.android.webview-8aoL_QZh63F0VLs49_s4RA==/oat/arm64/base.odex non-executable as it requires an image which we failed to load
06-28 14:53:26.922 D/nativeloader(16042): Configuring clns-12 for other apk /data/app/~~fPhBuidhMnxnHhgSPfzjzw==/com.google.android.webview-8aoL_QZh63F0VLs49_s4RA==/base.apk. target_sdk_version=36, uses_libraries=, library_path=/data/app/~~fPhBuidhMnxnHhgSPfzjzw==/com.google.android.webview-8aoL_QZh63F0VLs49_s4RA==/lib/arm64:/data/app/~~fPhBuidhMnxnHhgSPfzjzw==/com.google.android.webview-8aoL_QZh63F0VLs49_s4RA==/base.apk!/lib/arm64-v8a, permitted_path=/data:/mnt/expand
06-28 14:53:26.922 W/PackageManager( 2100): Invalid dex load report. loadingPackageName=com.android.vending, uid=11946
06-28 14:53:26.961 I/com.anubis:p3(16042): AssetManager2(0x73e282c998) locale list changing from [] to [en-IN]
06-28 14:53:26.972 D/com.anubis:p3(16042): blurUtils, initBackgroundBlurMinInterval processName(com.android.vending), inWhiteLists(0)
06-28 14:53:27.140 I/com.anubis:p3(16042): AssetManager2(0x73e283b0d8) locale list changing from [] to [en-IN]
06-28 14:53:27.792 I/com.anubis:p0(15019): Background young concurrent mark compact GC freed 8796KB AllocSpace bytes, 0(0B) LOS objects, 43% free, 10MB/18MB, paused 663us,6.874ms total 28.631ms
06-28 14:53:27.870 D/com.anubis:p0(15019): PlayerBase::PlayerBase()
06-28 14:53:27.871 D/com.anubis:p0(15019): TrackPlayerBase::TrackPlayerBase()
06-28 14:53:28.225 D/MiSightJni( 2100): MiSight: Java_com_miui_misight_MiSight_nativeSendEvent enter called. '{"PackageName":"com.anubis","ActivityName":"com.anubis\/.loader.proxy.ProxyActivity$P0","LaunchFromPackage":"com.anubis","LaunchDelay":6417,"TransitionDelay":5018,"LaunchType":2}'
06-28 14:53:28.225 D/MiEvent ( 2100): flatten EventId 902005004 -t 1782638608 -paraList {"ActivityName":"com.anubis/.loader.proxy.ProxyActivity$P0","LaunchDelay":6417,"LaunchFromPackage":"com.anubis","LaunchType":2,"PackageName":"com.anubis","TransitionDelay":5018}
06-28 14:53:28.225 D/MiEvent ( 2100): report:EventId 902005004 -t 1782638608 -paraList {"ActivityName":"com.anubis/.loader.proxy.ProxyActivity$P0","LaunchDelay":6417,"LaunchFromPackage":"com.anubis","LaunchType":2,"PackageName":"com.anubis","TransitionDelay":5018} success
06-28 14:53:32.809 W/com.anubis:p0(15019): Binder 0x72e293d900 destroyed after setInheritRt before being parceled.
06-28 14:53:34.845 I/ActivityManager( 2100): Posting procStart msg for 0:com.anubis:p4/u0a1946
06-28 14:53:34.873 E/Zygote  (16172): process_name_ptr:16172 com.anubis:p4
06-28 14:53:34.873 E/Zygote  (16172): SetMemoryProtected process_name_ptr:16172 com.anubis:p4
06-28 14:53:34.877 I/ActivityManager( 2100): Start proc 16172:com.anubis:p4/u0a1946 for content provider {com.anubis/com.anubis.loader.proxy.ProxyContentProvider$P4} caller=com.anubis
06-28 14:53:34.880 I/com.anubis:p4(16172): Late-enabling -Xcheck:jni
06-28 14:53:34.911 I/com.anubis:p4(16172): Using generational CollectorTypeCMC GC.
06-28 14:53:34.931 I/SmartPower: com.anubis:p4/11946(16172)( 2100): died->invisible(709215ms) R(process start ) adj=-10000.
06-28 14:53:34.950 I/RENDER_TURBO(16172): onActivityThreadCreate not in white list, pkg=com.anubis:p4, type=duchamp
06-28 14:53:34.965 D/ActivityThread(16172): setEmbeddedParam packageName=com.anubis processName=com.anubis:p4 isEmbedded=false isIsolated=false
06-28 14:53:35.112 D/nativeloader(16172): Configuring clns-10 for other apk /data/app/~~HA3Q2eYdpLcUQoIQ5BcZWg==/com.anubis-4XlxoTf3pbTv3djzBD7glw==/base.apk. target_sdk_version=28, uses_libraries=, library_path=/data/app/~~HA3Q2eYdpLcUQoIQ5BcZWg==/com.anubis-4XlxoTf3pbTv3djzBD7glw==/lib/arm64:/data/app/~~HA3Q2eYdpLcUQoIQ5BcZWg==/com.anubis-4XlxoTf3pbTv3djzBD7glw==/base.apk!/lib/arm64-v8a, permitted_path=/data:/mnt/expand:/data/user/0/com.anubis
06-28 14:53:35.117 I/com.anubis:p4(16172): AssetManager2(0x73e28304f8) locale list changing from [] to [en-IN]
06-28 14:53:35.237 D/ResMonitorStub(16172): The current process type is: third_party_app, process name is: com.anubis:p4
06-28 14:53:36.080 W/com.anubis:p4(16172): type=1400 audit(0.0:34408621): avc:  denied  { read } for  name="u:object_r:incremental_prop:s0" dev="tmpfs" ino=274 scontext=u:r:untrusted_app_27:s0:c154,c263,c512,c768 tcontext=u:object_r:incremental_prop:s0 tclass=file permissive=0 app=com.anubis
06-28 14:53:36.080 W/com.anubis:p4(16172): type=1400 audit(0.0:34408622): avc:  denied  { read } for  name="filesystems" dev="proc" ino=4026532136 scontext=u:r:untrusted_app_27:s0:c154,c263,c512,c768 tcontext=u:object_r:proc_filesystems:s0 tclass=file permissive=0 app=com.anubis
06-28 14:53:36.089 I/com.anubis:p4(16172): AssetManager2(0x73e2836c18) locale list changing from [] to [en-IN]
06-28 14:53:36.092 D/nativeloader(16172): Load /data/app/~~HA3Q2eYdpLcUQoIQ5BcZWg==/com.anubis-4XlxoTf3pbTv3djzBD7glw==/lib/arm64/libartpalette.so using class loader ns clns-10 (caller=/data/app/~~HA3Q2eYdpLcUQoIQ5BcZWg==/com.anubis-4XlxoTf3pbTv3djzBD7glw==/base.apk!classes2.dex): ok
06-28 14:53:36.097 E/StorageManagerService( 2100): Path /data/user/0/com.anubis/files/.vfs/storage/emulated/0/Android/data/com.anubis/cache is not a valid application-specific directory
06-28 14:53:36.111 E/StorageManagerService( 2100): Path /data/user/0/com.anubis/files/.vfs/storage/emulated/0/Android/data/com.anubis/cache is not a valid application-specific directory
06-28 14:53:36.146 W/com.anubis:p4(16172): Loading /data/dalvik-cache/arm64/data@app@~~x7hjVENJcwJnCqui9LPJoA==@com.miraclegames.farlight84-7aYi-5YB_5aCDNH4ttDPbQ==@base.apk@classes.dex non-executable as it requires an image which we failed to load
06-28 14:53:36.150 W/com.anubis:p4(16172): Failed to find entry 'classes.dex': Entry not found
06-28 14:53:36.151 D/nativeloader(16172): Configuring clns-11 for other apk /data/app/~~x7hjVENJcwJnCqui9LPJoA==/com.miraclegames.farlight84-7aYi-5YB_5aCDNH4ttDPbQ==/base.apk:/data/app/~~x7hjVENJcwJnCqui9LPJoA==/com.miraclegames.farlight84-7aYi-5YB_5aCDNH4ttDPbQ==/split_obbassets.apk. target_sdk_version=35, uses_libraries=, library_path=/data/app/~~x7hjVENJcwJnCqui9LPJoA==/com.miraclegames.farlight84-7aYi-5YB_5aCDNH4ttDPbQ==/lib/arm64:/data/app/~~x7hjVENJcwJnCqui9LPJoA==/com.miraclegames.farlight84-7aYi-5YB_5aCDNH4ttDPbQ==/base.apk!/lib/arm64-v8a:/data/app/~~x7hjVENJcwJnCqui9LPJoA==/com.miraclegames.farlight84-7aYi-5YB_5aCDNH4ttDPbQ==/split_obbassets.apk!/lib/arm64-v8a, permitted_path=/data:/mnt/expand:/data/user/0/com.anubis/files/.vfs/data/user/0/com.miraclegames.farlight84
06-28 14:53:36.155 W/com.anubis:p4(16172): Unsupported class loader: java.lang.Class<com.anubis.loader.utils.PathClassLoaderExt>
06-28 14:53:36.335 W/com.anubis:p4(16172): Unsupported class loader: java.lang.Class<com.anubis.loader.utils.PathClassLoaderExt>
06-28 14:53:36.335 W/com.anubis:p4(16172): Failed to find entry 'classes.dex': Entry not found
06-28 14:53:36.336 W/com.anubis:p4(16172): Unsupported class loader: java.lang.Class<com.anubis.loader.utils.PathClassLoaderExt>
06-28 14:53:36.663 W/PackageManager( 2100): Invalid dex load report. loadingPackageName=com.miraclegames.farlight84, uid=11946
06-28 14:53:36.663 D/nativeloader(16172): Configuring clns-12 for other apk /system_ext/framework/com.android.extensions.appfunctions.jar. target_sdk_version=37, uses_libraries=ALL, library_path=/data/app/~~7KRia6Q8YoWjcx7687WLDw==/com.google.android.gms-_lLsUCfGxZ6INzuzf1SBew==/lib/arm64:/data/app/~~7KRia6Q8YoWjcx7687WLDw==/com.google.android.gms-_lLsUCfGxZ6INzuzf1SBew==/base.apk!/lib/arm64-v8a, permitted_path=/data:/mnt/expand:/data/user/0/com.google.android.gms
06-28 14:53:36.683 D/nativeloader(16172): Configuring clns-13 for other apk /data/app/~~7KRia6Q8YoWjcx7687WLDw==/com.google.android.gms-_lLsUCfGxZ6INzuzf1SBew==/base.apk. target_sdk_version=37, uses_libraries=, library_path=/data/app/~~7KRia6Q8YoWjcx7687WLDw==/com.google.android.gms-_lLsUCfGxZ6INzuzf1SBew==/lib/arm64:/data/app/~~7KRia6Q8YoWjcx7687WLDw==/com.google.android.gms-_lLsUCfGxZ6INzuzf1SBew==/base.apk!/lib/arm64-v8a, permitted_path=/data:/mnt/expand:/data/user/0/com.google.android.gms
06-28 14:53:36.685 W/PackageManager( 2100): Invalid dex load report. loadingPackageName=com.miraclegames.farlight84, uid=11946
06-28 14:53:36.728 I/com.anubis:p4(16172): AssetManager2(0x73e282ccb8) locale list changing from [] to [en-IN]
06-28 14:53:36.782 D/nativeloader(16172): Configuring clns-14 for other apk . target_sdk_version=35, uses_libraries=ALL, library_path=/data/user/0/com.anubis/files/.vfs/data/app/com.miraclegames.farlight84/lib, permitted_path=/data:/mnt/expand
06-28 14:53:36.788 D/nativeloader(16172): Load /data/user/0/com.anubis/files/.vfs/data/app/com.miraclegames.farlight84/lib/libllhsdk.so using isolated ns clns-14 (caller=/data/app/~~x7hjVENJcwJnCqui9LPJoA==/com.miraclegames.farlight84-7aYi-5YB_5aCDNH4ttDPbQ==/base.apk!classes3.dex): ok
06-28 14:53:36.878 D/nativeloader(16172): Configuring clns-15 for other apk . target_sdk_version=37, uses_libraries=, library_path=/data/app/~~7KRia6Q8YoWjcx7687WLDw==/com.google.android.gms-_lLsUCfGxZ6INzuzf1SBew==/lib/arm64:/data/app/~~7KRia6Q8YoWjcx7687WLDw==/com.google.android.gms-_lLsUCfGxZ6INzuzf1SBew==/base.apk!/lib/arm64-v8a, permitted_path=/data:/mnt/expand:/data/user/0/com.google.android.gms
06-28 14:53:36.882 W/com.anubis:p4(16172): Unsupported class loader: java.lang.Class<com.anubis.loader.utils.PathClassLoaderExt>
06-28 14:53:36.888 W/com.anubis:p4(16172): Unsupported class loader: java.lang.Class<com.anubis.loader.utils.PathClassLoaderExt>
06-28 14:53:36.889 W/PackageManager( 2100): Invalid dex load report. loadingPackageName=com.miraclegames.farlight84, uid=11946
06-28 14:53:36.919 I/com.anubis:p4(16172): AssetManager2(0x73e2834ff8) locale list changing from [] to [en-IN]
06-28 14:53:36.931 V/OGLProgramService(16172): log dir : /data/user/0/com.anubis/files/.vfs/data/user/0/com.miraclegames.farlight84/files/oglservice/OGLProgramService_%u_%g.txt
06-28 14:53:36.990 I/com.anubis:p4(16172): AssetManager2(0x73e28362b8) locale list changing from [] to [en-IN]
06-28 14:53:36.996 I/ActivityManager( 2100): Posting procStart msg for 0:com.anubis:p5/u0a1946
06-28 14:53:37.019 I/ActivityManager( 2100): Start proc 16261:com.anubis:p5/u0a1946 for content provider {com.anubis/com.anubis.loader.proxy.ProxyContentProvider$P5} caller=com.anubis
06-28 14:53:37.022 E/Zygote  (16261): process_name_ptr:16261 com.anubis:p5
06-28 14:53:37.022 E/Zygote  (16261): SetMemoryProtected process_name_ptr:16261 com.anubis:p5
06-28 14:53:37.032 I/com.anubis:p5(16261): Late-enabling -Xcheck:jni
06-28 14:53:37.039 W/Finsky  (11421): [715438] Package name com.miraclegames.farlight84 does not match UID 11946
06-28 14:53:37.051 W/Finsky  (11421): [715442] Package name com.miraclegames.farlight84 does not match UID 11946
06-28 14:53:37.062 W/Finsky  (11421): [715438] Package name com.miraclegames.farlight84 does not match UID 11946
06-28 14:53:37.065 I/com.anubis:p5(16261): Using generational CollectorTypeCMC GC.
06-28 14:53:37.093 W/Finsky  (11421): [715438] Package name com.miraclegames.farlight84 does not match UID 11946
06-28 14:53:37.114 I/SmartPower: com.anubis:p5/11946(16261)( 2100): died->invisible(703998ms) R(process start ) adj=-10000.
06-28 14:53:37.130 W/Finsky  (11421): [715442] Package name com.miraclegames.farlight84 does not match UID 11946
06-28 14:53:37.135 I/RENDER_TURBO(16261): onActivityThreadCreate not in white list, pkg=com.anubis:p5, type=duchamp
06-28 14:53:37.167 W/Finsky  (11421): [715438] Package name com.miraclegames.farlight84 does not match UID 11946
06-28 14:53:37.184 W/Finsky  (11421): [715442] Package name com.miraclegames.farlight84 does not match UID 11946
06-28 14:53:37.186 D/ActivityThread(16261): setEmbeddedParam packageName=com.anubis processName=com.anubis:p5 isEmbedded=false isIsolated=false
06-28 14:53:37.210 W/Finsky  (11421): [715438] Package name com.miraclegames.farlight84 does not match UID 11946
06-28 14:53:37.221 W/Finsky  (11421): [715442] Package name com.miraclegames.farlight84 does not match UID 11946
06-28 14:53:37.244 W/Finsky  (11421): [715438] Package name com.miraclegames.farlight84 does not match UID 11946
06-28 14:53:37.261 W/Finsky  (11421): [715442] Package name com.miraclegames.farlight84 does not match UID 11946
06-28 14:53:37.309 W/Finsky  (11421): [715438] Package name com.miraclegames.farlight84 does not match UID 11946
06-28 14:53:37.315 W/Finsky  (11421): [715442] Package name com.miraclegames.farlight84 does not match UID 11946
06-28 14:53:37.345 W/Finsky  (11421): [715442] Package name com.miraclegames.farlight84 does not match UID 11946
06-28 14:53:37.356 W/Finsky  (11421): [715438] Package name com.miraclegames.farlight84 does not match UID 11946
06-28 14:53:37.391 W/Finsky  (11421): [715438] Package name com.miraclegames.farlight84 does not match UID 11946
06-28 14:53:37.422 D/nativeloader(16261): Configuring clns-10 for other apk /data/app/~~HA3Q2eYdpLcUQoIQ5BcZWg==/com.anubis-4XlxoTf3pbTv3djzBD7glw==/base.apk. target_sdk_version=28, uses_libraries=, library_path=/data/app/~~HA3Q2eYdpLcUQoIQ5BcZWg==/com.anubis-4XlxoTf3pbTv3djzBD7glw==/lib/arm64:/data/app/~~HA3Q2eYdpLcUQoIQ5BcZWg==/com.anubis-4XlxoTf3pbTv3djzBD7glw==/base.apk!/lib/arm64-v8a, permitted_path=/data:/mnt/expand:/data/user/0/com.anubis
06-28 14:53:37.425 W/Finsky  (11421): [715442] Package name com.miraclegames.farlight84 does not match UID 11946
06-28 14:53:37.428 I/com.anubis:p5(16261): AssetManager2(0x73e28304f8) locale list changing from [] to [en-IN]
06-28 14:53:37.447 W/Finsky  (11421): [715442] Package name com.miraclegames.farlight84 does not match UID 11946
06-28 14:53:37.459 W/Finsky  (11421): [715438] Package name com.miraclegames.farlight84 does not match UID 11946
06-28 14:53:37.465 W/Finsky  (11421): [715442] Package name com.miraclegames.farlight84 does not match UID 11946
06-28 14:53:37.479 W/Finsky  (11421): [715438] Package name com.miraclegames.farlight84 does not match UID 11946
06-28 14:53:37.488 W/Finsky  (11421): [715442] Package name com.miraclegames.farlight84 does not match UID 11946
06-28 14:53:37.502 W/Finsky  (11421): [715438] Package name com.miraclegames.farlight84 does not match UID 11946
06-28 14:53:37.524 W/Finsky  (11421): [715438] Package name com.miraclegames.farlight84 does not match UID 11946
06-28 14:53:37.541 W/Finsky  (11421): [715442] Package name com.miraclegames.farlight84 does not match UID 11946
06-28 14:53:37.567 W/Finsky  (11421): [715438] Package name com.miraclegames.farlight84 does not match UID 11946
06-28 14:53:37.574 W/Finsky  (11421): [715442] Package name com.miraclegames.farlight84 does not match UID 11946
06-28 14:53:37.593 W/Finsky  (11421): [715438] Package name com.miraclegames.farlight84 does not match UID 11946
06-28 14:53:37.609 W/Finsky  (11421): [715442] Package name com.miraclegames.farlight84 does not match UID 11946
06-28 14:53:37.624 W/Finsky  (11421): [715442] Package name com.miraclegames.farlight84 does not match UID 11946
06-28 14:53:37.654 W/Finsky  (11421): [715442] Package name com.miraclegames.farlight84 does not match UID 11946
06-28 14:53:37.667 D/ResMonitorStub(16261): The current process type is: third_party_app, process name is: com.anubis:p5
06-28 14:53:37.667 W/Finsky  (11421): [715438] Package name com.miraclegames.farlight84 does not match UID 11946
06-28 14:53:37.689 W/Finsky  (11421): [715442] Package name com.miraclegames.farlight84 does not match UID 11946
06-28 14:53:37.723 W/Finsky  (11421): [715438] Package name com.miraclegames.farlight84 does not match UID 11946
06-28 14:53:37.756 W/Finsky  (11421): [715442] Package name com.miraclegames.farlight84 does not match UID 11946
06-28 14:53:37.772 W/Finsky  (11421): [715438] Package name com.miraclegames.farlight84 does not match UID 11946
06-28 14:53:37.786 W/Finsky  (11421): [715442] Package name com.miraclegames.farlight84 does not match UID 11946
06-28 14:53:37.799 W/Finsky  (11421): [715438] Package name com.miraclegames.farlight84 does not match UID 11946
06-28 14:53:37.818 W/Finsky  (11421): [715442] Package name com.miraclegames.farlight84 does not match UID 11946
06-28 14:53:37.832 W/Finsky  (11421): [715438] Package name com.miraclegames.farlight84 does not match UID 11946
06-28 14:53:37.984 W/com.anubis:p5(16261): type=1400 audit(0.0:34408623): avc:  denied  { read } for  name="u:object_r:incremental_prop:s0" dev="tmpfs" ino=274 scontext=u:r:untrusted_app_27:s0:c154,c263,c512,c768 tcontext=u:object_r:incremental_prop:s0 tclass=file permissive=0 app=com.anubis
06-28 14:53:37.984 W/com.anubis:p5(16261): type=1400 audit(0.0:34408624): avc:  denied  { read } for  name="filesystems" dev="proc" ino=4026532136 scontext=u:r:untrusted_app_27:s0:c154,c263,c512,c768 tcontext=u:object_r:proc_filesystems:s0 tclass=file permissive=0 app=com.anubis
06-28 14:53:37.988 I/com.anubis:p5(16261): AssetManager2(0x73e2838838) locale list changing from [] to [en-IN]
06-28 14:53:37.993 D/nativeloader(16261): Load /data/app/~~HA3Q2eYdpLcUQoIQ5BcZWg==/com.anubis-4XlxoTf3pbTv3djzBD7glw==/lib/arm64/libartpalette.so using class loader ns clns-10 (caller=/data/app/~~HA3Q2eYdpLcUQoIQ5BcZWg==/com.anubis-4XlxoTf3pbTv3djzBD7glw==/base.apk!classes2.dex): ok
06-28 14:53:38.002 E/StorageManagerService( 2100): Path /data/user/0/com.anubis/files/.vfs/storage/emulated/0/Android/data/com.anubis/cache is not a valid application-specific directory
06-28 14:53:38.023 W/ActivityManager( 2100): pid 16172 com.anubis:p4 sent binder code 25 with flags 2 to frozen apps and got error -74
06-28 14:53:38.028 E/StorageManagerService( 2100): Path /data/user/0/com.anubis/files/.vfs/storage/emulated/0/Android/data/com.anubis/cache is not a valid application-specific directory
06-28 14:53:38.065 W/com.anubis:p5(16261): Loading /data/dalvik-cache/arm64/data@app@~~x7hjVENJcwJnCqui9LPJoA==@com.miraclegames.farlight84-7aYi-5YB_5aCDNH4ttDPbQ==@base.apk@classes.dex non-executable as it requires an image which we failed to load
06-28 14:53:38.067 W/com.anubis:p5(16261): Failed to find entry 'classes.dex': Entry not found
06-28 14:53:38.068 D/nativeloader(16261): Configuring clns-11 for other apk /data/app/~~x7hjVENJcwJnCqui9LPJoA==/com.miraclegames.farlight84-7aYi-5YB_5aCDNH4ttDPbQ==/base.apk:/data/app/~~x7hjVENJcwJnCqui9LPJoA==/com.miraclegames.farlight84-7aYi-5YB_5aCDNH4ttDPbQ==/split_obbassets.apk. target_sdk_version=35, uses_libraries=, library_path=/data/app/~~x7hjVENJcwJnCqui9LPJoA==/com.miraclegames.farlight84-7aYi-5YB_5aCDNH4ttDPbQ==/lib/arm64:/data/app/~~x7hjVENJcwJnCqui9LPJoA==/com.miraclegames.farlight84-7aYi-5YB_5aCDNH4ttDPbQ==/base.apk!/lib/arm64-v8a:/data/app/~~x7hjVENJcwJnCqui9LPJoA==/com.miraclegames.farlight84-7aYi-5YB_5aCDNH4ttDPbQ==/split_obbassets.apk!/lib/arm64-v8a, permitted_path=/data:/mnt/expand:/data/user/0/com.anubis/files/.vfs/data/user/0/com.miraclegames.farlight84
06-28 14:53:38.070 W/com.anubis:p5(16261): Unsupported class loader: java.lang.Class<com.anubis.loader.utils.PathClassLoaderExt>
06-28 14:53:38.225 W/com.anubis:p5(16261): Unsupported class loader: java.lang.Class<com.anubis.loader.utils.PathClassLoaderExt>
06-28 14:53:38.225 W/com.anubis:p5(16261): Failed to find entry 'classes.dex': Entry not found
06-28 14:53:38.226 W/com.anubis:p5(16261): Unsupported class loader: java.lang.Class<com.anubis.loader.utils.PathClassLoaderExt>
06-28 14:53:38.561 D/nativeloader(16261): Configuring clns-12 for other apk /system_ext/framework/com.android.extensions.appfunctions.jar. target_sdk_version=37, uses_libraries=ALL, library_path=/data/app/~~7KRia6Q8YoWjcx7687WLDw==/com.google.android.gms-_lLsUCfGxZ6INzuzf1SBew==/lib/arm64:/data/app/~~7KRia6Q8YoWjcx7687WLDw==/com.google.android.gms-_lLsUCfGxZ6INzuzf1SBew==/base.apk!/lib/arm64-v8a, permitted_path=/data:/mnt/expand:/data/user/0/com.google.android.gms
06-28 14:53:38.561 W/PackageManager( 2100): Invalid dex load report. loadingPackageName=com.miraclegames.farlight84, uid=11946
06-28 14:53:38.565 D/nativeloader(16261): Configuring clns-13 for other apk /data/app/~~7KRia6Q8YoWjcx7687WLDw==/com.google.android.gms-_lLsUCfGxZ6INzuzf1SBew==/base.apk. target_sdk_version=37, uses_libraries=, library_path=/data/app/~~7KRia6Q8YoWjcx7687WLDw==/com.google.android.gms-_lLsUCfGxZ6INzuzf1SBew==/lib/arm64:/data/app/~~7KRia6Q8YoWjcx7687WLDw==/com.google.android.gms-_lLsUCfGxZ6INzuzf1SBew==/base.apk!/lib/arm64-v8a, permitted_path=/data:/mnt/expand:/data/user/0/com.google.android.gms
06-28 14:53:38.565 W/PackageManager( 2100): Invalid dex load report. loadingPackageName=com.miraclegames.farlight84, uid=11946
06-28 14:53:38.569 I/com.anubis:p5(16261): AssetManager2(0x73e283aa98) locale list changing from [] to [en-IN]
06-28 14:53:38.615 D/nativeloader(16261): Configuring clns-14 for other apk . target_sdk_version=37, uses_libraries=, library_path=/data/app/~~7KRia6Q8YoWjcx7687WLDw==/com.google.android.gms-_lLsUCfGxZ6INzuzf1SBew==/lib/arm64:/data/app/~~7KRia6Q8YoWjcx7687WLDw==/com.google.android.gms-_lLsUCfGxZ6INzuzf1SBew==/base.apk!/lib/arm64-v8a, permitted_path=/data:/mnt/expand:/data/user/0/com.google.android.gms
06-28 14:53:38.619 W/com.anubis:p5(16261): Unsupported class loader: java.lang.Class<com.anubis.loader.utils.PathClassLoaderExt>
06-28 14:53:38.622 W/com.anubis:p5(16261): Unsupported class loader: java.lang.Class<com.anubis.loader.utils.PathClassLoaderExt>
06-28 14:53:38.623 W/PackageManager( 2100): Invalid dex load report. loadingPackageName=com.miraclegames.farlight84, uid=11946
06-28 14:53:38.661 D/nativeloader(16261): Configuring clns-15 for other apk . target_sdk_version=35, uses_libraries=ALL, library_path=/data/user/0/com.anubis/files/.vfs/data/app/com.miraclegames.farlight84/lib, permitted_path=/data:/mnt/expand
06-28 14:53:38.662 D/nativeloader(16261): Load /data/user/0/com.anubis/files/.vfs/data/app/com.miraclegames.farlight84/lib/libllhsdk.so using isolated ns clns-15 (caller=/data/app/~~x7hjVENJcwJnCqui9LPJoA==/com.miraclegames.farlight84-7aYi-5YB_5aCDNH4ttDPbQ==/base.apk!classes3.dex): ok
06-28 14:53:38.695 I/com.anubis:p5(16261): AssetManager2(0x73e2837ed8) locale list changing from [] to [en-IN]
06-28 14:53:38.778 I/com.anubis:p5(16261): AssetManager2(0x73e282ccb8) locale list changing from [] to [en-IN]
06-28 14:53:38.793 V/OGLProgramService1(16261): log dir : /data/user/0/com.anubis/files/.vfs/data/user/0/com.miraclegames.farlight84/files/oglservice/OGLProgramService1_%u_%g.txt
06-28 14:53:38.819 W/Finsky  (11421): [715438] Package name com.miraclegames.farlight84 does not match UID 11946
06-28 14:53:38.825 W/ActivityManager( 2100): pid 16261 com.anubis:p5 sent binder code 25 with flags 2 to frozen apps and got error -74
06-28 14:53:38.827 W/Finsky  (11421): [715438] Package name com.miraclegames.farlight84 does not match UID 11946
06-28 14:53:38.832 I/ActivityManager( 2100): Posting procStart msg for 0:com.anubis:p6/u0a1946
06-28 14:53:38.843 W/Finsky  (11421): [715438] Package name com.miraclegames.farlight84 does not match UID 11946
06-28 14:53:38.849 W/Finsky  (11421): [715438] Package name com.miraclegames.farlight84 does not match UID 11946
06-28 14:53:38.868 I/ActivityManager( 2100): Start proc 16367:com.anubis:p6/u0a1946 for content provider {com.anubis/com.anubis.loader.proxy.ProxyContentProvider$P6} caller=com.anubis
06-28 14:53:38.874 W/Finsky  (11421): [715438] Package name com.miraclegames.farlight84 does not match UID 11946
06-28 14:53:38.879 E/Zygote  (16367): process_name_ptr:16367 com.anubis:p6
06-28 14:53:38.879 E/Zygote  (16367): SetMemoryProtected process_name_ptr:16367 com.anubis:p6
06-28 14:53:38.887 I/com.anubis:p6(16367): Late-enabling -Xcheck:jni
06-28 14:53:38.915 I/com.anubis:p6(16367): Using generational CollectorTypeCMC GC.
06-28 14:53:38.936 W/Finsky  (11421): [715438] Package name com.miraclegames.farlight84 does not match UID 11946
06-28 14:53:38.944 W/Finsky  (11421): [715438] Package name com.miraclegames.farlight84 does not match UID 11946
06-28 14:53:38.952 I/SmartPower: com.anubis:p6/11946(16367)( 2100): died->invisible(705832ms) R(process start ) adj=-10000.
06-28 14:53:38.966 I/RENDER_TURBO(16367): onActivityThreadCreate not in white list, pkg=com.anubis:p6, type=duchamp
06-28 14:53:38.970 W/Finsky  (11421): [715438] Package name com.miraclegames.farlight84 does not match UID 11946
06-28 14:53:38.988 W/Finsky  (11421): [715442] Package name com.miraclegames.farlight84 does not match UID 11946
06-28 14:53:38.993 D/ActivityThread(16367): setEmbeddedParam packageName=com.anubis processName=com.anubis:p6 isEmbedded=false isIsolated=false
06-28 14:53:38.997 W/Finsky  (11421): [715438] Package name com.miraclegames.farlight84 does not match UID 11946
06-28 14:53:39.022 W/Finsky  (11421): [715442] Package name com.miraclegames.farlight84 does not match UID 11946
06-28 14:53:39.040 W/Finsky  (11421): [715442] Package name com.miraclegames.farlight84 does not match UID 11946
06-28 14:53:39.075 W/Finsky  (11421): [715442] Package name com.miraclegames.farlight84 does not match UID 11946
06-28 14:53:39.096 W/Finsky  (11421): [715438] Package name com.miraclegames.farlight84 does not match UID 11946
06-28 14:53:39.108 W/Finsky  (11421): [715442] Package name com.miraclegames.farlight84 does not match UID 11946
06-28 14:53:39.121 W/Finsky  (11421): [715442] Package name com.miraclegames.farlight84 does not match UID 11946
06-28 14:53:39.140 W/Finsky  (11421): [715442] Package name com.miraclegames.farlight84 does not match UID 11946
06-28 14:53:39.151 W/Finsky  (11421): [715442] Package name com.miraclegames.farlight84 does not match UID 11946
06-28 14:53:39.165 W/Finsky  (11421): [715438] Package name com.miraclegames.farlight84 does not match UID 11946
06-28 14:53:39.171 W/Finsky  (11421): [715438] Package name com.miraclegames.farlight84 does not match UID 11946
06-28 14:53:39.180 W/Finsky  (11421): [715442] Package name com.miraclegames.farlight84 does not match UID 11946
06-28 14:53:39.192 W/Finsky  (11421): [715438] Package name com.miraclegames.farlight84 does not match UID 11946
06-28 14:53:39.207 W/Finsky  (11421): [715442] Package name com.miraclegames.farlight84 does not match UID 11946
06-28 14:53:39.212 W/Finsky  (11421): [715438] Package name com.miraclegames.farlight84 does not match UID 11946
06-28 14:53:39.213 D/nativeloader(16367): Configuring clns-10 for other apk /data/app/~~HA3Q2eYdpLcUQoIQ5BcZWg==/com.anubis-4XlxoTf3pbTv3djzBD7glw==/base.apk. target_sdk_version=28, uses_libraries=, library_path=/data/app/~~HA3Q2eYdpLcUQoIQ5BcZWg==/com.anubis-4XlxoTf3pbTv3djzBD7glw==/lib/arm64:/data/app/~~HA3Q2eYdpLcUQoIQ5BcZWg==/com.anubis-4XlxoTf3pbTv3djzBD7glw==/base.apk!/lib/arm64-v8a, permitted_path=/data:/mnt/expand:/data/user/0/com.anubis
06-28 14:53:39.219 I/com.anubis:p6(16367): AssetManager2(0x73e2838838) locale list changing from [] to [en-IN]
06-28 14:53:39.221 W/Finsky  (11421): [715438] Package name com.miraclegames.farlight84 does not match UID 11946
06-28 14:53:39.247 W/Finsky  (11421): [715438] Package name com.miraclegames.farlight84 does not match UID 11946
06-28 14:53:39.260 W/Finsky  (11421): [715438] Package name com.miraclegames.farlight84 does not match UID 11946
06-28 14:53:39.268 W/Finsky  (11421): [715442] Package name com.miraclegames.farlight84 does not match UID 11946
06-28 14:53:39.279 W/Finsky  (11421): [715438] Package name com.miraclegames.farlight84 does not match UID 11946
06-28 14:53:39.286 W/Finsky  (11421): [715442] Package name com.miraclegames.farlight84 does not match UID 11946
06-28 14:53:39.315 W/Finsky  (11421): [715438] Package name com.miraclegames.farlight84 does not match UID 11946
06-28 14:53:39.318 W/Finsky  (11421): [715442] Package name com.miraclegames.farlight84 does not match UID 11946
06-28 14:53:39.324 W/Finsky  (11421): [715438] Package name com.miraclegames.farlight84 does not match UID 11946
06-28 14:53:39.341 W/Finsky  (11421): [715438] Package name com.miraclegames.farlight84 does not match UID 11946
06-28 14:53:39.351 W/Finsky  (11421): [715442] Package name com.miraclegames.farlight84 does not match UID 11946
06-28 14:53:39.360 W/Finsky  (11421): [715438] Package name com.miraclegames.farlight84 does not match UID 11946
06-28 14:53:39.374 W/Finsky  (11421): [715438] Package name com.miraclegames.farlight84 does not match UID 11946
06-28 14:53:39.382 W/Finsky  (11421): [715438] Package name com.miraclegames.farlight84 does not match UID 11946
06-28 14:53:39.400 W/Finsky  (11421): [715442] Package name com.miraclegames.farlight84 does not match UID 11946
06-28 14:53:39.406 D/ResMonitorStub(16367): The current process type is: third_party_app, process name is: com.anubis:p6
06-28 14:53:39.413 W/Finsky  (11421): [715438] Package name com.miraclegames.farlight84 does not match UID 11946
06-28 14:53:39.712 W/com.anubis:p6(16367): type=1400 audit(0.0:34408627): avc:  denied  { read } for  name="u:object_r:incremental_prop:s0" dev="tmpfs" ino=274 scontext=u:r:untrusted_app_27:s0:c154,c263,c512,c768 tcontext=u:object_r:incremental_prop:s0 tclass=file permissive=0 app=com.anubis
06-28 14:53:39.712 W/com.anubis:p6(16367): type=1400 audit(0.0:34408628): avc:  denied  { read } for  name="filesystems" dev="proc" ino=4026532136 scontext=u:r:untrusted_app_27:s0:c154,c263,c512,c768 tcontext=u:object_r:proc_filesystems:s0 tclass=file permissive=0 app=com.anubis
06-28 14:53:39.723 I/com.anubis:p6(16367): AssetManager2(0x73e2834058) locale list changing from [] to [en-IN]
06-28 14:53:39.726 D/nativeloader(16367): Load /data/app/~~HA3Q2eYdpLcUQoIQ5BcZWg==/com.anubis-4XlxoTf3pbTv3djzBD7glw==/lib/arm64/libartpalette.so using class loader ns clns-10 (caller=/data/app/~~HA3Q2eYdpLcUQoIQ5BcZWg==/com.anubis-4XlxoTf3pbTv3djzBD7glw==/base.apk!classes2.dex): ok
06-28 14:53:39.737 E/StorageManagerService( 2100): Path /data/user/0/com.anubis/files/.vfs/storage/emulated/0/Android/data/com.anubis/cache is not a valid application-specific directory
06-28 14:53:39.761 E/StorageManagerService( 2100): Path /data/user/0/com.anubis/files/.vfs/storage/emulated/0/Android/data/com.anubis/cache is not a valid application-specific directory
