06-28 14:53:14.459 I/BLASTSyncEngine( 2100): SyncGroup 44254:  Unfinished container:ActivityRecord{235684710 u0 com.anubis/.loader.proxy.ProxyActivity$P0 t10234}
06-28 14:53:14.459 I/BLASTSyncEngine( 2100): isActivitySyncFinished isSyncFinished false ActivityRecord{235684710 u0 com.anubis/.loader.proxy.ProxyActivity$P0 t10234}
06-28 14:53:14.462 D/BarFollowAnimation( 2100): isAppTaskBarOnTop win:Window{54ed5ed u0 com.anubis/com.anubis.loader.app.LauncherActivity} (mCurrentTopTask:Task{9fb1754 #10234 type=standard I=com.anubis/.loader.proxy.ProxyActivity$P0} : true); (mAssociatedTask:Task{c0ae754 #10233 type=standard A=11946:com.anubis} : false); (mHomeTask:Task{d7c7124 #6195 type=home} : false); mReparentToOriginParent:false mLastAppBarVisible:true mLastHomeBarVisible:false
06-28 14:53:14.465 I/BLASTSyncEngine( 2100): SyncGroup 44254:  Unfinished container:ActivityRecord{235684710 u0 com.anubis/.loader.proxy.ProxyActivity$P0 t10234}
06-28 14:53:14.465 I/BLASTSyncEngine( 2100): isActivitySyncFinished isSyncFinished false ActivityRecord{235684710 u0 com.anubis/.loader.proxy.ProxyActivity$P0 t10234}
06-28 14:53:14.472 D/BarFollowAnimation( 2100): isAppTaskBarOnTop win:Window{54ed5ed u0 com.anubis/com.anubis.loader.app.LauncherActivity} (mCurrentTopTask:Task{9fb1754 #10234 type=standard I=com.anubis/.loader.proxy.ProxyActivity$P0} : true); (mAssociatedTask:Task{c0ae754 #10233 type=standard A=11946:com.anubis} : false); (mHomeTask:Task{d7c7124 #6195 type=home} : false); mReparentToOriginParent:false mLastAppBarVisible:true mLastHomeBarVisible:false
06-28 14:53:14.472 I/BLASTSyncEngine( 2100): SyncGroup 44254:  Unfinished container:ActivityRecord{235684710 u0 com.anubis/.loader.proxy.ProxyActivity$P0 t10234}
06-28 14:53:14.472 I/BLASTSyncEngine( 2100): isActivitySyncFinished isSyncFinished false ActivityRecord{235684710 u0 com.anubis/.loader.proxy.ProxyActivity$P0 t10234}
06-28 14:53:14.483 D/BarFollowAnimation( 2100): isAppTaskBarOnTop win:Window{54ed5ed u0 com.anubis/com.anubis.loader.app.LauncherActivity} (mCurrentTopTask:Task{9fb1754 #10234 type=standard I=com.anubis/.loader.proxy.ProxyActivity$P0} : true); (mAssociatedTask:Task{c0ae754 #10233 type=standard A=11946:com.anubis} : false); (mHomeTask:Task{d7c7124 #6195 type=home} : false); mReparentToOriginParent:false mLastAppBarVisible:true mLastHomeBarVisible:false
06-28 14:53:14.484 I/BLASTSyncEngine( 2100): SyncGroup 44254:  Unfinished container:ActivityRecord{235684710 u0 com.anubis/.loader.proxy.ProxyActivity$P0 t10234}
06-28 14:53:14.484 I/BLASTSyncEngine( 2100): isActivitySyncFinished isSyncFinished false ActivityRecord{235684710 u0 com.anubis/.loader.proxy.ProxyActivity$P0 t10234}
06-28 14:53:14.488 D/BarFollowAnimation( 2100): isAppTaskBarOnTop win:Window{54ed5ed u0 com.anubis/com.anubis.loader.app.LauncherActivity} (mCurrentTopTask:Task{9fb1754 #10234 type=standard I=com.anubis/.loader.proxy.ProxyActivity$P0} : true); (mAssociatedTask:Task{c0ae754 #10233 type=standard A=11946:com.anubis} : false); (mHomeTask:Task{d7c7124 #6195 type=home} : false); mReparentToOriginParent:false mLastAppBarVisible:true mLastHomeBarVisible:false
06-28 14:53:14.488 I/BLASTSyncEngine( 2100): SyncGroup 44254:  Unfinished container:ActivityRecord{235684710 u0 com.anubis/.loader.proxy.ProxyActivity$P0 t10234}
06-28 14:53:14.489 I/BLASTSyncEngine( 2100): isActivitySyncFinished isSyncFinished false ActivityRecord{235684710 u0 com.anubis/.loader.proxy.ProxyActivity$P0 t10234}
06-28 14:53:14.524 E/ActivityManager( 2100): [IntentRedirect Hardening] The intent does not have its nested keys collected as a preparation for creating intent creator tokens. Intent: Intent { act=0cbd3a5b-58ef-44f7-becb-d4fa39ae5111 cmp=com.anubis/.loader.proxy.ProxyActivity$P0 (has extras) }; creatorPackage: com.anubis
06-28 14:53:14.532 I/ActivityStarterImpl( 2100):    ChangeInfo{b80c8b5 container=Task{9fb1754 #10234 type=standard I=com.anubis/.loader.proxy.ProxyActivity$P0} flags=0x0}
06-28 14:53:14.532 I/ActivityStarterImpl( 2100):    ChangeInfo{3facb4a container=ActivityRecord{235684710 u0 com.anubis/.loader.proxy.ProxyActivity$P0 t10234} flags=0x0}
06-28 14:53:14.532 D/WindowManager( 2100): Collecting in transition 44254: ActivityRecord{54120604 u0 com.anubis/.loader.proxy.ProxyActivity$P0 init visibleRequested:false dc:null
06-28 14:53:14.532 I/ActivityStarterImpl( 2100): boost warm start activity for com.anubis:p0
06-28 14:53:14.532 D/MiuiFreeformServiceImpl( 2100): addLaunchFreeformActivityOptionIfNeed skip due to not find sourceTask: null sourceFfas: null sourceFreeFormActivity: ActivityRecord{235684710 u0 com.anubis/.loader.proxy.ProxyActivity$P0 t10234}
06-28 14:53:14.533 D/BarFollowAnimation( 2100): onTaskInfoChanedForCaptionBar Task{9fb1754 #10234 type=standard I=com.anubis/.loader.proxy.ProxyActivity$P0} shouldbeVisible:true isVisible:false isOnTop:true windowMode:1 mCaptionAssociatedTask:null mIsTouchedInCaption:false
06-28 14:53:14.533 D/BarFollowAnimation( 2100): onTaskInfoChanedForCaptionBar Task{9fb1754 #10234 type=standard I=com.anubis/.loader.proxy.ProxyActivity$P0} shouldbeVisible:true isVisible:false isOnTop:true windowMode:1 mCaptionAssociatedTask:null mIsTouchedInCaption:false
06-28 14:53:14.536 D/BarFollowAnimation( 2100): onTaskInfoChanedForCaptionBar Task{9fb1754 #10234 type=standard I=com.anubis/.loader.proxy.ProxyActivity$P0} shouldbeVisible:true isVisible:false isOnTop:true windowMode:1 mCaptionAssociatedTask:null mIsTouchedInCaption:false
06-28 14:53:14.536 D/MiuiFreeFormManagerService( 2100): onStartActivityInner as = Task{9fb1754 #10234 type=standard I=com.anubis/.loader.proxy.ProxyActivity$P0} op = null
06-28 14:53:14.536 D/WindowManager( 2100): All the checks have been done, return STARTING_WINDOW_TYPE_NONE. this = ActivityRecord{54120604 u0 com.anubis/.loader.proxy.ProxyActivity$P0 t10234}
06-28 14:53:14.536 I/WindowManager( 2100): Try to add startingWindow type = STARTING_WINDOW_TYPE_NONE this = ActivityRecord{54120604 u0 com.anubis/.loader.proxy.ProxyActivity$P0 t10234} mOccludesParent = true preAllowTaskSnapshot = true afterAllowTaskSnapshot = true newTask = false taskSwitch = false processRunning = true activityCreated = false activityAllDrawn = false isSnapshotCompatible = false snapshotRotation = NaN resolvedTheme = 0 theme = 2131886092
06-28 14:53:14.536 I/PowerHalWrapper( 2100): amsBoostNotify pid:15019,activity:com.anubis.loader.proxy.ProxyActivity$P0, package:com.anubis, mProcessCreatePackcom.android.vpndialogs 
06-28 14:53:14.537 I/ScnModule( 2100): [GameDetection] nativeLibs1/1:: com.anubis:: [libartpalette.so, libguestloginhook.so] 
06-28 14:53:14.537 I/mtkpower_client( 2100): [PowerHal_Wrap_notifyAppState] com.anubis/com.anubis.loader.proxy.ProxyActivity$P0 pid=15019 activityId:235684710 state:0
06-28 14:53:14.538 I/MTK_APPList( 1383): [getForegroundAPPInfo]  com.anubis/com.anubis.loader.proxy.ProxyActivity$P0 (pid=15019)
06-28 14:53:14.538 I/vendor.mediatek.hardware.mtkpower_applist-service.mediatek( 1383): MIUI ADDpackName: com.anubis actName: com.anubis.loader.proxy.ProxyActivity$P0
06-28 14:53:14.538 I/vendor.mediatek.hardware.mtkpower_applist-service.mediatek( 1383): packName: com.anubis actName: com.anubis.loader.proxy.ProxyActivity$P0 pid: 15019 uid: 11946 state: 0
06-28 14:53:14.538 I/MTK_APPList( 1383): [notifyAPPstate] com.anubis/com.anubis.loader.proxy.ProxyActivity$P0, pid=15019, uid=11946, state:PAUSED, fps:120, win:1
06-28 14:53:14.538 I/MTK_APPList( 1383): [notifyAPPstate] multi_resumed_app_info[1] com.blazehealth.tracker/com.anubis.loader.proxy.ProxyActivity$P11, pid:30293, fps:-1, isMultiWindow:1
06-28 14:53:14.538 I/MTK_APPList( 1383): [notifyAPPstate] multi_resumed_app_info[2] com.blazehealth.tracker/com.anubis.loader.proxy.ProxyActivity$P9, pid:3291, fps:120, isMultiWindow:1
06-28 14:53:14.538 I/MTK_APPList( 1383): [notifyAPPstate] multi_resumed_app_info[3] com.blazehealth.tracker/com.anubis.loader.proxy.ProxyActivity$P16, pid:4637, fps:120, isMultiWindow:1
06-28 14:53:14.538 I/MTK_APPList( 1383): [notifyAPPstate] multi_resumed_app_info[4] com.blazehealth.tracker/com.anubis.loader.proxy.ProxyActivity$P10, pid:11056, fps:120, isMultiWindow:1
06-28 14:53:14.538 I/MTK_APPList( 1383): [notifyAPPstate] multi_resumed_app_info[5] com.blazehealth.tracker/com.anubis.loader.proxy.ProxyActivity$P5, pid:28100, fps:120, isMultiWindow:1
06-28 14:53:14.538 I/MTK_APPList( 1383): [notifyAPPstate] multi_resumed_app_info[22] com.android.media.module.loader/top.niunaijun.blackbox.proxy.ProxyActivity$P4, pid:15601, fps:-1, isMultiWindow:1
06-28 14:53:14.538 I/MTK_APPList( 1383): [notifyAPPstate] multi_resumed_app_info[24] com.anubis/com.anubis.loader.proxy.ProxyActivity$P2, pid:9423, fps:120, isMultiWindow:1
06-28 14:53:14.538 I/MTK_APPList( 1383): [notifyAPPstate] multi_resumed_app_info[27] com.anubis/com.anubis.loader.proxy.ProxyActivity$P4, pid:24081, fps:-1, isMultiWindow:1
06-28 14:53:14.539 D/Transition( 2100): setReady 44254 wc=Task{9fb1754 #10234 type=standard I=com.anubis/.loader.proxy.ProxyActivity$P0} ready=false
06-28 14:53:14.539 D/WindowManager( 2100):    ChangeInfo{43362b container=ActivityRecord{54120604 u0 com.anubis/.loader.proxy.ProxyActivity$P0 t10234} flags=0x0}
06-28 14:53:14.539 D/WindowManager( 2100):    ChangeInfo{b80c8b5 container=Task{9fb1754 #10234 type=standard I=com.anubis/.loader.proxy.ProxyActivity$P0} flags=0x0}
06-28 14:53:14.539 D/WindowManager( 2100):    ChangeInfo{3facb4a container=ActivityRecord{235684710 u0 com.anubis/.loader.proxy.ProxyActivity$P0 t10234} flags=0x0}
06-28 14:53:14.539 D/WindowManager( 2100): Collecting in transition 44254: ActivityRecord{54120604 u0 com.anubis/.loader.proxy.ProxyActivity$P0 t10234} init visibleRequested:false dc:Display{#0 state=ON size=2712x1220 ROTATION_270}
06-28 14:53:14.539 D/Transition( 2100): setReady 44254 wc=ActivityRecord{54120604 u0 com.anubis/.loader.proxy.ProxyActivity$P0 t10234} ready=false
06-28 14:53:14.539 D/WindowManager( 2100):    ChangeInfo{43362b container=ActivityRecord{54120604 u0 com.anubis/.loader.proxy.ProxyActivity$P0 t10234} flags=0x0}
06-28 14:53:14.539 D/WindowManager( 2100):    ChangeInfo{b80c8b5 container=Task{9fb1754 #10234 type=standard I=com.anubis/.loader.proxy.ProxyActivity$P0} flags=0x0}
06-28 14:53:14.539 D/WindowManager( 2100):    ChangeInfo{3facb4a container=ActivityRecord{235684710 u0 com.anubis/.loader.proxy.ProxyActivity$P0 t10234} flags=0x0}
06-28 14:53:14.540 D/BarFollowAnimation( 2100): isAppTaskBarOnTop win:Window{54ed5ed u0 com.anubis/com.anubis.loader.app.LauncherActivity} (mCurrentTopTask:Task{9fb1754 #10234 type=standard I=com.anubis/.loader.proxy.ProxyActivity$P0} : true); (mAssociatedTask:Task{c0ae754 #10233 type=standard A=11946:com.anubis} : false); (mHomeTask:Task{d7c7124 #6195 type=home} : false); mReparentToOriginParent:false mLastAppBarVisible:true mLastHomeBarVisible:false
06-28 14:53:14.540 I/ActivityTaskManager( 2100): START u0 {act=0cbd3a5b-58ef-44f7-becb-d4fa39ae5111 xflg=0x4 cmp=com.anubis/.loader.proxy.ProxyActivity$P0 (has extras)} with LAUNCH_MULTIPLE from uid 11946 from pid 15019 callingPackage com.anubis (sr=235684710) (BAL_ALLOW_VISIBLE_WINDOW) result code=0
06-28 14:53:14.542 D/BarFollowAnimation( 2100): isAppTaskBarOnTop win:Window{54ed5ed u0 com.anubis/com.anubis.loader.app.LauncherActivity} (mCurrentTopTask:Task{9fb1754 #10234 type=standard I=com.anubis/.loader.proxy.ProxyActivity$P0} : true); (mAssociatedTask:Task{c0ae754 #10233 type=standard A=11946:com.anubis} : false); (mHomeTask:Task{d7c7124 #6195 type=home} : false); mReparentToOriginParent:false mLastAppBarVisible:true mLastHomeBarVisible:false
06-28 14:53:14.550 D/WindowManager( 2100): Collecting in transition 44254: ActivityRecord{235684710 u0 com.anubis/.loader.proxy.ProxyActivity$P0 t10234 f}} init visibleRequested:true dc:Display{#0 state=ON size=2712x1220 ROTATION_270}
06-28 14:53:14.550 D/MiuiFreeFormGestureController( 2100): deliverResultForFinishActivity resultTo: null resultFrom: ActivityRecord{235684710 u0 com.anubis/.loader.proxy.ProxyActivity$P0 t10234 f}} isInVideoOrGameScene: true intent: Intent { flg=0x18080000 xflg=0x4 cmp=com.anubis/.loader.proxy.ProxyActivity$P0 (has extras) }
06-28 14:53:14.553 I/ActivityManager( 2100): Posting procStart msg for 0:com.anubis:p2/u0a1946
06-28 14:53:14.554 W/com.anubis:p0(15019): Long monitor contention with owner Firebase-Messaging-Init (15067) at com.google.android.gms.tasks.Task com.google.android.gms.cloudmessaging.zzv.zzg(com.google.android.gms.cloudmessaging.zzs)(com.google.android.gms:play-services-cloud-messaging@@17.2.0:6) waiters=0 in int com.google.android.gms.cloudmessaging.zzv.zzf() for 1.939s
06-28 14:53:14.563 I/com.anubis:p0(15019): AssetManager2(0x73e28394b8) locale list changing from [] to [en-IN]
06-28 14:53:14.579 D/BarFollowAnimation( 2100): isAppTaskBarOnTop win:Window{54ed5ed u0 com.anubis/com.anubis.loader.app.LauncherActivity} (mCurrentTopTask:Task{9fb1754 #10234 type=standard I=com.anubis/.loader.proxy.ProxyActivity$P0} : true); (mAssociatedTask:Task{c0ae754 #10233 type=standard A=11946:com.anubis} : false); (mHomeTask:Task{d7c7124 #6195 type=home} : false); mReparentToOriginParent:false mLastAppBarVisible:true mLastHomeBarVisible:false
06-28 14:53:14.580 D/RecentsImpl( 1281): mActivityStateObserver com.anubis.loader.proxy.ProxyActivity$P0
06-28 14:53:14.580 W/RecentsImpl( 1281): updateGestureWindowVisibleImpl, className=com.anubis.loader.proxy.ProxyActivity$P0
06-28 14:53:14.581 D/BarFollowAnimation( 2100): isAppTaskBarOnTop win:Window{54ed5ed u0 com.anubis/com.anubis.loader.app.LauncherActivity} (mCurrentTopTask:Task{9fb1754 #10234 type=standard I=com.anubis/.loader.proxy.ProxyActivity$P0} : true); (mAssociatedTask:Task{c0ae754 #10233 type=standard A=11946:com.anubis} : false); (mHomeTask:Task{d7c7124 #6195 type=home} : false); mReparentToOriginParent:false mLastAppBarVisible:true mLastHomeBarVisible:false
06-28 14:53:14.582 E/Zygote  (15291): process_name_ptr:15291 com.anubis:p2
06-28 14:53:14.582 E/Zygote  (15291): SetMemoryProtected process_name_ptr:15291 com.anubis:p2
06-28 14:53:14.594 I/com.anubis:p2(15291): Late-enabling -Xcheck:jni
06-28 14:53:14.604 D/BarFollowAnimation( 2100): isAppTaskBarOnTop win:Window{54ed5ed u0 com.anubis/com.anubis.loader.app.LauncherActivity} (mCurrentTopTask:Task{9fb1754 #10234 type=standard I=com.anubis/.loader.proxy.ProxyActivity$P0} : true); (mAssociatedTask:Task{c0ae754 #10233 type=standard A=11946:com.anubis} : false); (mHomeTask:Task{d7c7124 #6195 type=home} : false); mReparentToOriginParent:false mLastAppBarVisible:true mLastHomeBarVisible:false
06-28 14:53:14.611 I/ActivityManager( 2100): Start proc 15291:com.anubis:p2/u0a1946 for content provider {com.anubis/com.anubis.loader.proxy.ProxyContentProvider$P2} caller=com.anubis
06-28 14:53:14.624 I/com.anubis:p2(15291): Using generational CollectorTypeCMC GC.
06-28 14:53:14.628 D/BarFollowAnimation( 2100): isAppTaskBarOnTop win:Window{54ed5ed u0 com.anubis/com.anubis.loader.app.LauncherActivity} (mCurrentTopTask:Task{9fb1754 #10234 type=standard I=com.anubis/.loader.proxy.ProxyActivity$P0} : true); (mAssociatedTask:Task{c0ae754 #10233 type=standard A=11946:com.anubis} : false); (mHomeTask:Task{d7c7124 #6195 type=home} : false); mReparentToOriginParent:false mLastAppBarVisible:true mLastHomeBarVisible:false
06-28 14:53:14.651 D/BarFollowAnimation( 2100): isAppTaskBarOnTop win:Window{54ed5ed u0 com.anubis/com.anubis.loader.app.LauncherActivity} (mCurrentTopTask:Task{9fb1754 #10234 type=standard I=com.anubis/.loader.proxy.ProxyActivity$P0} : true); (mAssociatedTask:Task{c0ae754 #10233 type=standard A=11946:com.anubis} : false); (mHomeTask:Task{d7c7124 #6195 type=home} : false); mReparentToOriginParent:false mLastAppBarVisible:true mLastHomeBarVisible:false
06-28 14:53:14.655 I/SmartPower: com.anubis:p2/11946(15291)( 2100): died->invisible(107677ms) R(process start ) adj=-10000.
06-28 14:53:14.662 W/Finsky  (11421): [715442] Package name com.miraclegames.farlight84 does not match UID 11946
06-28 14:53:14.671 I/com.anubis:p1(15079): AssetManager2(0x73e28304f8) locale list changing from [] to [en-IN]
06-28 14:53:14.680 W/Finsky  (11421): [715438] Package name com.miraclegames.farlight84 does not match UID 11946
06-28 14:53:14.688 I/RENDER_TURBO(15291): onActivityThreadCreate not in white list, pkg=com.anubis:p2, type=duchamp
06-28 14:53:14.695 D/nativeloader(15079): Load /data/app/~~HA3Q2eYdpLcUQoIQ5BcZWg==/com.anubis-4XlxoTf3pbTv3djzBD7glw==/lib/arm64/libartpalette.so using class loader ns clns-10 (caller=/data/app/~~HA3Q2eYdpLcUQoIQ5BcZWg==/com.anubis-4XlxoTf3pbTv3djzBD7glw==/base.apk!classes2.dex): ok
06-28 14:53:14.704 W/Finsky  (11421): [715438] Package name com.miraclegames.farlight84 does not match UID 11946
06-28 14:53:14.712 E/ClassInvocationStub(15079): args=/data/user/0/com.anubis/files/.vfs/storage/emulated/0/Android/data/com.anubis/cache
06-28 14:53:14.712 E/StorageManagerService( 2100): Path /data/user/0/com.anubis/files/.vfs/storage/emulated/0/Android/data/com.anubis/cache is not a valid application-specific directory
06-28 14:53:14.741 D/ActivityThread(15291): setEmbeddedParam packageName=com.anubis processName=com.anubis:p2 isEmbedded=false isIsolated=false
06-28 14:53:14.768 W/Finsky  (11421): [715442] Package name com.miraclegames.farlight84 does not match UID 11946
06-28 14:53:14.850 D/BarFollowAnimation( 2100): isAppTaskBarOnTop win:Window{54ed5ed u0 com.anubis/com.anubis.loader.app.LauncherActivity} (mCurrentTopTask:Task{9fb1754 #10234 type=standard I=com.anubis/.loader.proxy.ProxyActivity$P0} : true); (mAssociatedTask:Task{c0ae754 #10233 type=standard A=11946:com.anubis} : false); (mHomeTask:Task{d7c7124 #6195 type=home} : false); mReparentToOriginParent:false mLastAppBarVisible:true mLastHomeBarVisible:false
06-28 14:53:14.878 D/BarFollowAnimation( 2100): isAppTaskBarOnTop win:Window{54ed5ed u0 com.anubis/com.anubis.loader.app.LauncherActivity} (mCurrentTopTask:Task{9fb1754 #10234 type=standard I=com.anubis/.loader.proxy.ProxyActivity$P0} : true); (mAssociatedTask:Task{c0ae754 #10233 type=standard A=11946:com.anubis} : false); (mHomeTask:Task{d7c7124 #6195 type=home} : false); mReparentToOriginParent:false mLastAppBarVisible:true mLastHomeBarVisible:false
06-28 14:53:14.889 W/Finsky  (11421): [715438] Package name com.miraclegames.farlight84 does not match UID 11946
06-28 14:53:14.912 W/Finsky  (11421): [715438] Package name com.miraclegames.farlight84 does not match UID 11946
06-28 14:53:14.917 W/Finsky  (11421): [715442] Package name com.miraclegames.farlight84 does not match UID 11946
06-28 14:53:15.016 W/Finsky  (11421): [715438] Package name com.miraclegames.farlight84 does not match UID 11946
06-28 14:53:15.022 W/com.anubis:p1(15079): ClassLoaderContext parent mismatch.  (PCL[];PCL[] | PCL[])
06-28 14:53:15.026 D/nativeloader(15079): Configuring clns-11 for other apk /data/user/0/com.anubis/files/.vfs/data/app/com.google.android.gms/base.apk. target_sdk_version=29, uses_libraries=, library_path=/data/user/0/com.anubis/files/.vfs/data/app/com.google.android.gms/lib:/data/user/0/com.anubis/files/.vfs/data/app/com.google.android.gms/base.apk!/lib/arm64-v8a, permitted_path=/data:/mnt/expand:/data/user/0/com.anubis/files/.vfs/data/user/0/com.google.android.gms
06-28 14:53:15.036 W/com.anubis:p1(15079): Unsupported class loader: java.lang.Class<com.anubis.loader.utils.PathClassLoaderExt>
06-28 14:53:15.037 W/ActivityTaskManager( 2100): Activity top resumed state loss timeout for ActivityRecord{235684710 u0 com.anubis/.loader.proxy.ProxyActivity$P0 t10234 f}}
06-28 14:53:15.039 W/ActivityTaskManager( 2100): Activity pause timeout for ActivityRecord{235684710 u0 com.anubis/.loader.proxy.ProxyActivity$P0 t10234 f}}
06-28 14:53:15.040 D/WindowManager( 2100): Collecting in transition 44254: ActivityRecord{235684710 u0 com.anubis/.loader.proxy.ProxyActivity$P0 t10234 f}} init visibleRequested:true dc:Display{#0 state=ON size=2712x1220 ROTATION_270}
06-28 14:53:15.040 D/WindowManager( 2100): Collecting in transition 44254: ActivityRecord{54120604 u0 com.anubis/.loader.proxy.ProxyActivity$P0 t10234} init visibleRequested:false dc:Display{#0 state=ON size=2712x1220 ROTATION_270}
06-28 14:53:15.041 D/WindowManager( 2100): applyFixedRotationTransform ActivityRecord{54120604 u0 com.anubis/.loader.proxy.ProxyActivity$P0 t10234} config={0.0 ?mcc0mnc ?localeList ?layoutDir sw407dp w407dp h904dp ?density nrml long ?ldr ?wideColorGamut port ?uimode ?night ?touch ?keyb/?/? ?nav/? winConfig={ mBounds=Rect(0, 0 - 1220, 2712) mAppBounds=Rect(0, 0 - 1220, 2712) mMaxBounds=Rect(0, 0 - 1220, 2712) mDisplayRotation=ROTATION_0 mWindowingMode=undefined mActivityType=undefined mAlwaysOnTop=undefined mRotation=ROTATION_0 mInSplitScreen=false letterBoxed=false foScaled=false isSpecificEmbedded=false embeddingScale=1.0} ?fontWeightAdjustment/0/0 themeChanged=0 themeChangedFlags=0 display=-1 extraData = Bundle[{}] screenType=-2/0}
06-28 14:53:15.041 D/DisplayContentStubImpl( 2100): setFixedRotationLaunchingApp 0 prev=null now=ActivityRecord{54120604 u0 com.anubis/.loader.proxy.ProxyActivity$P0 t10234} rotation=0
06-28 14:53:15.047 D/BarFollowAnimation( 2100): onTaskInfoChanedForCaptionBar Task{9fb1754 #10234 type=standard I=com.anubis/.loader.proxy.ProxyActivity$P0} shouldbeVisible:true isVisible:false isOnTop:true windowMode:1 mCaptionAssociatedTask:null mIsTouchedInCaption:false
06-28 14:53:15.047 D/WindowManager( 2100): Collecting in transition 44254: ActivityRecord{54120604 u0 com.anubis/.loader.proxy.ProxyActivity$P0 t10234} init visibleRequested:true dc:Display{#0 state=ON size=2712x1220 ROTATION_270}
06-28 14:53:15.050 I/PowerHalWrapper( 2100): amsBoostNotify pid:15019,activity:com.anubis.loader.proxy.ProxyActivity$P0, package:com.anubis, mProcessCreatePackcom.android.vpndialogs 
06-28 14:53:15.051 W/Finsky  (11421): [715442] Package name com.miraclegames.farlight84 does not match UID 11946
06-28 14:53:15.052 I/ScnModule( 2100): [GameDetection] nativeLibs1/1:: com.anubis:: [libartpalette.so, libguestloginhook.so] 
06-28 14:53:15.055 I/mtkpower_client( 2100): [PowerHal_Wrap_notifyAppState] com.anubis/com.anubis.loader.proxy.ProxyActivity$P0 pid=15019 activityId:54120604 state:1
06-28 14:53:15.056 I/MTK_APPList( 1383): [getForegroundAPPInfo]  com.anubis/com.anubis.loader.proxy.ProxyActivity$P0 (pid=15019)
06-28 14:53:15.056 I/vendor.mediatek.hardware.mtkpower_applist-service.mediatek( 1383): MIUI ADDpackName: com.anubis actName: com.anubis.loader.proxy.ProxyActivity$P0
06-28 14:53:15.056 I/vendor.mediatek.hardware.mtkpower_applist-service.mediatek( 1383): packName: com.anubis actName: com.anubis.loader.proxy.ProxyActivity$P0 pid: 15019 uid: 11946 state: 1
06-28 14:53:15.056 I/MTK_APPList( 1383): [notifyAPPstate] com.anubis/com.anubis.loader.proxy.ProxyActivity$P0, pid=15019, uid=11946, state:RESUMED, fps:120, win:1
06-28 14:53:15.056 I/MTK_APPList( 1383): [notifyAPPstate] multi_resumed_app_info[1] com.blazehealth.tracker/com.anubis.loader.proxy.ProxyActivity$P11, pid:30293, fps:-1, isMultiWindow:1
06-28 14:53:15.056 I/MTK_APPList( 1383): [notifyAPPstate] multi_resumed_app_info[2] com.blazehealth.tracker/com.anubis.loader.proxy.ProxyActivity$P9, pid:3291, fps:120, isMultiWindow:1
06-28 14:53:15.056 I/MTK_APPList( 1383): [notifyAPPstate] multi_resumed_app_info[3] com.blazehealth.tracker/com.anubis.loader.proxy.ProxyActivity$P16, pid:4637, fps:120, isMultiWindow:1
06-28 14:53:15.056 I/MTK_APPList( 1383): [notifyAPPstate] multi_resumed_app_info[4] com.blazehealth.tracker/com.anubis.loader.proxy.ProxyActivity$P10, pid:11056, fps:120, isMultiWindow:1
06-28 14:53:15.056 I/MTK_APPList( 1383): [notifyAPPstate] multi_resumed_app_info[5] com.blazehealth.tracker/com.anubis.loader.proxy.ProxyActivity$P5, pid:28100, fps:120, isMultiWindow:1
06-28 14:53:15.056 I/MTK_APPList( 1383): [notifyAPPstate] multi_resumed_app_info[22] com.android.media.module.loader/top.niunaijun.blackbox.proxy.ProxyActivity$P4, pid:15601, fps:-1, isMultiWindow:1
06-28 14:53:15.056 I/MTK_APPList( 1383): [notifyAPPstate] multi_resumed_app_info[24] com.anubis/com.anubis.loader.proxy.ProxyActivity$P2, pid:9423, fps:120, isMultiWindow:1
06-28 14:53:15.056 I/MTK_APPList( 1383): [notifyAPPstate] multi_resumed_app_info[27] com.anubis/com.anubis.loader.proxy.ProxyActivity$P4, pid:24081, fps:-1, isMultiWindow:1
06-28 14:53:15.056 I/MTK_APPList( 1383): [notifyAPPstate] multi_resumed_app_info[28] com.anubis/com.anubis.loader.proxy.ProxyActivity$P0, pid:15019, fps:120, isMultiWindow:1
06-28 14:53:15.060 D/nativeloader(15291): Configuring clns-10 for other apk /data/app/~~HA3Q2eYdpLcUQoIQ5BcZWg==/com.anubis-4XlxoTf3pbTv3djzBD7glw==/base.apk. target_sdk_version=28, uses_libraries=, library_path=/data/app/~~HA3Q2eYdpLcUQoIQ5BcZWg==/com.anubis-4XlxoTf3pbTv3djzBD7glw==/lib/arm64:/data/app/~~HA3Q2eYdpLcUQoIQ5BcZWg==/com.anubis-4XlxoTf3pbTv3djzBD7glw==/base.apk!/lib/arm64-v8a, permitted_path=/data:/mnt/expand:/data/user/0/com.anubis
06-28 14:53:15.063 D/WindowManager( 2100):    ChangeInfo{43362b container=ActivityRecord{54120604 u0 com.anubis/.loader.proxy.ProxyActivity$P0 t10234} flags=0x0}
06-28 14:53:15.063 D/WindowManager( 2100):    ChangeInfo{b80c8b5 container=Task{9fb1754 #10234 type=standard I=com.anubis/.loader.proxy.ProxyActivity$P0} flags=0x0}
06-28 14:53:15.063 D/WindowManager( 2100):    ChangeInfo{3facb4a container=ActivityRecord{235684710 u0 com.anubis/.loader.proxy.ProxyActivity$P0 t10234 f}} flags=0x0}
06-28 14:53:15.069 D/BarFollowAnimation( 2100): isAppTaskBarOnTop win:Window{54ed5ed u0 com.anubis/com.anubis.loader.app.LauncherActivity} (mCurrentTopTask:Task{9fb1754 #10234 type=standard I=com.anubis/.loader.proxy.ProxyActivity$P0} : true); (mAssociatedTask:Task{c0ae754 #10233 type=standard A=11946:com.anubis} : false); (mHomeTask:Task{d7c7124 #6195 type=home} : false); mReparentToOriginParent:false mLastAppBarVisible:true mLastHomeBarVisible:false
06-28 14:53:15.070 I/BLASTSyncEngine( 2100): SyncGroup 44254:  Unfinished container:Task{9fb1754 #10234 type=standard I=com.anubis/.loader.proxy.ProxyActivity$P0}
06-28 14:53:15.070 I/BLASTSyncEngine( 2100): isActivitySyncFinished isSyncFinished false Task{9fb1754 #10234 type=standard I=com.anubis/.loader.proxy.ProxyActivity$P0}
06-28 14:53:15.082 I/com.anubis:p2(15291): AssetManager2(0x73e2832438) locale list changing from [] to [en-IN]
06-28 14:53:15.158 W/Finsky  (11421): [715438] Package name com.miraclegames.farlight84 does not match UID 11946
06-28 14:53:15.181 D/BarFollowAnimation( 2100): onTaskInfoChanedForCaptionBar Task{9fb1754 #10234 type=standard I=com.anubis/.loader.proxy.ProxyActivity$P0} shouldbeVisible:true isVisible:false isOnTop:true windowMode:1 mCaptionAssociatedTask:null mIsTouchedInCaption:false
06-28 14:53:15.184 E/ActivityManagerWrapper( 1281):  mainTaskId=10234   userId=0   windowMode=1   isExcludedFromRecents=false   baseIntent=Intent { act=null flag=403177472 cmp=ComponentInfo{com.anubis/com.anubis.loader.proxy.ProxyActivity$P0} }
06-28 14:53:15.186 D/RecentsTaskLoader( 1281): reloadTasksData [TaskKey{id=10234, stackId=0, baseIntent=Intent { flg=0x18080000 cmp=com.anubis/.loader.proxy.ProxyActivity$P0 }, userId=0, lastActiveTime=1280922623, windowingMode=1, isThumbnailBlur=false, isAccessLocked=false, isScreening=false, topActivity=ComponentInfo{com.anubis/com.anubis.loader.proxy.ProxyActivity$P0}, mHashCode=305804646}, title=Farlight 84, titleDescription=Anubis, bounds=null, isLaunchTarget=false, isStackTask=true, isSystemApp=false, isDockable=true, baseActivity=ComponentInfo{com.anubis/com.anubis.loader.proxy.ProxyActivity$P0}, isLocked=false, mNeedHide=false, hasMultipleTasks=false, cti1Key=, cti2Key=] 
06-28 14:53:15.195 E/com.anubis:p0(15019): Failed to open APK '/data/app/com.miraclegames.farlight84/base.apk': I/O error
06-28 14:53:15.196 W/ResourcesManager(15019): java.io.IOException: Failed to load asset path /data/app/com.miraclegames.farlight84/base.apk
06-28 14:53:15.196 E/com.anubis:p0(15019): Failed to open APK '/data/app/com.miraclegames.farlight84/base.apk': I/O error
06-28 14:53:15.196 E/ResourcesManager(15019): java.io.IOException: Failed to load asset path /data/app/com.miraclegames.farlight84/base.apk
06-28 14:53:15.197 E/com.anubis:p0(15019): Failed to open APK '/data/app/com.miraclegames.farlight84/base.apk': I/O error
06-28 14:53:15.197 W/ResourcesManager(15019): java.io.IOException: Failed to load asset path /data/app/com.miraclegames.farlight84/base.apk
06-28 14:53:15.198 E/com.anubis:p0(15019): Failed to open APK '/data/app/com.miraclegames.farlight84/base.apk': I/O error
06-28 14:53:15.198 E/ResourcesManager(15019): java.io.IOException: Failed to load asset path /data/app/com.miraclegames.farlight84/base.apk
06-28 14:53:15.198 E/com.anubis:p0(15019): Failed to open APK '/data/app/com.miraclegames.farlight84/base.apk': I/O error
06-28 14:53:15.198 W/ResourcesManager(15019): java.io.IOException: Failed to load asset path /data/app/com.miraclegames.farlight84/base.apk
06-28 14:53:15.199 E/com.anubis:p0(15019): Failed to open APK '/data/app/com.miraclegames.farlight84/base.apk': I/O error
06-28 14:53:15.199 E/ResourcesManager(15019): java.io.IOException: Failed to load asset path /data/app/com.miraclegames.farlight84/base.apk
06-28 14:53:15.205 W/Finsky  (11421): [715438] Package name com.miraclegames.farlight84 does not match UID 11946
06-28 14:53:15.207 I/FlipSCF ( 2100): update navigation bar color for : com.anubis/.loader.proxy.ProxyActivity$P0 , originalColor = 0 , currentColor = FF000000 , CallingPid = 15019
06-28 14:53:15.210 D/BarFollowAnimation( 2100): onTaskInfoChanedForCaptionBar Task{9fb1754 #10234 type=standard I=com.anubis/.loader.proxy.ProxyActivity$P0} shouldbeVisible:true isVisible:false isOnTop:true windowMode:1 mCaptionAssociatedTask:null mIsTouchedInCaption:false
06-28 14:53:15.211 D/MiuiEmbeddingWindowService_Video_FullScreen( 2100): com.anubis.loader.proxy.ProxyActivity$P0 not support embedded video fullscreen!
06-28 14:53:15.211 D/MiuiEmbeddingWindowService_Video_FullScreen( 2100): reset embedded video fullscreen, tf Bounds=Rect(0, 0 - 2712, 1220) ar=ActivityRecord{54120604 u0 com.anubis/.loader.proxy.ProxyActivity$P0 t10234}
06-28 14:53:15.238 W/Finsky  (11421): [715442] Package name com.miraclegames.farlight84 does not match UID 11946
06-28 14:53:15.244 W/Finsky  (11421): [715438] Package name com.miraclegames.farlight84 does not match UID 11946
06-28 14:53:15.255 W/Finsky  (11421): [715442] Package name com.miraclegames.farlight84 does not match UID 11946
06-28 14:53:15.274 W/Finsky  (11421): [715438] Package name com.miraclegames.farlight84 does not match UID 11946
06-28 14:53:15.343 W/Finsky  (11421): [715442] Package name com.miraclegames.farlight84 does not match UID 11946
06-28 14:53:15.475 W/Finsky  (11421): [715438] Package name com.miraclegames.farlight84 does not match UID 11946
06-28 14:53:15.496 D/ResMonitorStub(15291): The current process type is: third_party_app, process name is: com.anubis:p2
06-28 14:53:15.564 W/Finsky  (11421): [715442] Package name com.miraclegames.farlight84 does not match UID 11946
06-28 14:53:15.584 W/Finsky  (11421): [715438] Package name com.miraclegames.farlight84 does not match UID 11946
06-28 14:53:15.633 W/Finsky  (11421): [715442] Package name com.miraclegames.farlight84 does not match UID 11946
06-28 14:53:15.708 W/Finsky  (11421): [715438] Package name com.miraclegames.farlight84 does not match UID 11946
06-28 14:53:15.730 W/Finsky  (11421): [715442] Package name com.miraclegames.farlight84 does not match UID 11946
06-28 14:53:15.744 W/com.anubis:p1(15079): Unsupported class loader: java.lang.Class<com.anubis.loader.utils.PathClassLoaderExt>
06-28 14:53:15.745 I/StealthClassLoader(15079): replaced classloader pkg=com.google.android.gms lib=/data/user/0/com.anubis/files/.vfs/data/app/com.google.android.gms/lib
06-28 14:53:15.758 W/Finsky  (11421): [715438] Package name com.miraclegames.farlight84 does not match UID 11946
06-28 14:53:15.774 W/Finsky  (11421): [715442] Package name com.miraclegames.farlight84 does not match UID 11946
06-28 14:53:15.839 W/Finsky  (11421): [715442] Package name com.miraclegames.farlight84 does not match UID 11946
06-28 14:53:15.850 W/Finsky  (11421): [715442] Package name com.miraclegames.farlight84 does not match UID 11946
06-28 14:53:15.874 W/Finsky  (11421): [715438] Package name com.miraclegames.farlight84 does not match UID 11946
06-28 14:53:15.904 W/Finsky  (11421): [715442] Package name com.miraclegames.farlight84 does not match UID 11946
06-28 14:53:15.921 W/Finsky  (11421): [715438] Package name com.miraclegames.farlight84 does not match UID 11946
06-28 14:53:15.958 W/Finsky  (11421): [715442] Package name com.miraclegames.farlight84 does not match UID 11946
06-28 14:53:15.995 I/com.anubis:p2(15291): AssetManager2(0x73e282d2f8) locale list changing from [] to [en-IN]
06-28 14:53:16.000 D/nativeloader(15291): Load /data/app/~~HA3Q2eYdpLcUQoIQ5BcZWg==/com.anubis-4XlxoTf3pbTv3djzBD7glw==/lib/arm64/libartpalette.so using class loader ns clns-10 (caller=/data/app/~~HA3Q2eYdpLcUQoIQ5BcZWg==/com.anubis-4XlxoTf3pbTv3djzBD7glw==/base.apk!classes2.dex): ok
06-28 14:53:16.000 W/Finsky  (11421): [715438] Package name com.miraclegames.farlight84 does not match UID 11946
06-28 14:53:16.006 E/ClassInvocationStub(15291): args=/data/user/0/com.anubis/files/.vfs/storage/emulated/0/Android/data/com.anubis/cache
06-28 14:53:16.006 E/StorageManagerService( 2100): Path /data/user/0/com.anubis/files/.vfs/storage/emulated/0/Android/data/com.anubis/cache is not a valid application-specific directory
06-28 14:53:16.059 W/Finsky  (11421): [715438] Package name com.miraclegames.farlight84 does not match UID 11946
06-28 14:53:16.071 W/com.anubis:p2(15291): ClassLoaderContext parent mismatch.  (PCL[];PCL[] | PCL[])
06-28 14:53:16.080 D/nativeloader(15291): Configuring clns-11 for other apk /data/user/0/com.anubis/files/.vfs/data/app/com.google.android.gms/base.apk. target_sdk_version=29, uses_libraries=, library_path=/data/user/0/com.anubis/files/.vfs/data/app/com.google.android.gms/lib:/data/user/0/com.anubis/files/.vfs/data/app/com.google.android.gms/base.apk!/lib/arm64-v8a, permitted_path=/data:/mnt/expand:/data/user/0/com.anubis/files/.vfs/data/user/0/com.google.android.gms
06-28 14:53:16.081 W/Finsky  (11421): [715442] Package name com.miraclegames.farlight84 does not match UID 11946
06-28 14:53:16.082 W/com.anubis:p2(15291): Unsupported class loader: java.lang.Class<com.anubis.loader.utils.PathClassLoaderExt>
06-28 14:53:16.118 W/Finsky  (11421): [715438] Package name com.miraclegames.farlight84 does not match UID 11946
06-28 14:53:16.148 W/Finsky  (11421): [715442] Package name com.miraclegames.farlight84 does not match UID 11946
06-28 14:53:16.193 W/Finsky  (11421): [715438] Package name com.miraclegames.farlight84 does not match UID 11946
06-28 14:53:16.219 I/GuestResourceLayout(15079): prepared pkg=com.google.android.gms dataFiles=/data/user/0/com.anubis/files/.vfs/data/user/0/com.google.android.gms/files extData=/data/user/0/com.anubis/files/.vfs/storage/emulated/0/Android/data/com.google.android.gms
06-28 14:53:16.225 W/Finsky  (11421): [715442] Package name com.miraclegames.farlight84 does not match UID 11946
06-28 14:53:16.244 W/Finsky  (11421): [715438] Package name com.miraclegames.farlight84 does not match UID 11946
06-28 14:53:16.268 W/ContentProviderHelper( 2100): No provider info for content provider com.google.android.gms.microg.settings when providerRunning is false, caller is ProcessRecord{af5d8ae 15079:com.anubis:p1/u0a1946}
06-28 14:53:16.269 W/ContentProviderHelper( 2100): No provider info for content provider com.google.android.gms.microg.settings when providerRunning is false, caller is ProcessRecord{af5d8ae 15079:com.anubis:p1/u0a1946}
06-28 14:53:16.292 W/Finsky  (11421): [715438] Package name com.miraclegames.farlight84 does not match UID 11946
06-28 14:53:16.308 W/Finsky  (11421): [715438] Package name com.miraclegames.farlight84 does not match UID 11946
06-28 14:53:16.593 W/com.anubis:p2(15291): Unsupported class loader: java.lang.Class<com.anubis.loader.utils.PathClassLoaderExt>
06-28 14:53:16.594 I/StealthClassLoader(15291): replaced classloader pkg=com.google.android.gms lib=/data/user/0/com.anubis/files/.vfs/data/app/com.google.android.gms/lib
06-28 14:53:16.778 I/BLASTSyncEngine( 2100): Unfinished container: Task{9fb1754 #10234 type=standard I=com.anubis/.loader.proxy.ProxyActivity$P0}
06-28 14:53:16.778 I/BLASTSyncEngine( 2100): Unfinished container: ActivityRecord{54120604 u0 com.anubis/.loader.proxy.ProxyActivity$P0 t10234}
06-28 14:53:16.779 I/SmartPower: com.anubis:p0/11946(15019)( 2100): invisible->visible(6477ms) R(become visible) adj=0.
06-28 14:53:16.780 D/BarFollowAnimation( 2100): onTaskInfoChanedForCaptionBar Task{9fb1754 #10234 type=standard I=com.anubis/.loader.proxy.ProxyActivity$P0} shouldbeVisible:true isVisible:true isOnTop:true windowMode:1 mCaptionAssociatedTask:null mIsTouchedInCaption:false
06-28 14:53:16.780 D/WindowManager( 2100): Final targets: [ChangeInfo{b80c8b5 container=Task{9fb1754 #10234 type=standard I=com.anubis/.loader.proxy.ProxyActivity$P0} flags=0x10}, ChangeInfo{f54abb container=Task{c0ae754 #10233 type=standard A=11946:com.anubis} flags=0x10}, ChangeInfo{f51fcec container=DefaultTaskDisplayArea@25930470 flags=0x0}, ChangeInfo{989139f container=Display{#0 state=ON size=2712x1220 ROTATION_270} flags=0x0}]
06-28 14:53:16.782 D/nativeloader(15019): Load /data/user/0/com.anubis/files/.vfs/data/app/com.miraclegames.farlight84/lib/libUE4.so using class loader ns clns-15 (caller=/data/app/~~x7hjVENJcwJnCqui9LPJoA==/com.miraclegames.farlight84-7aYi-5YB_5aCDNH4ttDPbQ==/base.apk!classes2.dex): ok
06-28 14:53:16.784 D/WindowManager( 2100): Calling onTransitionReady info={id=44254 t=OPEN f=0x0 trk=0 r=[0@Point(0, 0)] c=[{WCT{RemoteToken{1b046e7 Task{9fb1754 #10234 type=standard I=com.anubis/.loader.proxy.ProxyActivity$P0}}} m=OPEN f=NONE p=WCT{RemoteToken{89f050b DefaultTaskDisplayArea@25930470}} leash=Surface(name=Task=10234#967392)/@0xea5f6a7 sb=Rect(0, 0 - 1220, 2712) eb=Rect(0, 0 - 2712, 1220) epz=Point(2712, 1220) d=0 r=0->3:-1 endFixedRotation=0 taskParent=-1 v=trueMiuiChangeImpl {miuiEmbedding:false, scale:1.0}},{WCT{RemoteToken{28eddee Task{c0ae754 #10233 type=standard A=11946:com.anubis}}} m=TO_BACK f=NONE p=WCT{RemoteToken{89f050b DefaultTaskDisplayArea@25930470}} leash=Surface(name=Task=10233#967268)/@0x2d306a7 sb=Rect(0, 0 - 1220, 2712) eb=Rect(0, 0 - 2712, 1220) epz=Point(2712, 1220) d=0 r=0->3:-1 taskParent=-1 v=falseMiuiChangeImpl {miuiEmbedding:false, scale:1.0}},{WCT{RemoteToken{89f050b DefaultTaskDisplayArea@25930470}} m=CHANGE f=FLAG_IS_TASK_DISPLAY_AREA p=WCT{RemoteToken{417fa57 Display{#0 state=ON size=2712x1220 ROTATION_270}}} leash=Surface(name=DefaultTaskDisplayArea#936778)/@0x4908249 sb=Rect(0, 0 - 1220, 2712) eb=Rect(0, 0 - 2712, 1220) epz=Point(2712, 1220) d=0 r=0->3:-1 v=trueMiuiChangeImpl {miuiEmbedding:false, scale:1.0}},{WCT{RemoteToken{417fa57 Display{#0 state=ON size=2712x1220 ROTATION_270}}} m=CHANGE f=IS_DISPLAY|DISPLAY_HAS_ALERT_WINDOWS leash=Surface(name=WindowedMagnification:0:31#3)/@0xdd2b0dd sb=Rect(0, 0 - 1220, 2712) eb=Rect(0, 0 - 2712, 1220) epz=Point(2712, 1220) d=0 r=0->3:-1 snapshot=Surface(name=RotationLayer#967403)/@0x52da4f7 v=trueMiuiChangeImpl {miuiEmbedding:false, scale:1.0}}] mk=[true] noAni=[false] df=[false] rsa=[false] oa=[false] nc=[0] ho=[false] hla=[false] iSync=[-1]}, mToken=Token{b52c294 TransitionRecord{1e2dfc1 id=44254 type=OPEN flags=0x0 overrideAnimOptions={t=CUSTOM enterResId=0 changeResId=0 exitResId=0 mUserId=0} c=[
06-28 14:53:16.784 D/WindowManager( 2100):    ChangeInfo{43362b container=ActivityRecord{54120604 u0 com.anubis/.loader.proxy.ProxyActivity$P0 t10234} flags=0x0}
06-28 14:53:16.784 D/WindowManager( 2100):    ChangeInfo{b80c8b5 container=Task{9fb1754 #10234 type=standard I=com.anubis/.loader.proxy.ProxyActivity$P0} flags=0x10}
06-28 14:53:16.784 D/WindowManager( 2100):    ChangeInfo{3facb4a container=ActivityRecord{235684710 u0 com.anubis/.loader.proxy.ProxyActivity$P0 t10234 f}} flags=0x0}
06-28 14:53:16.784 D/BarFollowAnimation( 2100): disableBarAnimation change={WCT{RemoteToken{1b046e7 Task{9fb1754 #10234 type=standard I=com.anubis/.loader.proxy.ProxyActivity$P0}}} m=OPEN f=NONE p=WCT{RemoteToken{89f050b DefaultTaskDisplayArea@25930470}} leash=Surface(name=Task=10234#967392)/@0xea5f6a7 sb=Rect(0, 0 - 1220, 2712) eb=Rect(0, 0 - 2712, 1220) epz=Point(2712, 1220) d=0 r=0->3:-1 endFixedRotation=0 taskParent=-1 v=trueMiuiChangeImpl {miuiEmbedding:false, scale:1.0}} 1 1
06-28 14:53:16.786 D/BarFollowAnimation( 2100): startStatusBarAnimation change= {WCT{RemoteToken{1b046e7 Task{9fb1754 #10234 type=standard I=com.anubis/.loader.proxy.ProxyActivity$P0}}} m=OPEN f=NONE p=WCT{RemoteToken{89f050b DefaultTaskDisplayArea@25930470}} leash=Surface(name=Task=10234#967392)/@0xea5f6a7 sb=Rect(0, 0 - 1220, 2712) eb=Rect(0, 0 - 2712, 1220) epz=Point(2712, 1220) d=0 r=0->3:-1 endFixedRotation=0 taskParent=-1 v=trueMiuiChangeImpl {miuiEmbedding:false, scale:1.0}} isRecent=false startWindowMode=1 endWindowMode=1 statusState=-1 isRotationAnimation=false
06-28 14:53:16.786 D/BarFollowAnimation( 2100): startStatusBarAnimation task=Task{9fb1754 #10234 type=standard I=com.anubis/.loader.proxy.ProxyActivity$P0}
06-28 14:53:16.786 D/BarFollowAnimation( 2100): bindAssociatedTask task=Task{9fb1754 #10234 type=standard I=com.anubis/.loader.proxy.ProxyActivity$P0}
06-28 14:53:16.786 D/BarFollowAnimation( 2100): bindAssociatedTask task=Task{9fb1754 #10234 type=standard I=com.anubis/.loader.proxy.ProxyActivity$P0}
06-28 14:53:16.789 D/nativeloader(15019): Load /data/user/0/com.anubis/files/.vfs/data/app/com.miraclegames.farlight84/lib/libNetHTProtect.so using class loader ns clns-15 (caller=/data/app/~~x7hjVENJcwJnCqui9LPJoA==/com.miraclegames.farlight84-7aYi-5YB_5aCDNH4ttDPbQ==/base.apk!classes2.dex): ok
06-28 14:53:16.794 D/MiuiDecorationController(22177): relayout::taskId=10234, visible=true, bounds=Rect(0, 0 - 2712, 1220), focused=true, oldImmersive=false, newImmersive=false, windowMode=1, activityType=1, displayId=0, baseActivity=ComponentInfo{com.anubis/com.anubis.loader.proxy.ProxyActivity$P0}, topActivity=ComponentInfo{com.anubis/com.anubis.loader.proxy.ProxyActivity$P0}, callers=com.android.wm.shell.multitasking.miuimultiwinswitch.miuiwindowdecor.MulWinSwitchDecorViewModel.createWindowDecoration:317 com.android.wm.shell.multitasking.miuimultiwinswitch.miuiwindowdecor.MulWinSwitchDecorViewModel.onTaskOpening:10 com.android.wm.shell.freeform.FreeformTaskTransitionObserver.onTransitionReady:262 com.android.wm.shell.transition.Transitions.dispatchReady:237 com.android.wm.shell.transition.Transitions.onTransitionReady:269 
06-28 14:53:16.797 D/MiuiDecorationController(22177): relayout::taskId=10125, visible=true, bounds=Rect(0, 0 - 1220, 2712), focused=true, oldImmersive=false, newImmersive=false, windowMode=1, activityType=1, displayId=0, baseActivity=ComponentInfo{com.anubis/com.anubis.loader.proxy.ProxyActivity$P0}, topActivity=ComponentInfo{com.anubis/com.anubis.loader.proxy.ProxyActivity$P0}, callers=com.android.wm.shell.multitasking.miuimultiwinswitch.miuiwindowdecor.decoration.MiuiDecorationController.relayout:4 com.android.wm.shell.multitasking.miuimultiwinswitch.miuiwindowdecor.MulWinSwitchDecorViewModel.lambda$relayoutDecorations$11:5 com.android.wm.shell.multitasking.miuimultiwinswitch.miuiwindowdecor.MulWinSwitchDecorViewModel.$r8$lambda$MqSeEEmyfz6mNfEbbBsEI7ZCbd0:1 com.android.wm.shell.multitasking.miuimultiwinswitch.miuiwindowdecor.MulWinSwitchDecorViewModel$$ExternalSyntheticLambda9.accept:10 java.util.concurrent.ConcurrentHashMap.forEach:1624 
06-28 14:53:16.798 D/MiuiDecorationController(22177): relayout::taskId=10094, visible=true, bounds=Rect(0, 0 - 1220, 2712), focused=true, oldImmersive=false, newImmersive=false, windowMode=1, activityType=1, displayId=0, baseActivity=ComponentInfo{com.anubis/com.anubis.loader.proxy.ProxyActivity$P0}, topActivity=ComponentInfo{com.anubis/com.anubis.loader.proxy.ProxyActivity$P0}, callers=com.android.wm.shell.multitasking.miuimultiwinswitch.miuiwindowdecor.decoration.MiuiDecorationController.relayout:4 com.android.wm.shell.multitasking.miuimultiwinswitch.miuiwindowdecor.MulWinSwitchDecorViewModel.lambda$relayoutDecorations$11:5 com.android.wm.shell.multitasking.miuimultiwinswitch.miuiwindowdecor.MulWinSwitchDecorViewModel.$r8$lambda$MqSeEEmyfz6mNfEbbBsEI7ZCbd0:1 com.android.wm.shell.multitasking.miuimultiwinswitch.miuiwindowdecor.MulWinSwitchDecorViewModel$$ExternalSyntheticLambda9.accept:10 java.util.concurrent.ConcurrentHashMap.forEach:1624 
06-28 14:53:16.799 D/MiuiDecorationController(22177): relayout::taskId=10062, visible=true, bounds=Rect(0, 0 - 1220, 2712), focused=false, oldImmersive=false, newImmersive=false, windowMode=1, activityType=1, displayId=0, baseActivity=ComponentInfo{com.anubis/com.anubis.loader.proxy.ProxyActivity$P0}, topActivity=ComponentInfo{com.anubis/com.anubis.loader.proxy.ProxyActivity$P0}, callers=com.android.wm.shell.multitasking.miuimultiwinswitch.miuiwindowdecor.decoration.MiuiDecorationController.relayout:4 com.android.wm.shell.multitasking.miuimultiwinswitch.miuiwindowdecor.MulWinSwitchDecorViewModel.lambda$relayoutDecorations$11:5 com.android.wm.shell.multitasking.miuimultiwinswitch.miuiwindowdecor.MulWinSwitchDecorViewModel.$r8$lambda$MqSeEEmyfz6mNfEbbBsEI7ZCbd0:1 com.android.wm.shell.multitasking.miuimultiwinswitch.miuiwindowdecor.MulWinSwitchDecorViewModel$$ExternalSyntheticLambda9.accept:10 java.util.concurrent.ConcurrentHashMap.forEach:1624 
06-28 14:53:16.800 D/MiuiDecorationController(22177): relayout::taskId=10096, visible=true, bounds=Rect(0, 0 - 1220, 2712), focused=true, oldImmersive=false, newImmersive=false, windowMode=1, activityType=1, displayId=0, baseActivity=ComponentInfo{com.anubis/com.anubis.loader.proxy.ProxyActivity$P0}, topActivity=ComponentInfo{com.anubis/com.anubis.loader.proxy.ProxyActivity$P0}, callers=com.android.wm.shell.multitasking.miuimultiwinswitch.miuiwindowdecor.decoration.MiuiDecorationController.relayout:4 com.android.wm.shell.multitasking.miuimultiwinswitch.miuiwindowdecor.MulWinSwitchDecorViewModel.lambda$relayoutDecorations$11:5 com.android.wm.shell.multitasking.miuimultiwinswitch.miuiwindowdecor.MulWinSwitchDecorViewModel.$r8$lambda$MqSeEEmyfz6mNfEbbBsEI7ZCbd0:1 com.android.wm.shell.multitasking.miuimultiwinswitch.miuiwindowdecor.MulWinSwitchDecorViewModel$$ExternalSyntheticLambda9.accept:10 java.util.concurrent.ConcurrentHashMap.forEach:1624 
06-28 14:53:16.801 D/MiuiDecorationController(22177): relayout::taskId=9873, visible=true, bounds=Rect(0, 0 - 2712, 1220), focused=true, oldImmersive=false, newImmersive=false, windowMode=1, activityType=1, displayId=0, baseActivity=ComponentInfo{com.anubis/com.anubis.loader.proxy.ProxyActivity$P0}, topActivity=ComponentInfo{com.anubis/com.anubis.loader.proxy.ProxyActivity$P0}, callers=com.android.wm.shell.multitasking.miuimultiwinswitch.miuiwindowdecor.decoration.MiuiDecorationController.relayout:4 com.android.wm.shell.multitasking.miuimultiwinswitch.miuiwindowdecor.MulWinSwitchDecorViewModel.lambda$relayoutDecorations$11:5 com.android.wm.shell.multitasking.miuimultiwinswitch.miuiwindowdecor.MulWinSwitchDecorViewModel.$r8$lambda$MqSeEEmyfz6mNfEbbBsEI7ZCbd0:1 com.android.wm.shell.multitasking.miuimultiwinswitch.miuiwindowdecor.MulWinSwitchDecorViewModel$$ExternalSyntheticLambda9.accept:10 java.util.concurrent.ConcurrentHashMap.forEach:1624 
06-28 14:53:16.802 D/MiuiDecorationController(22177): relayout::taskId=9938, visible=true, bounds=Rect(0, 0 - 1220, 2712), focused=true, oldImmersive=false, newImmersive=false, windowMode=1, activityType=1, displayId=0, baseActivity=ComponentInfo{com.anubis/com.anubis.loader.proxy.ProxyActivity$P0}, topActivity=ComponentInfo{com.anubis/com.anubis.loader.proxy.ProxyActivity$P0}, callers=com.android.wm.shell.multitasking.miuimultiwinswitch.miuiwindowdecor.decoration.MiuiDecorationController.relayout:4 com.android.wm.shell.multitasking.miuimultiwinswitch.miuiwindowdecor.MulWinSwitchDecorViewModel.lambda$relayoutDecorations$11:5 com.android.wm.shell.multitasking.miuimultiwinswitch.miuiwindowdecor.MulWinSwitchDecorViewModel.$r8$lambda$MqSeEEmyfz6mNfEbbBsEI7ZCbd0:1 com.android.wm.shell.multitasking.miuimultiwinswitch.miuiwindowdecor.MulWinSwitchDecorViewModel$$ExternalSyntheticLambda9.accept:10 java.util.concurrent.ConcurrentHashMap.forEach:1624 
06-28 14:53:16.803 D/MiuiDecorationController(22177): relayout::taskId=10130, visible=true, bounds=Rect(0, 0 - 2712, 1220), focused=true, oldImmersive=false, newImmersive=false, windowMode=1, activityType=1, displayId=0, baseActivity=ComponentInfo{com.anubis/com.anubis.loader.proxy.ProxyActivity$P0}, topActivity=ComponentInfo{com.anubis/com.anubis.loader.proxy.ProxyActivity$P0}, callers=com.android.wm.shell.multitasking.miuimultiwinswitch.miuiwindowdecor.decoration.MiuiDecorationController.relayout:4 com.android.wm.shell.multitasking.miuimultiwinswitch.miuiwindowdecor.MulWinSwitchDecorViewModel.lambda$relayoutDecorations$11:5 com.android.wm.shell.multitasking.miuimultiwinswitch.miuiwindowdecor.MulWinSwitchDecorViewModel.$r8$lambda$MqSeEEmyfz6mNfEbbBsEI7ZCbd0:1 com.android.wm.shell.multitasking.miuimultiwinswitch.miuiwindowdecor.MulWinSwitchDecorViewModel$$ExternalSyntheticLambda9.accept:10 java.util.concurrent.ConcurrentHashMap.forEach:1624 
